Command line invocation:
    /Applications/Xcode.app/Contents/Developer/usr/bin/xcodebuild -project SciTechHub.xcodeproj -scheme SciTechHub -sdk iphonesimulator -configuration Debug build CODE_SIGNING_ALLOWED=NO

Build settings from command line:
    CODE_SIGNING_ALLOWED = NO
    SDKROOT = iphonesimulator26.4

Resolve Package Graph


Resolved source packages:
  GoogleAppMeasurement: https://github.com/google/GoogleAppMeasurement.git @ 12.12.1
  abseil: https://github.com/google/abseil-cpp-binary.git @ 1.2024072200.0
  AppCheck: https://github.com/google/app-check.git @ 11.2.0
  nanopb: https://github.com/firebase/nanopb.git @ 2.30910.0
  GoogleDataTransport: https://github.com/google/GoogleDataTransport.git @ 10.1.0
  GTMSessionFetcher: https://github.com/google/gtm-session-fetcher.git @ 5.2.0
  leveldb: https://github.com/firebase/leveldb.git @ 1.22.5
  Promises: https://github.com/google/promises.git @ 2.4.0
  InteropForGoogle: https://github.com/google/interop-ios-for-google-sdks.git @ 101.0.0
  GoogleUtilities: https://github.com/google/GoogleUtilities.git @ 8.1.0
  Firebase: https://github.com/firebase/firebase-ios-sdk @ 12.12.1
  GoogleAdsOnDeviceConversion: https://github.com/googleads/google-ads-on-device-conversion-ios-sdk @ 3.5.0
  gRPC: https://github.com/google/grpc-binary.git @ 1.69.1

2026-04-20 23:45:15.873 xcodebuild[39061:491702] [MT] IDERunDestination: Supported platforms for the buildables in the current scheme is empty.
--- xcodebuild: WARNING: Using the first of multiple matching destinations:
{ platform:iOS Simulator, id:dvtdevice-DVTiOSDeviceSimulatorPlaceholder-iphonesimulator:placeholder, name:Any iOS Simulator Device }
{ platform:iOS Simulator, arch:arm64, id:E37C3457-2780-4094-BCD6-2C8BB676B2FA, OS:26.4.1, name:iPad (A16) }
{ platform:iOS Simulator, arch:arm64, id:1C2EDC86-7B86-47BD-8DB4-81EE82B05BFC, OS:26.4.1, name:iPad Air 11-inch (M4) }
{ platform:iOS Simulator, arch:arm64, id:5EB97900-0F92-41D9-B7E0-421EDDBE0F1E, OS:26.4.1, name:iPad Air 13-inch (M4) }
{ platform:iOS Simulator, arch:arm64, id:F7DC288D-DD1E-429C-9DC5-BE3DC3A0E7C4, OS:26.4.1, name:iPad Pro 11-inch (M5) }
{ platform:iOS Simulator, arch:arm64, id:FCB26CE7-E832-49F6-82E9-1FC78B3B4701, OS:26.4.1, name:iPad Pro 13-inch (M5) }
{ platform:iOS Simulator, arch:arm64, id:DF5788B7-1AF7-4045-BB1D-061F6BD19F3F, OS:26.4.1, name:iPad mini (A17 Pro) }
{ platform:iOS Simulator, arch:arm64, id:E16170FB-5302-4403-A8CD-CBADBED715FB, OS:26.4.1, name:iPhone 17 }
{ platform:iOS Simulator, arch:arm64, id:C965AA69-58D9-430F-A481-609E629300E7, OS:26.4.1, name:iPhone 17 Pro }
{ platform:iOS Simulator, arch:arm64, id:37B5AC79-9FB6-4387-8E61-B3DFED366B35, OS:26.4.1, name:iPhone 17 Pro Max }
{ platform:iOS Simulator, arch:arm64, id:990E0FAA-87A4-4729-B2CA-46F7761A34AA, OS:26.4.1, name:iPhone 17e }
{ platform:iOS Simulator, arch:arm64, id:68E4A867-B816-4203-A6F5-72E704956A9C, OS:26.4.1, name:iPhone Air }
{ platform:macOS, arch:arm64, variant:Designed for [iPad,iPhone], id:00008132-001A2014020B801C, name:My Mac }
{ platform:iOS, id:dvtdevice-DVTiPhonePlaceholder-iphoneos:placeholder, name:Any iOS Device }
ComputePackagePrebuildTargetDependencyGraph

Prepare packages

CreateBuildRequest

SendProjectDescription

CreateBuildOperation

ComputeTargetDependencyGraph
note: Building targets in dependency order
note: Target dependency graph (79 targets)
    Target 'SciTechHub' in project 'SciTechHub'
        ➜ Explicit dependency on target 'FirebaseAnalytics' in project 'Firebase'
        ➜ Explicit dependency on target 'FirebaseStorage' in project 'Firebase'
        ➜ Explicit dependency on target 'FirebaseAuth' in project 'Firebase'
        ➜ Explicit dependency on target 'FirebaseFirestore' in project 'Firebase'
    Target 'FirebaseFirestore' in project 'Firebase'
        ➜ Explicit dependency on target 'FirebaseFirestoreTarget' in project 'Firebase'
        ➜ Explicit dependency on target 'FirebaseFirestoreInternalWrapper' in project 'Firebase'
        ➜ Explicit dependency on target 'FirebaseAppCheckInterop' in project 'Firebase'
        ➜ Explicit dependency on target 'Firebase' in project 'Firebase'
        ➜ Explicit dependency on target 'FirebaseCoreInternal' in project 'Firebase'
        ➜ Explicit dependency on target 'FirebaseCore' in project 'Firebase'
        ➜ Explicit dependency on target 'FirebaseCoreExtension' in project 'Firebase'
        ➜ Explicit dependency on target 'FirebaseSharedSwift' in project 'Firebase'
        ➜ Explicit dependency on target 'FirebaseFirestore' in project 'Firebase'
        ➜ Explicit dependency on target 'GULNSData' in project 'GoogleUtilities'
        ➜ Explicit dependency on target 'GULEnvironment' in project 'GoogleUtilities'
        ➜ Explicit dependency on target 'GULLogger' in project 'GoogleUtilities'
        ➜ Explicit dependency on target 'abseil' in project 'abseil'
        ➜ Explicit dependency on target 'gRPC-C++' in project 'gRPC'
        ➜ Explicit dependency on target 'nanopb' in project 'nanopb'
        ➜ Explicit dependency on target 'leveldb' in project 'leveldb'
    Target 'FirebaseFirestoreTarget' in project 'Firebase'
        ➜ Explicit dependency on target 'FirebaseFirestoreInternalWrapper' in project 'Firebase'
        ➜ Explicit dependency on target 'FirebaseAppCheckInterop' in project 'Firebase'
        ➜ Explicit dependency on target 'Firebase' in project 'Firebase'
        ➜ Explicit dependency on target 'FirebaseCoreInternal' in project 'Firebase'
        ➜ Explicit dependency on target 'FirebaseCore' in project 'Firebase'
        ➜ Explicit dependency on target 'FirebaseCoreExtension' in project 'Firebase'
        ➜ Explicit dependency on target 'FirebaseSharedSwift' in project 'Firebase'
        ➜ Explicit dependency on target 'FirebaseFirestore' in project 'Firebase'
        ➜ Explicit dependency on target 'GULNSData' in project 'GoogleUtilities'
        ➜ Explicit dependency on target 'GULEnvironment' in project 'GoogleUtilities'
        ➜ Explicit dependency on target 'GULLogger' in project 'GoogleUtilities'
        ➜ Explicit dependency on target 'abseil' in project 'abseil'
        ➜ Explicit dependency on target 'gRPC-C++' in project 'gRPC'
        ➜ Explicit dependency on target 'nanopb' in project 'nanopb'
        ➜ Explicit dependency on target 'leveldb' in project 'leveldb'
    Target 'FirebaseFirestore' in project 'Firebase'
        ➜ Explicit dependency on target 'Firebase_FirebaseFirestore' in project 'Firebase'
        ➜ Explicit dependency on target 'FirebaseFirestoreInternalWrapper' in project 'Firebase'
        ➜ Explicit dependency on target 'FirebaseAppCheckInterop' in project 'Firebase'
        ➜ Explicit dependency on target 'Firebase' in project 'Firebase'
        ➜ Explicit dependency on target 'FirebaseCoreInternal' in project 'Firebase'
        ➜ Explicit dependency on target 'FirebaseCore' in project 'Firebase'
        ➜ Explicit dependency on target 'FirebaseCoreExtension' in project 'Firebase'
        ➜ Explicit dependency on target 'FirebaseSharedSwift' in project 'Firebase'
        ➜ Explicit dependency on target 'GULNSData' in project 'GoogleUtilities'
        ➜ Explicit dependency on target 'GULEnvironment' in project 'GoogleUtilities'
        ➜ Explicit dependency on target 'GULLogger' in project 'GoogleUtilities'
        ➜ Explicit dependency on target 'abseil' in project 'abseil'
        ➜ Explicit dependency on target 'gRPC-C++' in project 'gRPC'
        ➜ Explicit dependency on target 'nanopb' in project 'nanopb'
        ➜ Explicit dependency on target 'leveldb' in project 'leveldb'
    Target 'leveldb' in project 'leveldb'
        ➜ Explicit dependency on target 'leveldb' in project 'leveldb'
        ➜ Explicit dependency on target 'leveldb_leveldb' in project 'leveldb'
    Target 'leveldb' in project 'leveldb'
        ➜ Explicit dependency on target 'leveldb_leveldb' in project 'leveldb'
    Target 'leveldb_leveldb' in project 'leveldb' (no dependencies)
    Target 'gRPC-C++' in project 'gRPC'
        ➜ Explicit dependency on target 'grpcppWrapper' in project 'gRPC'
        ➜ Explicit dependency on target 'gRPC_grpcppWrapper' in project 'gRPC'
        ➜ Explicit dependency on target 'grpcWrapper' in project 'gRPC'
        ➜ Explicit dependency on target 'opensslWrapper' in project 'gRPC'
        ➜ Explicit dependency on target 'abseil' in project 'abseil'
    Target 'grpcppWrapper' in project 'gRPC'
        ➜ Explicit dependency on target 'gRPC_grpcppWrapper' in project 'gRPC'
        ➜ Explicit dependency on target 'grpcWrapper' in project 'gRPC'
        ➜ Explicit dependency on target 'opensslWrapper' in project 'gRPC'
        ➜ Explicit dependency on target 'abseil' in project 'abseil'
    Target 'opensslWrapper' in project 'gRPC'
        ➜ Explicit dependency on target 'gRPC_opensslWrapper' in project 'gRPC'
    Target 'gRPC_opensslWrapper' in project 'gRPC' (no dependencies)
    Target 'grpcWrapper' in project 'gRPC'
        ➜ Explicit dependency on target 'gRPC_grpcWrapper' in project 'gRPC'
    Target 'gRPC_grpcWrapper' in project 'gRPC' (no dependencies)
    Target 'gRPC_grpcppWrapper' in project 'gRPC' (no dependencies)
    Target 'abseil' in project 'abseil'
        ➜ Explicit dependency on target 'abslWrapper' in project 'abseil'
        ➜ Explicit dependency on target 'abseil_abslWrapper' in project 'abseil'
    Target 'abslWrapper' in project 'abseil'
        ➜ Explicit dependency on target 'abseil_abslWrapper' in project 'abseil'
    Target 'abseil_abslWrapper' in project 'abseil' (no dependencies)
    Target 'Firebase_FirebaseFirestore' in project 'Firebase' (no dependencies)
    Target 'FirebaseSharedSwift' in project 'Firebase' (no dependencies)
    Target 'FirebaseFirestoreInternalWrapper' in project 'Firebase' (no dependencies)
    Target 'FirebaseAuth' in project 'Firebase'
        ➜ Explicit dependency on target 'FirebaseAuth' in project 'Firebase'
        ➜ Explicit dependency on target 'Firebase_FirebaseAuth' in project 'Firebase'
        ➜ Explicit dependency on target 'FirebaseAppCheckInterop' in project 'Firebase'
        ➜ Explicit dependency on target 'FirebaseAuthInterop' in project 'Firebase'
        ➜ Explicit dependency on target 'FirebaseAuthInternal' in project 'Firebase'
        ➜ Explicit dependency on target 'Firebase' in project 'Firebase'
        ➜ Explicit dependency on target 'FirebaseCoreInternal' in project 'Firebase'
        ➜ Explicit dependency on target 'FirebaseCore' in project 'Firebase'
        ➜ Explicit dependency on target 'FirebaseCoreExtension' in project 'Firebase'
        ➜ Explicit dependency on target 'RecaptchaInterop' in project 'InteropForGoogle'
        ➜ Explicit dependency on target 'GULNSData' in project 'GoogleUtilities'
        ➜ Explicit dependency on target 'GULEnvironment' in project 'GoogleUtilities'
        ➜ Explicit dependency on target 'GULLogger' in project 'GoogleUtilities'
        ➜ Explicit dependency on target 'GULAppDelegateSwizzler' in project 'GoogleUtilities'
        ➜ Explicit dependency on target 'GTMSessionFetcherCore' in project 'GTMSessionFetcher'
    Target 'FirebaseAuth' in project 'Firebase'
        ➜ Explicit dependency on target 'Firebase_FirebaseAuth' in project 'Firebase'
        ➜ Explicit dependency on target 'FirebaseAppCheckInterop' in project 'Firebase'
        ➜ Explicit dependency on target 'FirebaseAuthInterop' in project 'Firebase'
        ➜ Explicit dependency on target 'FirebaseAuthInternal' in project 'Firebase'
        ➜ Explicit dependency on target 'Firebase' in project 'Firebase'
        ➜ Explicit dependency on target 'FirebaseCoreInternal' in project 'Firebase'
        ➜ Explicit dependency on target 'FirebaseCore' in project 'Firebase'
        ➜ Explicit dependency on target 'FirebaseCoreExtension' in project 'Firebase'
        ➜ Explicit dependency on target 'RecaptchaInterop' in project 'InteropForGoogle'
        ➜ Explicit dependency on target 'GULNSData' in project 'GoogleUtilities'
        ➜ Explicit dependency on target 'GULEnvironment' in project 'GoogleUtilities'
        ➜ Explicit dependency on target 'GULLogger' in project 'GoogleUtilities'
        ➜ Explicit dependency on target 'GULAppDelegateSwizzler' in project 'GoogleUtilities'
        ➜ Explicit dependency on target 'GTMSessionFetcherCore' in project 'GTMSessionFetcher'
    Target 'FirebaseAuthInternal' in project 'Firebase'
        ➜ Explicit dependency on target 'RecaptchaInterop' in project 'InteropForGoogle'
    Target 'RecaptchaInterop' in project 'InteropForGoogle'
        ➜ Explicit dependency on target 'RecaptchaInterop' in project 'InteropForGoogle'
    Target 'RecaptchaInterop' in project 'InteropForGoogle' (no dependencies)
    Target 'Firebase_FirebaseAuth' in project 'Firebase' (no dependencies)
    Target 'FirebaseStorage' in project 'Firebase'
        ➜ Explicit dependency on target 'FirebaseStorage' in project 'Firebase'
        ➜ Explicit dependency on target 'FirebaseAppCheckInterop' in project 'Firebase'
        ➜ Explicit dependency on target 'FirebaseAuthInterop' in project 'Firebase'
        ➜ Explicit dependency on target 'Firebase' in project 'Firebase'
        ➜ Explicit dependency on target 'FirebaseCoreInternal' in project 'Firebase'
        ➜ Explicit dependency on target 'FirebaseCore' in project 'Firebase'
        ➜ Explicit dependency on target 'FirebaseCoreExtension' in project 'Firebase'
        ➜ Explicit dependency on target 'GULNSData' in project 'GoogleUtilities'
        ➜ Explicit dependency on target 'GULEnvironment' in project 'GoogleUtilities'
        ➜ Explicit dependency on target 'GULLogger' in project 'GoogleUtilities'
        ➜ Explicit dependency on target 'GTMSessionFetcherCore' in project 'GTMSessionFetcher'
    Target 'FirebaseStorage' in project 'Firebase'
        ➜ Explicit dependency on target 'FirebaseAppCheckInterop' in project 'Firebase'
        ➜ Explicit dependency on target 'FirebaseAuthInterop' in project 'Firebase'
        ➜ Explicit dependency on target 'Firebase' in project 'Firebase'
        ➜ Explicit dependency on target 'FirebaseCoreInternal' in project 'Firebase'
        ➜ Explicit dependency on target 'FirebaseCore' in project 'Firebase'
        ➜ Explicit dependency on target 'FirebaseCoreExtension' in project 'Firebase'
        ➜ Explicit dependency on target 'GULNSData' in project 'GoogleUtilities'
        ➜ Explicit dependency on target 'GULEnvironment' in project 'GoogleUtilities'
        ➜ Explicit dependency on target 'GULLogger' in project 'GoogleUtilities'
        ➜ Explicit dependency on target 'GTMSessionFetcherCore' in project 'GTMSessionFetcher'
    Target 'GTMSessionFetcherCore' in project 'GTMSessionFetcher'
        ➜ Explicit dependency on target 'GTMSessionFetcherCore' in project 'GTMSessionFetcher'
        ➜ Explicit dependency on target 'GTMSessionFetcher_GTMSessionFetcherCore' in project 'GTMSessionFetcher'
    Target 'GTMSessionFetcherCore' in project 'GTMSessionFetcher'
        ➜ Explicit dependency on target 'GTMSessionFetcher_GTMSessionFetcherCore' in project 'GTMSessionFetcher'
    Target 'GTMSessionFetcher_GTMSessionFetcherCore' in project 'GTMSessionFetcher' (no dependencies)
    Target 'FirebaseCoreExtension' in project 'Firebase'
        ➜ Explicit dependency on target 'Firebase_FirebaseCoreExtension' in project 'Firebase'
    Target 'Firebase_FirebaseCoreExtension' in project 'Firebase' (no dependencies)
    Target 'FirebaseAuthInterop' in project 'Firebase' (no dependencies)
    Target 'FirebaseAppCheckInterop' in project 'Firebase' (no dependencies)
    Target 'FirebaseAnalytics' in project 'Firebase'
        ➜ Explicit dependency on target 'FirebaseAnalyticsTarget' in project 'Firebase'
        ➜ Explicit dependency on target 'Firebase' in project 'Firebase'
        ➜ Explicit dependency on target 'FirebaseCoreInternal' in project 'Firebase'
        ➜ Explicit dependency on target 'FirebaseCore' in project 'Firebase'
        ➜ Explicit dependency on target 'FirebaseInstallations' in project 'Firebase'
        ➜ Explicit dependency on target 'FirebaseAnalyticsWrapper' in project 'Firebase'
        ➜ Explicit dependency on target 'GULNSData' in project 'GoogleUtilities'
        ➜ Explicit dependency on target 'GULEnvironment' in project 'GoogleUtilities'
        ➜ Explicit dependency on target 'GULLogger' in project 'GoogleUtilities'
        ➜ Explicit dependency on target 'FBLPromises' in project 'Promises'
        ➜ Explicit dependency on target 'GULUserDefaults' in project 'GoogleUtilities'
        ➜ Explicit dependency on target 'GoogleAppMeasurement' in project 'GoogleAppMeasurement'
        ➜ Explicit dependency on target 'GULAppDelegateSwizzler' in project 'GoogleUtilities'
        ➜ Explicit dependency on target 'GULMethodSwizzler' in project 'GoogleUtilities'
        ➜ Explicit dependency on target 'GULNetwork' in project 'GoogleUtilities'
        ➜ Explicit dependency on target 'nanopb' in project 'nanopb'
    Target 'FirebaseAnalyticsTarget' in project 'Firebase'
        ➜ Explicit dependency on target 'Firebase' in project 'Firebase'
        ➜ Explicit dependency on target 'FirebaseCoreInternal' in project 'Firebase'
        ➜ Explicit dependency on target 'FirebaseCore' in project 'Firebase'
        ➜ Explicit dependency on target 'FirebaseInstallations' in project 'Firebase'
        ➜ Explicit dependency on target 'FirebaseAnalyticsWrapper' in project 'Firebase'
        ➜ Explicit dependency on target 'GULNSData' in project 'GoogleUtilities'
        ➜ Explicit dependency on target 'GULEnvironment' in project 'GoogleUtilities'
        ➜ Explicit dependency on target 'GULLogger' in project 'GoogleUtilities'
        ➜ Explicit dependency on target 'FBLPromises' in project 'Promises'
        ➜ Explicit dependency on target 'GULUserDefaults' in project 'GoogleUtilities'
        ➜ Explicit dependency on target 'GoogleAppMeasurement' in project 'GoogleAppMeasurement'
        ➜ Explicit dependency on target 'GULAppDelegateSwizzler' in project 'GoogleUtilities'
        ➜ Explicit dependency on target 'GULMethodSwizzler' in project 'GoogleUtilities'
        ➜ Explicit dependency on target 'GULNetwork' in project 'GoogleUtilities'
        ➜ Explicit dependency on target 'nanopb' in project 'nanopb'
    Target 'FirebaseAnalyticsWrapper' in project 'Firebase'
        ➜ Explicit dependency on target 'Firebase' in project 'Firebase'
        ➜ Explicit dependency on target 'FirebaseCoreInternal' in project 'Firebase'
        ➜ Explicit dependency on target 'FirebaseCore' in project 'Firebase'
        ➜ Explicit dependency on target 'FirebaseInstallations' in project 'Firebase'
        ➜ Explicit dependency on target 'GULNSData' in project 'GoogleUtilities'
        ➜ Explicit dependency on target 'GULEnvironment' in project 'GoogleUtilities'
        ➜ Explicit dependency on target 'GULLogger' in project 'GoogleUtilities'
        ➜ Explicit dependency on target 'FBLPromises' in project 'Promises'
        ➜ Explicit dependency on target 'GULUserDefaults' in project 'GoogleUtilities'
        ➜ Explicit dependency on target 'GoogleAppMeasurement' in project 'GoogleAppMeasurement'
        ➜ Explicit dependency on target 'GULAppDelegateSwizzler' in project 'GoogleUtilities'
        ➜ Explicit dependency on target 'GULMethodSwizzler' in project 'GoogleUtilities'
        ➜ Explicit dependency on target 'GULNetwork' in project 'GoogleUtilities'
        ➜ Explicit dependency on target 'nanopb' in project 'nanopb'
    Target 'GoogleAppMeasurement' in project 'GoogleAppMeasurement'
        ➜ Explicit dependency on target 'GoogleAppMeasurementTarget' in project 'GoogleAppMeasurement'
        ➜ Explicit dependency on target 'GULAppDelegateSwizzler' in project 'GoogleUtilities'
        ➜ Explicit dependency on target 'GULMethodSwizzler' in project 'GoogleUtilities'
        ➜ Explicit dependency on target 'GULNSData' in project 'GoogleUtilities'
        ➜ Explicit dependency on target 'GULNetwork' in project 'GoogleUtilities'
        ➜ Explicit dependency on target 'GULLogger' in project 'GoogleUtilities'
        ➜ Explicit dependency on target 'GULEnvironment' in project 'GoogleUtilities'
        ➜ Explicit dependency on target 'nanopb' in project 'nanopb'
        ➜ Explicit dependency on target 'GoogleAdsOnDeviceConversion' in project 'GoogleAdsOnDeviceConversion'
    Target 'GoogleAppMeasurementTarget' in project 'GoogleAppMeasurement'
        ➜ Explicit dependency on target 'GULAppDelegateSwizzler' in project 'GoogleUtilities'
        ➜ Explicit dependency on target 'GULMethodSwizzler' in project 'GoogleUtilities'
        ➜ Explicit dependency on target 'GULNSData' in project 'GoogleUtilities'
        ➜ Explicit dependency on target 'GULNetwork' in project 'GoogleUtilities'
        ➜ Explicit dependency on target 'GULLogger' in project 'GoogleUtilities'
        ➜ Explicit dependency on target 'GULEnvironment' in project 'GoogleUtilities'
        ➜ Explicit dependency on target 'nanopb' in project 'nanopb'
        ➜ Explicit dependency on target 'GoogleAdsOnDeviceConversion' in project 'GoogleAdsOnDeviceConversion'
    Target 'GoogleAdsOnDeviceConversion' in project 'GoogleAdsOnDeviceConversion'
        ➜ Explicit dependency on target 'GoogleAdsOnDeviceConversionTarget' in project 'GoogleAdsOnDeviceConversion'
        ➜ Explicit dependency on target 'GULEnvironment' in project 'GoogleUtilities'
        ➜ Explicit dependency on target 'GULLogger' in project 'GoogleUtilities'
        ➜ Explicit dependency on target 'GULNetwork' in project 'GoogleUtilities'
        ➜ Explicit dependency on target 'nanopb' in project 'nanopb'
    Target 'GoogleAdsOnDeviceConversionTarget' in project 'GoogleAdsOnDeviceConversion'
        ➜ Explicit dependency on target 'GULEnvironment' in project 'GoogleUtilities'
        ➜ Explicit dependency on target 'GULLogger' in project 'GoogleUtilities'
        ➜ Explicit dependency on target 'GULNetwork' in project 'GoogleUtilities'
        ➜ Explicit dependency on target 'nanopb' in project 'nanopb'
    Target 'nanopb' in project 'nanopb'
        ➜ Explicit dependency on target 'nanopb' in project 'nanopb'
        ➜ Explicit dependency on target 'nanopb_nanopb' in project 'nanopb'
    Target 'nanopb' in project 'nanopb'
        ➜ Explicit dependency on target 'nanopb_nanopb' in project 'nanopb'
    Target 'nanopb_nanopb' in project 'nanopb' (no dependencies)
    Target 'GULNetwork' in project 'GoogleUtilities'
        ➜ Explicit dependency on target 'GoogleUtilities-Network' in project 'GoogleUtilities'
        ➜ Explicit dependency on target 'GoogleUtilities_GoogleUtilities-Network' in project 'GoogleUtilities'
        ➜ Explicit dependency on target 'third-party-IsAppEncrypted' in project 'GoogleUtilities'
        ➜ Explicit dependency on target 'GoogleUtilities-Environment' in project 'GoogleUtilities'
        ➜ Explicit dependency on target 'GoogleUtilities-Logger' in project 'GoogleUtilities'
        ➜ Explicit dependency on target 'GoogleUtilities-NSData' in project 'GoogleUtilities'
        ➜ Explicit dependency on target 'GoogleUtilities-Reachability' in project 'GoogleUtilities'
    Target 'GULMethodSwizzler' in project 'GoogleUtilities'
        ➜ Explicit dependency on target 'GoogleUtilities-MethodSwizzler' in project 'GoogleUtilities'
        ➜ Explicit dependency on target 'GoogleUtilities_GoogleUtilities-MethodSwizzler' in project 'GoogleUtilities'
        ➜ Explicit dependency on target 'third-party-IsAppEncrypted' in project 'GoogleUtilities'
        ➜ Explicit dependency on target 'GoogleUtilities-Environment' in project 'GoogleUtilities'
        ➜ Explicit dependency on target 'GoogleUtilities-Logger' in project 'GoogleUtilities'
    Target 'GoogleUtilities-MethodSwizzler' in project 'GoogleUtilities'
        ➜ Explicit dependency on target 'GoogleUtilities_GoogleUtilities-MethodSwizzler' in project 'GoogleUtilities'
        ➜ Explicit dependency on target 'third-party-IsAppEncrypted' in project 'GoogleUtilities'
        ➜ Explicit dependency on target 'GoogleUtilities-Environment' in project 'GoogleUtilities'
        ➜ Explicit dependency on target 'GoogleUtilities-Logger' in project 'GoogleUtilities'
    Target 'GoogleUtilities_GoogleUtilities-MethodSwizzler' in project 'GoogleUtilities' (no dependencies)
    Target 'GULAppDelegateSwizzler' in project 'GoogleUtilities'
        ➜ Explicit dependency on target 'GoogleUtilities-AppDelegateSwizzler' in project 'GoogleUtilities'
        ➜ Explicit dependency on target 'GoogleUtilities_GoogleUtilities-AppDelegateSwizzler' in project 'GoogleUtilities'
        ➜ Explicit dependency on target 'third-party-IsAppEncrypted' in project 'GoogleUtilities'
        ➜ Explicit dependency on target 'GoogleUtilities-Environment' in project 'GoogleUtilities'
        ➜ Explicit dependency on target 'GoogleUtilities-Logger' in project 'GoogleUtilities'
        ➜ Explicit dependency on target 'GoogleUtilities-NSData' in project 'GoogleUtilities'
        ➜ Explicit dependency on target 'GoogleUtilities-Reachability' in project 'GoogleUtilities'
        ➜ Explicit dependency on target 'GoogleUtilities-Network' in project 'GoogleUtilities'
    Target 'GoogleUtilities-AppDelegateSwizzler' in project 'GoogleUtilities'
        ➜ Explicit dependency on target 'GoogleUtilities_GoogleUtilities-AppDelegateSwizzler' in project 'GoogleUtilities'
        ➜ Explicit dependency on target 'third-party-IsAppEncrypted' in project 'GoogleUtilities'
        ➜ Explicit dependency on target 'GoogleUtilities-Environment' in project 'GoogleUtilities'
        ➜ Explicit dependency on target 'GoogleUtilities-Logger' in project 'GoogleUtilities'
        ➜ Explicit dependency on target 'GoogleUtilities-NSData' in project 'GoogleUtilities'
        ➜ Explicit dependency on target 'GoogleUtilities-Reachability' in project 'GoogleUtilities'
        ➜ Explicit dependency on target 'GoogleUtilities-Network' in project 'GoogleUtilities'
    Target 'GoogleUtilities-Network' in project 'GoogleUtilities'
        ➜ Explicit dependency on target 'GoogleUtilities_GoogleUtilities-Network' in project 'GoogleUtilities'
        ➜ Explicit dependency on target 'third-party-IsAppEncrypted' in project 'GoogleUtilities'
        ➜ Explicit dependency on target 'GoogleUtilities-Environment' in project 'GoogleUtilities'
        ➜ Explicit dependency on target 'GoogleUtilities-Logger' in project 'GoogleUtilities'
        ➜ Explicit dependency on target 'GoogleUtilities-NSData' in project 'GoogleUtilities'
        ➜ Explicit dependency on target 'GoogleUtilities-Reachability' in project 'GoogleUtilities'
    Target 'GoogleUtilities_GoogleUtilities-Network' in project 'GoogleUtilities' (no dependencies)
    Target 'GoogleUtilities-Reachability' in project 'GoogleUtilities'
        ➜ Explicit dependency on target 'GoogleUtilities_GoogleUtilities-Reachability' in project 'GoogleUtilities'
        ➜ Explicit dependency on target 'third-party-IsAppEncrypted' in project 'GoogleUtilities'
        ➜ Explicit dependency on target 'GoogleUtilities-Environment' in project 'GoogleUtilities'
        ➜ Explicit dependency on target 'GoogleUtilities-Logger' in project 'GoogleUtilities'
    Target 'GoogleUtilities_GoogleUtilities-Reachability' in project 'GoogleUtilities' (no dependencies)
    Target 'GoogleUtilities_GoogleUtilities-AppDelegateSwizzler' in project 'GoogleUtilities' (no dependencies)
    Target 'FirebaseInstallations' in project 'Firebase'
        ➜ Explicit dependency on target 'Firebase_FirebaseInstallations' in project 'Firebase'
        ➜ Explicit dependency on target 'Firebase' in project 'Firebase'
        ➜ Explicit dependency on target 'FirebaseCoreInternal' in project 'Firebase'
        ➜ Explicit dependency on target 'FirebaseCore' in project 'Firebase'
        ➜ Explicit dependency on target 'GULNSData' in project 'GoogleUtilities'
        ➜ Explicit dependency on target 'GULEnvironment' in project 'GoogleUtilities'
        ➜ Explicit dependency on target 'GULLogger' in project 'GoogleUtilities'
        ➜ Explicit dependency on target 'FBLPromises' in project 'Promises'
        ➜ Explicit dependency on target 'GULUserDefaults' in project 'GoogleUtilities'
    Target 'GULUserDefaults' in project 'GoogleUtilities'
        ➜ Explicit dependency on target 'GoogleUtilities-UserDefaults' in project 'GoogleUtilities'
        ➜ Explicit dependency on target 'GoogleUtilities_GoogleUtilities-UserDefaults' in project 'GoogleUtilities'
        ➜ Explicit dependency on target 'third-party-IsAppEncrypted' in project 'GoogleUtilities'
        ➜ Explicit dependency on target 'GoogleUtilities-Environment' in project 'GoogleUtilities'
        ➜ Explicit dependency on target 'GoogleUtilities-Logger' in project 'GoogleUtilities'
    Target 'GoogleUtilities-UserDefaults' in project 'GoogleUtilities'
        ➜ Explicit dependency on target 'GoogleUtilities_GoogleUtilities-UserDefaults' in project 'GoogleUtilities'
        ➜ Explicit dependency on target 'third-party-IsAppEncrypted' in project 'GoogleUtilities'
        ➜ Explicit dependency on target 'GoogleUtilities-Environment' in project 'GoogleUtilities'
        ➜ Explicit dependency on target 'GoogleUtilities-Logger' in project 'GoogleUtilities'
    Target 'GoogleUtilities_GoogleUtilities-UserDefaults' in project 'GoogleUtilities' (no dependencies)
    Target 'FBLPromises' in project 'Promises'
        ➜ Explicit dependency on target 'FBLPromises' in project 'Promises'
        ➜ Explicit dependency on target 'Promises_FBLPromises' in project 'Promises'
    Target 'FBLPromises' in project 'Promises'
        ➜ Explicit dependency on target 'Promises_FBLPromises' in project 'Promises'
    Target 'Promises_FBLPromises' in project 'Promises' (no dependencies)
    Target 'Firebase_FirebaseInstallations' in project 'Firebase' (no dependencies)
    Target 'FirebaseCore' in project 'Firebase'
        ➜ Explicit dependency on target 'Firebase_FirebaseCore' in project 'Firebase'
        ➜ Explicit dependency on target 'Firebase' in project 'Firebase'
        ➜ Explicit dependency on target 'FirebaseCoreInternal' in project 'Firebase'
        ➜ Explicit dependency on target 'GULNSData' in project 'GoogleUtilities'
        ➜ Explicit dependency on target 'GULEnvironment' in project 'GoogleUtilities'
        ➜ Explicit dependency on target 'GULLogger' in project 'GoogleUtilities'
    Target 'GULLogger' in project 'GoogleUtilities'
        ➜ Explicit dependency on target 'GoogleUtilities-Logger' in project 'GoogleUtilities'
        ➜ Explicit dependency on target 'GoogleUtilities_GoogleUtilities-Logger' in project 'GoogleUtilities'
        ➜ Explicit dependency on target 'third-party-IsAppEncrypted' in project 'GoogleUtilities'
        ➜ Explicit dependency on target 'GoogleUtilities-Environment' in project 'GoogleUtilities'
    Target 'GoogleUtilities-Logger' in project 'GoogleUtilities'
        ➜ Explicit dependency on target 'GoogleUtilities_GoogleUtilities-Logger' in project 'GoogleUtilities'
        ➜ Explicit dependency on target 'third-party-IsAppEncrypted' in project 'GoogleUtilities'
        ➜ Explicit dependency on target 'GoogleUtilities-Environment' in project 'GoogleUtilities'
    Target 'GoogleUtilities_GoogleUtilities-Logger' in project 'GoogleUtilities' (no dependencies)
    Target 'GULEnvironment' in project 'GoogleUtilities'
        ➜ Explicit dependency on target 'GoogleUtilities-Environment' in project 'GoogleUtilities'
        ➜ Explicit dependency on target 'GoogleUtilities_GoogleUtilities-Environment' in project 'GoogleUtilities'
        ➜ Explicit dependency on target 'third-party-IsAppEncrypted' in project 'GoogleUtilities'
    Target 'GoogleUtilities-Environment' in project 'GoogleUtilities'
        ➜ Explicit dependency on target 'GoogleUtilities_GoogleUtilities-Environment' in project 'GoogleUtilities'
        ➜ Explicit dependency on target 'third-party-IsAppEncrypted' in project 'GoogleUtilities'
    Target 'third-party-IsAppEncrypted' in project 'GoogleUtilities' (no dependencies)
    Target 'GoogleUtilities_GoogleUtilities-Environment' in project 'GoogleUtilities' (no dependencies)
    Target 'Firebase_FirebaseCore' in project 'Firebase' (no dependencies)
    Target 'FirebaseCoreInternal' in project 'Firebase'
        ➜ Explicit dependency on target 'Firebase_FirebaseCoreInternal' in project 'Firebase'
        ➜ Explicit dependency on target 'GULNSData' in project 'GoogleUtilities'
    Target 'GULNSData' in project 'GoogleUtilities'
        ➜ Explicit dependency on target 'GoogleUtilities-NSData' in project 'GoogleUtilities'
        ➜ Explicit dependency on target 'GoogleUtilities_GoogleUtilities-NSData' in project 'GoogleUtilities'
    Target 'GoogleUtilities-NSData' in project 'GoogleUtilities'
        ➜ Explicit dependency on target 'GoogleUtilities_GoogleUtilities-NSData' in project 'GoogleUtilities'
    Target 'GoogleUtilities_GoogleUtilities-NSData' in project 'GoogleUtilities' (no dependencies)
    Target 'Firebase_FirebaseCoreInternal' in project 'Firebase' (no dependencies)
    Target 'Firebase' in project 'Firebase' (no dependencies)

GatherProvisioningInputs

CreateBuildDescription

ClangStatCache /Applications/Xcode.app/Contents/Developer/Toolchains/XcodeDefault.xctoolchain/usr/bin/clang-stat-cache /Applications/Xcode.app/Contents/Developer/Platforms/iPhoneSimulator.platform/Developer/SDKs/iPhoneSimulator26.4.sdk /Users/mahhhia/Library/Developer/Xcode/DerivedData/SDKStatCaches.noindex/iphonesimulator26.4-23E252-686eebb5dc1d8ecb277353a59184f4aa.sdkstatcache
    cd /Users/mahhhia/Documents/SciTechHub/SciTechHub.xcodeproj
    /Applications/Xcode.app/Contents/Developer/Toolchains/XcodeDefault.xctoolchain/usr/bin/clang-stat-cache /Applications/Xcode.app/Contents/Developer/Platforms/iPhoneSimulator.platform/Developer/SDKs/iPhoneSimulator26.4.sdk -o /Users/mahhhia/Library/Developer/Xcode/DerivedData/SDKStatCaches.noindex/iphonesimulator26.4-23E252-686eebb5dc1d8ecb277353a59184f4aa.sdkstatcache

ProcessInfoPlistFile /Users/mahhhia/Library/Developer/Xcode/DerivedData/SciTechHub-csrdwtxzhiubdrguqvixugviakdk/Build/Products/Debug-iphonesimulator/Firebase_FirebaseCoreInternal.bundle/Info.plist /Users/mahhhia/Library/Developer/Xcode/DerivedData/SciTechHub-csrdwtxzhiubdrguqvixugviakdk/Build/Intermediates.noindex/Firebase.build/Debug-iphonesimulator/Firebase_FirebaseCoreInternal.build/empty-Firebase_FirebaseCoreInternal.plist (in target 'Firebase_FirebaseCoreInternal' from project 'Firebase')
    cd /Users/mahhhia/Library/Developer/Xcode/DerivedData/SciTechHub-csrdwtxzhiubdrguqvixugviakdk/SourcePackages/checkouts/firebase-ios-sdk
    builtin-infoPlistUtility /Users/mahhhia/Library/Developer/Xcode/DerivedData/SciTechHub-csrdwtxzhiubdrguqvixugviakdk/Build/Intermediates.noindex/Firebase.build/Debug-iphonesimulator/Firebase_FirebaseCoreInternal.build/empty-Firebase_FirebaseCoreInternal.plist -producttype com.apple.product-type.bundle -expandbuildsettings -format binary -platform iphonesimulator -o /Users/mahhhia/Library/Developer/Xcode/DerivedData/SciTechHub-csrdwtxzhiubdrguqvixugviakdk/Build/Products/Debug-iphonesimulator/Firebase_FirebaseCoreInternal.bundle/Info.plist

ProcessInfoPlistFile /Users/mahhhia/Library/Developer/Xcode/DerivedData/SciTechHub-csrdwtxzhiubdrguqvixugviakdk/Build/Products/Debug-iphonesimulator/GTMSessionFetcher_GTMSessionFetcherCore.bundle/Info.plist /Users/mahhhia/Library/Developer/Xcode/DerivedData/SciTechHub-csrdwtxzhiubdrguqvixugviakdk/Build/Intermediates.noindex/GTMSessionFetcher.build/Debug-iphonesimulator/GTMSessionFetcher_GTMSessionFetcherCore.build/empty-GTMSessionFetcher_GTMSessionFetcherCore.plist (in target 'GTMSessionFetcher_GTMSessionFetcherCore' from project 'GTMSessionFetcher')
    cd /Users/mahhhia/Library/Developer/Xcode/DerivedData/SciTechHub-csrdwtxzhiubdrguqvixugviakdk/SourcePackages/checkouts/gtm-session-fetcher
    builtin-infoPlistUtility /Users/mahhhia/Library/Developer/Xcode/DerivedData/SciTechHub-csrdwtxzhiubdrguqvixugviakdk/Build/Intermediates.noindex/GTMSessionFetcher.build/Debug-iphonesimulator/GTMSessionFetcher_GTMSessionFetcherCore.build/empty-GTMSessionFetcher_GTMSessionFetcherCore.plist -producttype com.apple.product-type.bundle -expandbuildsettings -format binary -platform iphonesimulator -o /Users/mahhhia/Library/Developer/Xcode/DerivedData/SciTechHub-csrdwtxzhiubdrguqvixugviakdk/Build/Products/Debug-iphonesimulator/GTMSessionFetcher_GTMSessionFetcherCore.bundle/Info.plist

ProcessInfoPlistFile /Users/mahhhia/Library/Developer/Xcode/DerivedData/SciTechHub-csrdwtxzhiubdrguqvixugviakdk/Build/Products/Debug-iphonesimulator/Firebase_FirebaseCoreExtension.bundle/Info.plist /Users/mahhhia/Library/Developer/Xcode/DerivedData/SciTechHub-csrdwtxzhiubdrguqvixugviakdk/Build/Intermediates.noindex/Firebase.build/Debug-iphonesimulator/Firebase_FirebaseCoreExtension.build/empty-Firebase_FirebaseCoreExtension.plist (in target 'Firebase_FirebaseCoreExtension' from project 'Firebase')
    cd /Users/mahhhia/Library/Developer/Xcode/DerivedData/SciTechHub-csrdwtxzhiubdrguqvixugviakdk/SourcePackages/checkouts/firebase-ios-sdk
    builtin-infoPlistUtility /Users/mahhhia/Library/Developer/Xcode/DerivedData/SciTechHub-csrdwtxzhiubdrguqvixugviakdk/Build/Intermediates.noindex/Firebase.build/Debug-iphonesimulator/Firebase_FirebaseCoreExtension.build/empty-Firebase_FirebaseCoreExtension.plist -producttype com.apple.product-type.bundle -expandbuildsettings -format binary -platform iphonesimulator -o /Users/mahhhia/Library/Developer/Xcode/DerivedData/SciTechHub-csrdwtxzhiubdrguqvixugviakdk/Build/Products/Debug-iphonesimulator/Firebase_FirebaseCoreExtension.bundle/Info.plist

ProcessInfoPlistFile /Users/mahhhia/Library/Developer/Xcode/DerivedData/SciTechHub-csrdwtxzhiubdrguqvixugviakdk/Build/Products/Debug-iphonesimulator/gRPC_grpcppWrapper.bundle/Info.plist /Users/mahhhia/Library/Developer/Xcode/DerivedData/SciTechHub-csrdwtxzhiubdrguqvixugviakdk/Build/Intermediates.noindex/gRPC.build/Debug-iphonesimulator/gRPC_grpcppWrapper.build/empty-gRPC_grpcppWrapper.plist (in target 'gRPC_grpcppWrapper' from project 'gRPC')
    cd /Users/mahhhia/Library/Developer/Xcode/DerivedData/SciTechHub-csrdwtxzhiubdrguqvixugviakdk/SourcePackages/checkouts/grpc-binary
    builtin-infoPlistUtility /Users/mahhhia/Library/Developer/Xcode/DerivedData/SciTechHub-csrdwtxzhiubdrguqvixugviakdk/Build/Intermediates.noindex/gRPC.build/Debug-iphonesimulator/gRPC_grpcppWrapper.build/empty-gRPC_grpcppWrapper.plist -producttype com.apple.product-type.bundle -expandbuildsettings -format binary -platform iphonesimulator -o /Users/mahhhia/Library/Developer/Xcode/DerivedData/SciTechHub-csrdwtxzhiubdrguqvixugviakdk/Build/Products/Debug-iphonesimulator/gRPC_grpcppWrapper.bundle/Info.plist

ProcessInfoPlistFile /Users/mahhhia/Library/Developer/Xcode/DerivedData/SciTechHub-csrdwtxzhiubdrguqvixugviakdk/Build/Products/Debug-iphonesimulator/Promises_FBLPromises.bundle/Info.plist /Users/mahhhia/Library/Developer/Xcode/DerivedData/SciTechHub-csrdwtxzhiubdrguqvixugviakdk/Build/Intermediates.noindex/Promises.build/Debug-iphonesimulator/Promises_FBLPromises.build/empty-Promises_FBLPromises.plist (in target 'Promises_FBLPromises' from project 'Promises')
    cd /Users/mahhhia/Library/Developer/Xcode/DerivedData/SciTechHub-csrdwtxzhiubdrguqvixugviakdk/SourcePackages/checkouts/promises
    builtin-infoPlistUtility /Users/mahhhia/Library/Developer/Xcode/DerivedData/SciTechHub-csrdwtxzhiubdrguqvixugviakdk/Build/Intermediates.noindex/Promises.build/Debug-iphonesimulator/Promises_FBLPromises.build/empty-Promises_FBLPromises.plist -producttype com.apple.product-type.bundle -expandbuildsettings -format binary -platform iphonesimulator -o /Users/mahhhia/Library/Developer/Xcode/DerivedData/SciTechHub-csrdwtxzhiubdrguqvixugviakdk/Build/Products/Debug-iphonesimulator/Promises_FBLPromises.bundle/Info.plist

ProcessInfoPlistFile /Users/mahhhia/Library/Developer/Xcode/DerivedData/SciTechHub-csrdwtxzhiubdrguqvixugviakdk/Build/Products/Debug-iphonesimulator/nanopb_nanopb.bundle/Info.plist /Users/mahhhia/Library/Developer/Xcode/DerivedData/SciTechHub-csrdwtxzhiubdrguqvixugviakdk/Build/Intermediates.noindex/nanopb.build/Debug-iphonesimulator/nanopb_nanopb.build/empty-nanopb_nanopb.plist (in target 'nanopb_nanopb' from project 'nanopb')
    cd /Users/mahhhia/Library/Developer/Xcode/DerivedData/SciTechHub-csrdwtxzhiubdrguqvixugviakdk/SourcePackages/checkouts/nanopb
    builtin-infoPlistUtility /Users/mahhhia/Library/Developer/Xcode/DerivedData/SciTechHub-csrdwtxzhiubdrguqvixugviakdk/Build/Intermediates.noindex/nanopb.build/Debug-iphonesimulator/nanopb_nanopb.build/empty-nanopb_nanopb.plist -producttype com.apple.product-type.bundle -expandbuildsettings -format binary -platform iphonesimulator -o /Users/mahhhia/Library/Developer/Xcode/DerivedData/SciTechHub-csrdwtxzhiubdrguqvixugviakdk/Build/Products/Debug-iphonesimulator/nanopb_nanopb.bundle/Info.plist

ProcessInfoPlistFile /Users/mahhhia/Library/Developer/Xcode/DerivedData/SciTechHub-csrdwtxzhiubdrguqvixugviakdk/Build/Products/Debug-iphonesimulator/GoogleUtilities_GoogleUtilities-NSData.bundle/Info.plist /Users/mahhhia/Library/Developer/Xcode/DerivedData/SciTechHub-csrdwtxzhiubdrguqvixugviakdk/Build/Intermediates.noindex/GoogleUtilities.build/Debug-iphonesimulator/GoogleUtilities_GoogleUtilities-NSData.build/empty-GoogleUtilities_GoogleUtilities-NSData.plist (in target 'GoogleUtilities_GoogleUtilities-NSData' from project 'GoogleUtilities')
    cd /Users/mahhhia/Library/Developer/Xcode/DerivedData/SciTechHub-csrdwtxzhiubdrguqvixugviakdk/SourcePackages/checkouts/GoogleUtilities
    builtin-infoPlistUtility /Users/mahhhia/Library/Developer/Xcode/DerivedData/SciTechHub-csrdwtxzhiubdrguqvixugviakdk/Build/Intermediates.noindex/GoogleUtilities.build/Debug-iphonesimulator/GoogleUtilities_GoogleUtilities-NSData.build/empty-GoogleUtilities_GoogleUtilities-NSData.plist -producttype com.apple.product-type.bundle -expandbuildsettings -format binary -platform iphonesimulator -o /Users/mahhhia/Library/Developer/Xcode/DerivedData/SciTechHub-csrdwtxzhiubdrguqvixugviakdk/Build/Products/Debug-iphonesimulator/GoogleUtilities_GoogleUtilities-NSData.bundle/Info.plist

ProcessInfoPlistFile /Users/mahhhia/Library/Developer/Xcode/DerivedData/SciTechHub-csrdwtxzhiubdrguqvixugviakdk/Build/Products/Debug-iphonesimulator/abseil_abslWrapper.bundle/Info.plist /Users/mahhhia/Library/Developer/Xcode/DerivedData/SciTechHub-csrdwtxzhiubdrguqvixugviakdk/Build/Intermediates.noindex/abseil.build/Debug-iphonesimulator/abseil_abslWrapper.build/empty-abseil_abslWrapper.plist (in target 'abseil_abslWrapper' from project 'abseil')
    cd /Users/mahhhia/Library/Developer/Xcode/DerivedData/SciTechHub-csrdwtxzhiubdrguqvixugviakdk/SourcePackages/checkouts/abseil-cpp-binary
    builtin-infoPlistUtility /Users/mahhhia/Library/Developer/Xcode/DerivedData/SciTechHub-csrdwtxzhiubdrguqvixugviakdk/Build/Intermediates.noindex/abseil.build/Debug-iphonesimulator/abseil_abslWrapper.build/empty-abseil_abslWrapper.plist -producttype com.apple.product-type.bundle -expandbuildsettings -format binary -platform iphonesimulator -o /Users/mahhhia/Library/Developer/Xcode/DerivedData/SciTechHub-csrdwtxzhiubdrguqvixugviakdk/Build/Products/Debug-iphonesimulator/abseil_abslWrapper.bundle/Info.plist

ProcessInfoPlistFile /Users/mahhhia/Library/Developer/Xcode/DerivedData/SciTechHub-csrdwtxzhiubdrguqvixugviakdk/Build/Products/Debug-iphonesimulator/gRPC_grpcWrapper.bundle/Info.plist /Users/mahhhia/Library/Developer/Xcode/DerivedData/SciTechHub-csrdwtxzhiubdrguqvixugviakdk/Build/Intermediates.noindex/gRPC.build/Debug-iphonesimulator/gRPC_grpcWrapper.build/empty-gRPC_grpcWrapper.plist (in target 'gRPC_grpcWrapper' from project 'gRPC')
    cd /Users/mahhhia/Library/Developer/Xcode/DerivedData/SciTechHub-csrdwtxzhiubdrguqvixugviakdk/SourcePackages/checkouts/grpc-binary
    builtin-infoPlistUtility /Users/mahhhia/Library/Developer/Xcode/DerivedData/SciTechHub-csrdwtxzhiubdrguqvixugviakdk/Build/Intermediates.noindex/gRPC.build/Debug-iphonesimulator/gRPC_grpcWrapper.build/empty-gRPC_grpcWrapper.plist -producttype com.apple.product-type.bundle -expandbuildsettings -format binary -platform iphonesimulator -o /Users/mahhhia/Library/Developer/Xcode/DerivedData/SciTechHub-csrdwtxzhiubdrguqvixugviakdk/Build/Products/Debug-iphonesimulator/gRPC_grpcWrapper.bundle/Info.plist

ProcessInfoPlistFile /Users/mahhhia/Library/Developer/Xcode/DerivedData/SciTechHub-csrdwtxzhiubdrguqvixugviakdk/Build/Products/Debug-iphonesimulator/leveldb_leveldb.bundle/Info.plist /Users/mahhhia/Library/Developer/Xcode/DerivedData/SciTechHub-csrdwtxzhiubdrguqvixugviakdk/Build/Intermediates.noindex/leveldb.build/Debug-iphonesimulator/leveldb_leveldb.build/empty-leveldb_leveldb.plist (in target 'leveldb_leveldb' from project 'leveldb')
    cd /Users/mahhhia/Library/Developer/Xcode/DerivedData/SciTechHub-csrdwtxzhiubdrguqvixugviakdk/SourcePackages/checkouts/leveldb
    builtin-infoPlistUtility /Users/mahhhia/Library/Developer/Xcode/DerivedData/SciTechHub-csrdwtxzhiubdrguqvixugviakdk/Build/Intermediates.noindex/leveldb.build/Debug-iphonesimulator/leveldb_leveldb.build/empty-leveldb_leveldb.plist -producttype com.apple.product-type.bundle -expandbuildsettings -format binary -platform iphonesimulator -o /Users/mahhhia/Library/Developer/Xcode/DerivedData/SciTechHub-csrdwtxzhiubdrguqvixugviakdk/Build/Products/Debug-iphonesimulator/leveldb_leveldb.bundle/Info.plist

ProcessInfoPlistFile /Users/mahhhia/Library/Developer/Xcode/DerivedData/SciTechHub-csrdwtxzhiubdrguqvixugviakdk/Build/Products/Debug-iphonesimulator/gRPC_opensslWrapper.bundle/Info.plist /Users/mahhhia/Library/Developer/Xcode/DerivedData/SciTechHub-csrdwtxzhiubdrguqvixugviakdk/Build/Intermediates.noindex/gRPC.build/Debug-iphonesimulator/gRPC_opensslWrapper.build/empty-gRPC_opensslWrapper.plist (in target 'gRPC_opensslWrapper' from project 'gRPC')
    cd /Users/mahhhia/Library/Developer/Xcode/DerivedData/SciTechHub-csrdwtxzhiubdrguqvixugviakdk/SourcePackages/checkouts/grpc-binary
    builtin-infoPlistUtility /Users/mahhhia/Library/Developer/Xcode/DerivedData/SciTechHub-csrdwtxzhiubdrguqvixugviakdk/Build/Intermediates.noindex/gRPC.build/Debug-iphonesimulator/gRPC_opensslWrapper.build/empty-gRPC_opensslWrapper.plist -producttype com.apple.product-type.bundle -expandbuildsettings -format binary -platform iphonesimulator -o /Users/mahhhia/Library/Developer/Xcode/DerivedData/SciTechHub-csrdwtxzhiubdrguqvixugviakdk/Build/Products/Debug-iphonesimulator/gRPC_opensslWrapper.bundle/Info.plist

ProcessInfoPlistFile /Users/mahhhia/Library/Developer/Xcode/DerivedData/SciTechHub-csrdwtxzhiubdrguqvixugviakdk/Build/Products/Debug-iphonesimulator/Firebase_FirebaseInstallations.bundle/Info.plist /Users/mahhhia/Library/Developer/Xcode/DerivedData/SciTechHub-csrdwtxzhiubdrguqvixugviakdk/Build/Intermediates.noindex/Firebase.build/Debug-iphonesimulator/Firebase_FirebaseInstallations.build/empty-Firebase_FirebaseInstallations.plist (in target 'Firebase_FirebaseInstallations' from project 'Firebase')
    cd /Users/mahhhia/Library/Developer/Xcode/DerivedData/SciTechHub-csrdwtxzhiubdrguqvixugviakdk/SourcePackages/checkouts/firebase-ios-sdk
    builtin-infoPlistUtility /Users/mahhhia/Library/Developer/Xcode/DerivedData/SciTechHub-csrdwtxzhiubdrguqvixugviakdk/Build/Intermediates.noindex/Firebase.build/Debug-iphonesimulator/Firebase_FirebaseInstallations.build/empty-Firebase_FirebaseInstallations.plist -producttype com.apple.product-type.bundle -expandbuildsettings -format binary -platform iphonesimulator -o /Users/mahhhia/Library/Developer/Xcode/DerivedData/SciTechHub-csrdwtxzhiubdrguqvixugviakdk/Build/Products/Debug-iphonesimulator/Firebase_FirebaseInstallations.bundle/Info.plist

ProcessInfoPlistFile /Users/mahhhia/Library/Developer/Xcode/DerivedData/SciTechHub-csrdwtxzhiubdrguqvixugviakdk/Build/Products/Debug-iphonesimulator/GoogleUtilities_GoogleUtilities-Logger.bundle/Info.plist /Users/mahhhia/Library/Developer/Xcode/DerivedData/SciTechHub-csrdwtxzhiubdrguqvixugviakdk/Build/Intermediates.noindex/GoogleUtilities.build/Debug-iphonesimulator/GoogleUtilities_GoogleUtilities-Logger.build/empty-GoogleUtilities_GoogleUtilities-Logger.plist (in target 'GoogleUtilities_GoogleUtilities-Logger' from project 'GoogleUtilities')
    cd /Users/mahhhia/Library/Developer/Xcode/DerivedData/SciTechHub-csrdwtxzhiubdrguqvixugviakdk/SourcePackages/checkouts/GoogleUtilities
    builtin-infoPlistUtility /Users/mahhhia/Library/Developer/Xcode/DerivedData/SciTechHub-csrdwtxzhiubdrguqvixugviakdk/Build/Intermediates.noindex/GoogleUtilities.build/Debug-iphonesimulator/GoogleUtilities_GoogleUtilities-Logger.build/empty-GoogleUtilities_GoogleUtilities-Logger.plist -producttype com.apple.product-type.bundle -expandbuildsettings -format binary -platform iphonesimulator -o /Users/mahhhia/Library/Developer/Xcode/DerivedData/SciTechHub-csrdwtxzhiubdrguqvixugviakdk/Build/Products/Debug-iphonesimulator/GoogleUtilities_GoogleUtilities-Logger.bundle/Info.plist

ProcessInfoPlistFile /Users/mahhhia/Library/Developer/Xcode/DerivedData/SciTechHub-csrdwtxzhiubdrguqvixugviakdk/Build/Products/Debug-iphonesimulator/GoogleUtilities_GoogleUtilities-UserDefaults.bundle/Info.plist /Users/mahhhia/Library/Developer/Xcode/DerivedData/SciTechHub-csrdwtxzhiubdrguqvixugviakdk/Build/Intermediates.noindex/GoogleUtilities.build/Debug-iphonesimulator/GoogleUtilities_GoogleUtilities-UserDefaults.build/empty-GoogleUtilities_GoogleUtilities-UserDefaults.plist (in target 'GoogleUtilities_GoogleUtilities-UserDefaults' from project 'GoogleUtilities')
    cd /Users/mahhhia/Library/Developer/Xcode/DerivedData/SciTechHub-csrdwtxzhiubdrguqvixugviakdk/SourcePackages/checkouts/GoogleUtilities
    builtin-infoPlistUtility /Users/mahhhia/Library/Developer/Xcode/DerivedData/SciTechHub-csrdwtxzhiubdrguqvixugviakdk/Build/Intermediates.noindex/GoogleUtilities.build/Debug-iphonesimulator/GoogleUtilities_GoogleUtilities-UserDefaults.build/empty-GoogleUtilities_GoogleUtilities-UserDefaults.plist -producttype com.apple.product-type.bundle -expandbuildsettings -format binary -platform iphonesimulator -o /Users/mahhhia/Library/Developer/Xcode/DerivedData/SciTechHub-csrdwtxzhiubdrguqvixugviakdk/Build/Products/Debug-iphonesimulator/GoogleUtilities_GoogleUtilities-UserDefaults.bundle/Info.plist

ProcessInfoPlistFile /Users/mahhhia/Library/Developer/Xcode/DerivedData/SciTechHub-csrdwtxzhiubdrguqvixugviakdk/Build/Products/Debug-iphonesimulator/GoogleUtilities_GoogleUtilities-Network.bundle/Info.plist /Users/mahhhia/Library/Developer/Xcode/DerivedData/SciTechHub-csrdwtxzhiubdrguqvixugviakdk/Build/Intermediates.noindex/GoogleUtilities.build/Debug-iphonesimulator/GoogleUtilities_GoogleUtilities-Network.build/empty-GoogleUtilities_GoogleUtilities-Network.plist (in target 'GoogleUtilities_GoogleUtilities-Network' from project 'GoogleUtilities')
    cd /Users/mahhhia/Library/Developer/Xcode/DerivedData/SciTechHub-csrdwtxzhiubdrguqvixugviakdk/SourcePackages/checkouts/GoogleUtilities
    builtin-infoPlistUtility /Users/mahhhia/Library/Developer/Xcode/DerivedData/SciTechHub-csrdwtxzhiubdrguqvixugviakdk/Build/Intermediates.noindex/GoogleUtilities.build/Debug-iphonesimulator/GoogleUtilities_GoogleUtilities-Network.build/empty-GoogleUtilities_GoogleUtilities-Network.plist -producttype com.apple.product-type.bundle -expandbuildsettings -format binary -platform iphonesimulator -o /Users/mahhhia/Library/Developer/Xcode/DerivedData/SciTechHub-csrdwtxzhiubdrguqvixugviakdk/Build/Products/Debug-iphonesimulator/GoogleUtilities_GoogleUtilities-Network.bundle/Info.plist

ProcessInfoPlistFile /Users/mahhhia/Library/Developer/Xcode/DerivedData/SciTechHub-csrdwtxzhiubdrguqvixugviakdk/Build/Products/Debug-iphonesimulator/GoogleUtilities_GoogleUtilities-MethodSwizzler.bundle/Info.plist /Users/mahhhia/Library/Developer/Xcode/DerivedData/SciTechHub-csrdwtxzhiubdrguqvixugviakdk/Build/Intermediates.noindex/GoogleUtilities.build/Debug-iphonesimulator/GoogleUtilities_GoogleUtilities-MethodSwizzler.build/empty-GoogleUtilities_GoogleUtilities-MethodSwizzler.plist (in target 'GoogleUtilities_GoogleUtilities-MethodSwizzler' from project 'GoogleUtilities')
    cd /Users/mahhhia/Library/Developer/Xcode/DerivedData/SciTechHub-csrdwtxzhiubdrguqvixugviakdk/SourcePackages/checkouts/GoogleUtilities
    builtin-infoPlistUtility /Users/mahhhia/Library/Developer/Xcode/DerivedData/SciTechHub-csrdwtxzhiubdrguqvixugviakdk/Build/Intermediates.noindex/GoogleUtilities.build/Debug-iphonesimulator/GoogleUtilities_GoogleUtilities-MethodSwizzler.build/empty-GoogleUtilities_GoogleUtilities-MethodSwizzler.plist -producttype com.apple.product-type.bundle -expandbuildsettings -format binary -platform iphonesimulator -o /Users/mahhhia/Library/Developer/Xcode/DerivedData/SciTechHub-csrdwtxzhiubdrguqvixugviakdk/Build/Products/Debug-iphonesimulator/GoogleUtilities_GoogleUtilities-MethodSwizzler.bundle/Info.plist

ProcessInfoPlistFile /Users/mahhhia/Library/Developer/Xcode/DerivedData/SciTechHub-csrdwtxzhiubdrguqvixugviakdk/Build/Products/Debug-iphonesimulator/GoogleUtilities_GoogleUtilities-Environment.bundle/Info.plist /Users/mahhhia/Library/Developer/Xcode/DerivedData/SciTechHub-csrdwtxzhiubdrguqvixugviakdk/Build/Intermediates.noindex/GoogleUtilities.build/Debug-iphonesimulator/GoogleUtilities_GoogleUtilities-Environment.build/empty-GoogleUtilities_GoogleUtilities-Environment.plist (in target 'GoogleUtilities_GoogleUtilities-Environment' from project 'GoogleUtilities')
    cd /Users/mahhhia/Library/Developer/Xcode/DerivedData/SciTechHub-csrdwtxzhiubdrguqvixugviakdk/SourcePackages/checkouts/GoogleUtilities
    builtin-infoPlistUtility /Users/mahhhia/Library/Developer/Xcode/DerivedData/SciTechHub-csrdwtxzhiubdrguqvixugviakdk/Build/Intermediates.noindex/GoogleUtilities.build/Debug-iphonesimulator/GoogleUtilities_GoogleUtilities-Environment.build/empty-GoogleUtilities_GoogleUtilities-Environment.plist -producttype com.apple.product-type.bundle -expandbuildsettings -format binary -platform iphonesimulator -o /Users/mahhhia/Library/Developer/Xcode/DerivedData/SciTechHub-csrdwtxzhiubdrguqvixugviakdk/Build/Products/Debug-iphonesimulator/GoogleUtilities_GoogleUtilities-Environment.bundle/Info.plist

ProcessInfoPlistFile /Users/mahhhia/Library/Developer/Xcode/DerivedData/SciTechHub-csrdwtxzhiubdrguqvixugviakdk/Build/Products/Debug-iphonesimulator/GoogleUtilities_GoogleUtilities-Reachability.bundle/Info.plist /Users/mahhhia/Library/Developer/Xcode/DerivedData/SciTechHub-csrdwtxzhiubdrguqvixugviakdk/Build/Intermediates.noindex/GoogleUtilities.build/Debug-iphonesimulator/GoogleUtilities_GoogleUtilities-Reachability.build/empty-GoogleUtilities_GoogleUtilities-Reachability.plist (in target 'GoogleUtilities_GoogleUtilities-Reachability' from project 'GoogleUtilities')
    cd /Users/mahhhia/Library/Developer/Xcode/DerivedData/SciTechHub-csrdwtxzhiubdrguqvixugviakdk/SourcePackages/checkouts/GoogleUtilities
    builtin-infoPlistUtility /Users/mahhhia/Library/Developer/Xcode/DerivedData/SciTechHub-csrdwtxzhiubdrguqvixugviakdk/Build/Intermediates.noindex/GoogleUtilities.build/Debug-iphonesimulator/GoogleUtilities_GoogleUtilities-Reachability.build/empty-GoogleUtilities_GoogleUtilities-Reachability.plist -producttype com.apple.product-type.bundle -expandbuildsettings -format binary -platform iphonesimulator -o /Users/mahhhia/Library/Developer/Xcode/DerivedData/SciTechHub-csrdwtxzhiubdrguqvixugviakdk/Build/Products/Debug-iphonesimulator/GoogleUtilities_GoogleUtilities-Reachability.bundle/Info.plist

ProcessInfoPlistFile /Users/mahhhia/Library/Developer/Xcode/DerivedData/SciTechHub-csrdwtxzhiubdrguqvixugviakdk/Build/Products/Debug-iphonesimulator/GoogleUtilities_GoogleUtilities-AppDelegateSwizzler.bundle/Info.plist /Users/mahhhia/Library/Developer/Xcode/DerivedData/SciTechHub-csrdwtxzhiubdrguqvixugviakdk/Build/Intermediates.noindex/GoogleUtilities.build/Debug-iphonesimulator/GoogleUtilities_GoogleUtilities-AppDelegateSwizzler.build/empty-GoogleUtilities_GoogleUtilities-AppDelegateSwizzler.plist (in target 'GoogleUtilities_GoogleUtilities-AppDelegateSwizzler' from project 'GoogleUtilities')
    cd /Users/mahhhia/Library/Developer/Xcode/DerivedData/SciTechHub-csrdwtxzhiubdrguqvixugviakdk/SourcePackages/checkouts/GoogleUtilities
    builtin-infoPlistUtility /Users/mahhhia/Library/Developer/Xcode/DerivedData/SciTechHub-csrdwtxzhiubdrguqvixugviakdk/Build/Intermediates.noindex/GoogleUtilities.build/Debug-iphonesimulator/GoogleUtilities_GoogleUtilities-AppDelegateSwizzler.build/empty-GoogleUtilities_GoogleUtilities-AppDelegateSwizzler.plist -producttype com.apple.product-type.bundle -expandbuildsettings -format binary -platform iphonesimulator -o /Users/mahhhia/Library/Developer/Xcode/DerivedData/SciTechHub-csrdwtxzhiubdrguqvixugviakdk/Build/Products/Debug-iphonesimulator/GoogleUtilities_GoogleUtilities-AppDelegateSwizzler.bundle/Info.plist

ProcessInfoPlistFile /Users/mahhhia/Library/Developer/Xcode/DerivedData/SciTechHub-csrdwtxzhiubdrguqvixugviakdk/Build/Products/Debug-iphonesimulator/Firebase_FirebaseCore.bundle/Info.plist /Users/mahhhia/Library/Developer/Xcode/DerivedData/SciTechHub-csrdwtxzhiubdrguqvixugviakdk/Build/Intermediates.noindex/Firebase.build/Debug-iphonesimulator/Firebase_FirebaseCore.build/empty-Firebase_FirebaseCore.plist (in target 'Firebase_FirebaseCore' from project 'Firebase')
    cd /Users/mahhhia/Library/Developer/Xcode/DerivedData/SciTechHub-csrdwtxzhiubdrguqvixugviakdk/SourcePackages/checkouts/firebase-ios-sdk
    builtin-infoPlistUtility /Users/mahhhia/Library/Developer/Xcode/DerivedData/SciTechHub-csrdwtxzhiubdrguqvixugviakdk/Build/Intermediates.noindex/Firebase.build/Debug-iphonesimulator/Firebase_FirebaseCore.build/empty-Firebase_FirebaseCore.plist -producttype com.apple.product-type.bundle -expandbuildsettings -format binary -platform iphonesimulator -o /Users/mahhhia/Library/Developer/Xcode/DerivedData/SciTechHub-csrdwtxzhiubdrguqvixugviakdk/Build/Products/Debug-iphonesimulator/Firebase_FirebaseCore.bundle/Info.plist

ProcessInfoPlistFile /Users/mahhhia/Library/Developer/Xcode/DerivedData/SciTechHub-csrdwtxzhiubdrguqvixugviakdk/Build/Products/Debug-iphonesimulator/Firebase_FirebaseAuth.bundle/Info.plist /Users/mahhhia/Library/Developer/Xcode/DerivedData/SciTechHub-csrdwtxzhiubdrguqvixugviakdk/Build/Intermediates.noindex/Firebase.build/Debug-iphonesimulator/Firebase_FirebaseAuth.build/empty-Firebase_FirebaseAuth.plist (in target 'Firebase_FirebaseAuth' from project 'Firebase')
    cd /Users/mahhhia/Library/Developer/Xcode/DerivedData/SciTechHub-csrdwtxzhiubdrguqvixugviakdk/SourcePackages/checkouts/firebase-ios-sdk
    builtin-infoPlistUtility /Users/mahhhia/Library/Developer/Xcode/DerivedData/SciTechHub-csrdwtxzhiubdrguqvixugviakdk/Build/Intermediates.noindex/Firebase.build/Debug-iphonesimulator/Firebase_FirebaseAuth.build/empty-Firebase_FirebaseAuth.plist -producttype com.apple.product-type.bundle -expandbuildsettings -format binary -platform iphonesimulator -o /Users/mahhhia/Library/Developer/Xcode/DerivedData/SciTechHub-csrdwtxzhiubdrguqvixugviakdk/Build/Products/Debug-iphonesimulator/Firebase_FirebaseAuth.bundle/Info.plist

ProcessInfoPlistFile /Users/mahhhia/Library/Developer/Xcode/DerivedData/SciTechHub-csrdwtxzhiubdrguqvixugviakdk/Build/Products/Debug-iphonesimulator/Firebase_FirebaseFirestore.bundle/Info.plist /Users/mahhhia/Library/Developer/Xcode/DerivedData/SciTechHub-csrdwtxzhiubdrguqvixugviakdk/Build/Intermediates.noindex/Firebase.build/Debug-iphonesimulator/Firebase_FirebaseFirestore.build/empty-Firebase_FirebaseFirestore.plist (in target 'Firebase_FirebaseFirestore' from project 'Firebase')
    cd /Users/mahhhia/Library/Developer/Xcode/DerivedData/SciTechHub-csrdwtxzhiubdrguqvixugviakdk/SourcePackages/checkouts/firebase-ios-sdk
    builtin-infoPlistUtility /Users/mahhhia/Library/Developer/Xcode/DerivedData/SciTechHub-csrdwtxzhiubdrguqvixugviakdk/Build/Intermediates.noindex/Firebase.build/Debug-iphonesimulator/Firebase_FirebaseFirestore.build/empty-Firebase_FirebaseFirestore.plist -producttype com.apple.product-type.bundle -expandbuildsettings -format binary -platform iphonesimulator -o /Users/mahhhia/Library/Developer/Xcode/DerivedData/SciTechHub-csrdwtxzhiubdrguqvixugviakdk/Build/Products/Debug-iphonesimulator/Firebase_FirebaseFirestore.bundle/Info.plist

SwiftDriver SciTechHub normal arm64 com.apple.xcode.tools.swift.compiler (in target 'SciTechHub' from project 'SciTechHub')
    cd /Users/mahhhia/Documents/SciTechHub
    builtin-SwiftDriver -- /Applications/Xcode.app/Contents/Developer/Toolchains/XcodeDefault.xctoolchain/usr/bin/swiftc -module-name SciTechHub -Onone @/Users/mahhhia/Library/Developer/Xcode/DerivedData/SciTechHub-csrdwtxzhiubdrguqvixugviakdk/Build/Intermediates.noindex/SciTechHub.build/Debug-iphonesimulator/SciTechHub.build/Objects-normal/arm64/SciTechHub.SwiftFileList -DDEBUG -Xcc -fmodule-map-file\=/Users/mahhhia/Library/Developer/Xcode/DerivedData/SciTechHub-csrdwtxzhiubdrguqvixugviakdk/Build/Intermediates.noindex/GeneratedModuleMaps-iphonesimulator/GoogleUtilities-UserDefaults.modulemap -Xcc -fmodule-map-file\=/Users/mahhhia/Library/Developer/Xcode/DerivedData/SciTechHub-csrdwtxzhiubdrguqvixugviakdk/Build/Intermediates.noindex/GeneratedModuleMaps-iphonesimulator/GoogleAdsOnDeviceConversionTarget.modulemap -Xcc -fmodule-map-file\=/Users/mahhhia/Library/Developer/Xcode/DerivedData/SciTechHub-csrdwtxzhiubdrguqvixugviakdk/Build/Intermediates.noindex/GeneratedModuleMaps-iphonesimulator/GoogleAppMeasurementTarget.modulemap -Xcc -fmodule-map-file\=/Users/mahhhia/Library/Developer/Xcode/DerivedData/SciTechHub-csrdwtxzhiubdrguqvixugviakdk/Build/Intermediates.noindex/GeneratedModuleMaps-iphonesimulator/GoogleUtilities-MethodSwizzler.modulemap -Xcc -fmodule-map-file\=/Users/mahhhia/Library/Developer/Xcode/DerivedData/SciTechHub-csrdwtxzhiubdrguqvixugviakdk/Build/Intermediates.noindex/GeneratedModuleMaps-iphonesimulator/FirebaseAnalyticsWrapper.modulemap -Xcc -fmodule-map-file\=/Users/mahhhia/Library/Developer/Xcode/DerivedData/SciTechHub-csrdwtxzhiubdrguqvixugviakdk/Build/Intermediates.noindex/GeneratedModuleMaps-iphonesimulator/FirebaseInstallations.modulemap -Xcc -fmodule-map-file\=/Users/mahhhia/Library/Developer/Xcode/DerivedData/SciTechHub-csrdwtxzhiubdrguqvixugviakdk/Build/Intermediates.noindex/GeneratedModuleMaps-iphonesimulator/FirebaseAnalyticsTarget.modulemap -Xcc -fmodule-map-file\=/Users/mahhhia/Library/Developer/Xcode/DerivedData/SciTechHub-csrdwtxzhiubdrguqvixugviakdk/Build/Intermediates.noindex/GeneratedModuleMaps-iphonesimulator/RecaptchaInterop.modulemap -Xcc -fmodule-map-file\=/Users/mahhhia/Library/Developer/Xcode/DerivedData/SciTechHub-csrdwtxzhiubdrguqvixugviakdk/Build/Intermediates.noindex/GeneratedModuleMaps-iphonesimulator/GoogleUtilities-Network.modulemap -Xcc -fmodule-map-file\=/Users/mahhhia/Library/Developer/Xcode/DerivedData/SciTechHub-csrdwtxzhiubdrguqvixugviakdk/Build/Intermediates.noindex/GeneratedModuleMaps-iphonesimulator/GoogleUtilities-Reachability.modulemap -Xcc -fmodule-map-file\=/Users/mahhhia/Library/Developer/Xcode/DerivedData/SciTechHub-csrdwtxzhiubdrguqvixugviakdk/Build/Intermediates.noindex/GeneratedModuleMaps-iphonesimulator/GoogleUtilities-AppDelegateSwizzler.modulemap -Xcc -fmodule-map-file\=/Users/mahhhia/Library/Developer/Xcode/DerivedData/SciTechHub-csrdwtxzhiubdrguqvixugviakdk/Build/Intermediates.noindex/GeneratedModuleMaps-iphonesimulator/GTMSessionFetcherCore.modulemap -Xcc -fmodule-map-file\=/Users/mahhhia/Library/Developer/Xcode/DerivedData/SciTechHub-csrdwtxzhiubdrguqvixugviakdk/Build/Intermediates.noindex/GeneratedModuleMaps-iphonesimulator/FirebaseAuthInternal.modulemap -Xcc -fmodule-map-file\=/Users/mahhhia/Library/Developer/Xcode/DerivedData/SciTechHub-csrdwtxzhiubdrguqvixugviakdk/Build/Intermediates.noindex/GeneratedModuleMaps-iphonesimulator/FirebaseAuthInterop.modulemap -Xcc -fmodule-map-file\=/Users/mahhhia/Library/Developer/Xcode/DerivedData/SciTechHub-csrdwtxzhiubdrguqvixugviakdk/Build/Intermediates.noindex/GeneratedModuleMaps-iphonesimulator/GoogleUtilities-NSData.modulemap -Xcc -fmodule-map-file\=/Users/mahhhia/Library/Developer/Xcode/DerivedData/SciTechHub-csrdwtxzhiubdrguqvixugviakdk/Build/Intermediates.noindex/GeneratedModuleMaps-iphonesimulator/GoogleUtilities-Environment.modulemap -Xcc -fmodule-map-file\=/Users/mahhhia/Library/Developer/Xcode/DerivedData/SciTechHub-csrdwtxzhiubdrguqvixugviakdk/Build/Intermediates.noindex/GeneratedModuleMaps-iphonesimulator/third-party-IsAppEncrypted.modulemap -Xcc -fmodule-map-file\=/Users/mahhhia/Library/Developer/Xcode/DerivedData/SciTechHub-csrdwtxzhiubdrguqvixugviakdk/Build/Intermediates.noindex/GeneratedModuleMaps-iphonesimulator/GoogleUtilities-Logger.modulemap -Xcc -fmodule-map-file\=/Users/mahhhia/Library/Developer/Xcode/DerivedData/SciTechHub-csrdwtxzhiubdrguqvixugviakdk/Build/Intermediates.noindex/GeneratedModuleMaps-iphonesimulator/abslWrapper.modulemap -Xcc -fmodule-map-file\=/Users/mahhhia/Library/Developer/Xcode/DerivedData/SciTechHub-csrdwtxzhiubdrguqvixugviakdk/Build/Intermediates.noindex/GeneratedModuleMaps-iphonesimulator/opensslWrapper.modulemap -Xcc -fmodule-map-file\=/Users/mahhhia/Library/Developer/Xcode/DerivedData/SciTechHub-csrdwtxzhiubdrguqvixugviakdk/Build/Intermediates.noindex/GeneratedModuleMaps-iphonesimulator/grpcWrapper.modulemap -Xcc -fmodule-map-file\=/Users/mahhhia/Library/Developer/Xcode/DerivedData/SciTechHub-csrdwtxzhiubdrguqvixugviakdk/Build/Intermediates.noindex/GeneratedModuleMaps-iphonesimulator/grpcppWrapper.modulemap -Xcc -fmodule-map-file\=/Users/mahhhia/Library/Developer/Xcode/DerivedData/SciTechHub-csrdwtxzhiubdrguqvixugviakdk/Build/Intermediates.noindex/GeneratedModuleMaps-iphonesimulator/nanopb.modulemap -Xcc -fmodule-map-file\=/Users/mahhhia/Library/Developer/Xcode/DerivedData/SciTechHub-csrdwtxzhiubdrguqvixugviakdk/Build/Intermediates.noindex/GeneratedModuleMaps-iphonesimulator/leveldb.modulemap -Xcc -fmodule-map-file\=/Users/mahhhia/Library/Developer/Xcode/DerivedData/SciTechHub-csrdwtxzhiubdrguqvixugviakdk/Build/Intermediates.noindex/GeneratedModuleMaps-iphonesimulator/FirebaseCoreExtension.modulemap -Xcc -fmodule-map-file\=/Users/mahhhia/Library/Developer/Xcode/DerivedData/SciTechHub-csrdwtxzhiubdrguqvixugviakdk/Build/Intermediates.noindex/GeneratedModuleMaps-iphonesimulator/FirebaseCore.modulemap -Xcc -fmodule-map-file\=/Users/mahhhia/Library/Developer/Xcode/DerivedData/SciTechHub-csrdwtxzhiubdrguqvixugviakdk/Build/Intermediates.noindex/GeneratedModuleMaps-iphonesimulator/FirebaseAppCheckInterop.modulemap -Xcc -fmodule-map-file\=/Users/mahhhia/Library/Developer/Xcode/DerivedData/SciTechHub-csrdwtxzhiubdrguqvixugviakdk/Build/Intermediates.noindex/GeneratedModuleMaps-iphonesimulator/FirebaseFirestoreInternalWrapper.modulemap -Xcc -fmodule-map-file\=/Users/mahhhia/Library/Developer/Xcode/DerivedData/SciTechHub-csrdwtxzhiubdrguqvixugviakdk/Build/Intermediates.noindex/GeneratedModuleMaps-iphonesimulator/FirebaseFirestoreTarget.modulemap -enable-bare-slash-regex -enable-experimental-feature DebugDescriptionMacro -sdk /Applications/Xcode.app/Contents/Developer/Platforms/iPhoneSimulator.platform/Developer/SDKs/iPhoneSimulator26.4.sdk -target arm64-apple-ios16.6-simulator -g -module-cache-path /Users/mahhhia/Library/Developer/Xcode/DerivedData/ModuleCache.noindex -Xfrontend -serialize-debugging-options -profile-coverage-mapping -profile-generate -enable-testing -index-store-path /Users/mahhhia/Library/Developer/Xcode/DerivedData/SciTechHub-csrdwtxzhiubdrguqvixugviakdk/Index.noindex/DataStore -Xcc -D_LIBCPP_HARDENING_MODE\=_LIBCPP_HARDENING_MODE_DEBUG -swift-version 5 -I /Users/mahhhia/Library/Developer/Xcode/DerivedData/SciTechHub-csrdwtxzhiubdrguqvixugviakdk/Build/Products/Debug-iphonesimulator -F /Users/mahhhia/Library/Developer/Xcode/DerivedData/SciTechHub-csrdwtxzhiubdrguqvixugviakdk/Build/Products/Debug-iphonesimulator/PackageFrameworks -F /Users/mahhhia/Library/Developer/Xcode/DerivedData/SciTechHub-csrdwtxzhiubdrguqvixugviakdk/Build/Products/Debug-iphonesimulator/PackageFrameworks -F /Users/mahhhia/Library/Developer/Xcode/DerivedData/SciTechHub-csrdwtxzhiubdrguqvixugviakdk/Build/Products/Debug-iphonesimulator/PackageFrameworks -F /Users/mahhhia/Library/Developer/Xcode/DerivedData/SciTechHub-csrdwtxzhiubdrguqvixugviakdk/Build/Products/Debug-iphonesimulator/PackageFrameworks -F /Users/mahhhia/Library/Developer/Xcode/DerivedData/SciTechHub-csrdwtxzhiubdrguqvixugviakdk/Build/Products/Debug-iphonesimulator/PackageFrameworks -F /Users/mahhhia/Library/Developer/Xcode/DerivedData/SciTechHub-csrdwtxzhiubdrguqvixugviakdk/Build/Products/Debug-iphonesimulator/PackageFrameworks -F /Users/mahhhia/Library/Developer/Xcode/DerivedData/SciTechHub-csrdwtxzhiubdrguqvixugviakdk/Build/Products/Debug-iphonesimulator/PackageFrameworks -F /Users/mahhhia/Library/Developer/Xcode/DerivedData/SciTechHub-csrdwtxzhiubdrguqvixugviakdk/Build/Products/Debug-iphonesimulator/PackageFrameworks -F /Users/mahhhia/Library/Developer/Xcode/DerivedData/SciTechHub-csrdwtxzhiubdrguqvixugviakdk/Build/Products/Debug-iphonesimulator/PackageFrameworks -F /Users/mahhhia/Library/Developer/Xcode/DerivedData/SciTechHub-csrdwtxzhiubdrguqvixugviakdk/Build/Products/Debug-iphonesimulator/PackageFrameworks -F /Users/mahhhia/Library/Developer/Xcode/DerivedData/SciTechHub-csrdwtxzhiubdrguqvixugviakdk/Build/Products/Debug-iphonesimulator/PackageFrameworks -F /Users/mahhhia/Library/Developer/Xcode/DerivedData/SciTechHub-csrdwtxzhiubdrguqvixugviakdk/Build/Products/Debug-iphonesimulator/PackageFrameworks -F /Users/mahhhia/Library/Developer/Xcode/DerivedData/SciTechHub-csrdwtxzhiubdrguqvixugviakdk/Build/Products/Debug-iphonesimulator/PackageFrameworks -F /Users/mahhhia/Library/Developer/Xcode/DerivedData/SciTechHub-csrdwtxzhiubdrguqvixugviakdk/Build/Products/Debug-iphonesimulator/PackageFrameworks -F /Users/mahhhia/Library/Developer/Xcode/DerivedData/SciTechHub-csrdwtxzhiubdrguqvixugviakdk/Build/Products/Debug-iphonesimulator/PackageFrameworks -F /Users/mahhhia/Library/Developer/Xcode/DerivedData/SciTechHub-csrdwtxzhiubdrguqvixugviakdk/Build/Products/Debug-iphonesimulator/PackageFrameworks -F /Users/mahhhia/Library/Developer/Xcode/DerivedData/SciTechHub-csrdwtxzhiubdrguqvixugviakdk/Build/Products/Debug-iphonesimulator/PackageFrameworks -F /Users/mahhhia/Library/Developer/Xcode/DerivedData/SciTechHub-csrdwtxzhiubdrguqvixugviakdk/Build/Products/Debug-iphonesimulator/PackageFrameworks -F /Users/mahhhia/Library/Developer/Xcode/DerivedData/SciTechHub-csrdwtxzhiubdrguqvixugviakdk/Build/Products/Debug-iphonesimulator/PackageFrameworks -F /Users/mahhhia/Library/Developer/Xcode/DerivedData/SciTechHub-csrdwtxzhiubdrguqvixugviakdk/Build/Products/Debug-iphonesimulator/PackageFrameworks -F /Users/mahhhia/Library/Developer/Xcode/DerivedData/SciTechHub-csrdwtxzhiubdrguqvixugviakdk/Build/Products/Debug-iphonesimulator/PackageFrameworks -F /Users/mahhhia/Library/Developer/Xcode/DerivedData/SciTechHub-csrdwtxzhiubdrguqvixugviakdk/Build/Products/Debug-iphonesimulator/PackageFrameworks -F /Users/mahhhia/Library/Developer/Xcode/DerivedData/SciTechHub-csrdwtxzhiubdrguqvixugviakdk/Build/Products/Debug-iphonesimulator/PackageFrameworks -F /Users/mahhhia/Library/Developer/Xcode/DerivedData/SciTechHub-csrdwtxzhiubdrguqvixugviakdk/Build/Products/Debug-iphonesimulator/PackageFrameworks -F /Users/mahhhia/Library/Developer/Xcode/DerivedData/SciTechHub-csrdwtxzhiubdrguqvixugviakdk/Build/Products/Debug-iphonesimulator/PackageFrameworks -F /Users/mahhhia/Library/Developer/Xcode/DerivedData/SciTechHub-csrdwtxzhiubdrguqvixugviakdk/Build/Products/Debug-iphonesimulator/PackageFrameworks -F /Users/mahhhia/Library/Developer/Xcode/DerivedData/SciTechHub-csrdwtxzhiubdrguqvixugviakdk/Build/Products/Debug-iphonesimulator/PackageFrameworks -F /Users/mahhhia/Library/Developer/Xcode/DerivedData/SciTechHub-csrdwtxzhiubdrguqvixugviakdk/Build/Products/Debug-iphonesimulator/PackageFrameworks -F /Users/mahhhia/Library/Developer/Xcode/DerivedData/SciTechHub-csrdwtxzhiubdrguqvixugviakdk/Build/Products/Debug-iphonesimulator/PackageFrameworks -F /Users/mahhhia/Library/Developer/Xcode/DerivedData/SciTechHub-csrdwtxzhiubdrguqvixugviakdk/Build/Products/Debug-iphonesimulator/PackageFrameworks -F /Users/mahhhia/Library/Developer/Xcode/DerivedData/SciTechHub-csrdwtxzhiubdrguqvixugviakdk/Build/Products/Debug-iphonesimulator/PackageFrameworks -F /Users/mahhhia/Library/Developer/Xcode/DerivedData/SciTechHub-csrdwtxzhiubdrguqvixugviakdk/Build/Products/Debug-iphonesimulator/PackageFrameworks -F /Users/mahhhia/Library/Developer/Xcode/DerivedData/SciTechHub-csrdwtxzhiubdrguqvixugviakdk/Build/Products/Debug-iphonesimulator/PackageFrameworks -F /Users/mahhhia/Library/Developer/Xcode/DerivedData/SciTechHub-csrdwtxzhiubdrguqvixugviakdk/Build/Products/Debug-iphonesimulator/PackageFrameworks -F /Users/mahhhia/Library/Developer/Xcode/DerivedData/SciTechHub-csrdwtxzhiubdrguqvixugviakdk/Build/Products/Debug-iphonesimulator/PackageFrameworks -F /Users/mahhhia/Library/Developer/Xcode/DerivedData/SciTechHub-csrdwtxzhiubdrguqvixugviakdk/Build/Products/Debug-iphonesimulator/PackageFrameworks -F /Users/mahhhia/Library/Developer/Xcode/DerivedData/SciTechHub-csrdwtxzhiubdrguqvixugviakdk/Build/Products/Debug-iphonesimulator -emit-localized-strings -emit-localized-strings-path /Users/mahhhia/Library/Developer/Xcode/DerivedData/SciTechHub-csrdwtxzhiubdrguqvixugviakdk/Build/Intermediates.noindex/SciTechHub.build/Debug-iphonesimulator/SciTechHub.build/Objects-normal/arm64 -c -j10 -enable-batch-mode -incremental -Xcc -ivfsstatcache -Xcc /Users/mahhhia/Library/Developer/Xcode/DerivedData/SDKStatCaches.noindex/iphonesimulator26.4-23E252-686eebb5dc1d8ecb277353a59184f4aa.sdkstatcache -output-file-map /Users/mahhhia/Library/Developer/Xcode/DerivedData/SciTechHub-csrdwtxzhiubdrguqvixugviakdk/Build/Intermediates.noindex/SciTechHub.build/Debug-iphonesimulator/SciTechHub.build/Objects-normal/arm64/SciTechHub-OutputFileMap.json -use-frontend-parseable-output -save-temps -no-color-diagnostics -explicit-module-build -module-cache-path /Users/mahhhia/Library/Developer/Xcode/DerivedData/SciTechHub-csrdwtxzhiubdrguqvixugviakdk/Build/Intermediates.noindex/SwiftExplicitPrecompiledModules -clang-scanner-module-cache-path /Users/mahhhia/Library/Developer/Xcode/DerivedData/ModuleCache.noindex -sdk-module-cache-path /Users/mahhhia/Library/Developer/Xcode/DerivedData/ModuleCache.noindex -serialize-diagnostics -emit-dependencies -emit-module -emit-module-path /Users/mahhhia/Library/Developer/Xcode/DerivedData/SciTechHub-csrdwtxzhiubdrguqvixugviakdk/Build/Intermediates.noindex/SciTechHub.build/Debug-iphonesimulator/SciTechHub.build/Objects-normal/arm64/SciTechHub.swiftmodule -validate-clang-modules-once -clang-build-session-file /Users/mahhhia/Library/Developer/Xcode/DerivedData/ModuleCache.noindex/Session.modulevalidation -Xcc -I/Users/mahhhia/Library/Developer/Xcode/DerivedData/SciTechHub-csrdwtxzhiubdrguqvixugviakdk/Build/Intermediates.noindex/SciTechHub.build/Debug-iphonesimulator/SciTechHub.build/swift-overrides.hmap -emit-const-values -Xfrontend -const-gather-protocols-file -Xfrontend /Users/mahhhia/Library/Developer/Xcode/DerivedData/SciTechHub-csrdwtxzhiubdrguqvixugviakdk/Build/Intermediates.noindex/SciTechHub.build/Debug-iphonesimulator/SciTechHub.build/Objects-normal/arm64/SciTechHub_const_extract_protocols.json -Xcc -iquote -Xcc /Users/mahhhia/Library/Developer/Xcode/DerivedData/SciTechHub-csrdwtxzhiubdrguqvixugviakdk/Build/Intermediates.noindex/SciTechHub.build/Debug-iphonesimulator/SciTechHub.build/SciTechHub-generated-files.hmap -Xcc -I/Users/mahhhia/Library/Developer/Xcode/DerivedData/SciTechHub-csrdwtxzhiubdrguqvixugviakdk/Build/Intermediates.noindex/SciTechHub.build/Debug-iphonesimulator/SciTechHub.build/SciTechHub-own-target-headers.hmap -Xcc -I/Users/mahhhia/Library/Developer/Xcode/DerivedData/SciTechHub-csrdwtxzhiubdrguqvixugviakdk/Build/Intermediates.noindex/SciTechHub.build/Debug-iphonesimulator/SciTechHub.build/SciTechHub-all-non-framework-target-headers.hmap -Xcc -ivfsoverlay -Xcc /Users/mahhhia/Library/Developer/Xcode/DerivedData/SciTechHub-csrdwtxzhiubdrguqvixugviakdk/Build/Intermediates.noindex/SciTechHub.build/Debug-iphonesimulator/SciTechHub-b72c93980f41c196507f010a794e0704-VFS-iphonesimulator/all-product-headers.yaml -Xcc -iquote -Xcc /Users/mahhhia/Library/Developer/Xcode/DerivedData/SciTechHub-csrdwtxzhiubdrguqvixugviakdk/Build/Intermediates.noindex/SciTechHub.build/Debug-iphonesimulator/SciTechHub.build/SciTechHub-project-headers.hmap -Xcc -I/Users/mahhhia/Library/Developer/Xcode/DerivedData/SciTechHub-csrdwtxzhiubdrguqvixugviakdk/SourcePackages/checkouts/promises/Sources/FBLPromises/include -Xcc -I/Users/mahhhia/Library/Developer/Xcode/DerivedData/SciTechHub-csrdwtxzhiubdrguqvixugviakdk/SourcePackages/checkouts/GoogleUtilities/GoogleUtilities/UserDefaults/Public -Xcc -I/Users/mahhhia/Library/Developer/Xcode/DerivedData/SciTechHub-csrdwtxzhiubdrguqvixugviakdk/SourcePackages/checkouts/google-ads-on-device-conversion-ios-sdk/GoogleAdsOnDeviceConversionWrapper/include -Xcc -I/Users/mahhhia/Library/Developer/Xcode/DerivedData/SciTechHub-csrdwtxzhiubdrguqvixugviakdk/SourcePackages/checkouts/GoogleAppMeasurement/GoogleAppMeasurementWrapper/include -Xcc -I/Users/mahhhia/Library/Developer/Xcode/DerivedData/SciTechHub-csrdwtxzhiubdrguqvixugviakdk/SourcePackages/checkouts/GoogleUtilities/GoogleUtilities/MethodSwizzler/Public -Xcc -I/Users/mahhhia/Library/Developer/Xcode/DerivedData/SciTechHub-csrdwtxzhiubdrguqvixugviakdk/SourcePackages/checkouts/firebase-ios-sdk/FirebaseAnalyticsWrapper/include -Xcc -I/Users/mahhhia/Library/Developer/Xcode/DerivedData/SciTechHub-csrdwtxzhiubdrguqvixugviakdk/SourcePackages/checkouts/firebase-ios-sdk/FirebaseInstallations/Source/Library/Public -Xcc -I/Users/mahhhia/Library/Developer/Xcode/DerivedData/SciTechHub-csrdwtxzhiubdrguqvixugviakdk/SourcePackages/checkouts/firebase-ios-sdk/SwiftPM-PlatformExclude/FirebaseAnalyticsWrap/include -Xcc -I/Users/mahhhia/Library/Developer/Xcode/DerivedData/SciTechHub-csrdwtxzhiubdrguqvixugviakdk/SourcePackages/checkouts/interop-ios-for-google-sdks/RecaptchaEnterprise/RecaptchaInterop/Public -Xcc -I/Users/mahhhia/Library/Developer/Xcode/DerivedData/SciTechHub-csrdwtxzhiubdrguqvixugviakdk/SourcePackages/checkouts/GoogleUtilities/GoogleUtilities/Network/Public -Xcc -I/Users/mahhhia/Library/Developer/Xcode/DerivedData/SciTechHub-csrdwtxzhiubdrguqvixugviakdk/SourcePackages/checkouts/GoogleUtilities/GoogleUtilities/Reachability/Public -Xcc -I/Users/mahhhia/Library/Developer/Xcode/DerivedData/SciTechHub-csrdwtxzhiubdrguqvixugviakdk/SourcePackages/checkouts/GoogleUtilities/GoogleUtilities/AppDelegateSwizzler/Public -Xcc -I/Users/mahhhia/Library/Developer/Xcode/DerivedData/SciTechHub-csrdwtxzhiubdrguqvixugviakdk/SourcePackages/checkouts/gtm-session-fetcher/Sources/Core/Public -Xcc -I/Users/mahhhia/Library/Developer/Xcode/DerivedData/SciTechHub-csrdwtxzhiubdrguqvixugviakdk/SourcePackages/checkouts/firebase-ios-sdk/FirebaseAuth/Sources/Public -Xcc -I/Users/mahhhia/Library/Developer/Xcode/DerivedData/SciTechHub-csrdwtxzhiubdrguqvixugviakdk/SourcePackages/checkouts/firebase-ios-sdk/FirebaseAuth/Interop/Public -Xcc -I/Users/mahhhia/Library/Developer/Xcode/DerivedData/SciTechHub-csrdwtxzhiubdrguqvixugviakdk/SourcePackages/checkouts/GoogleUtilities/GoogleUtilities/NSData+zlib/Public -Xcc -I/Users/mahhhia/Library/Developer/Xcode/DerivedData/SciTechHub-csrdwtxzhiubdrguqvixugviakdk/SourcePackages/checkouts/GoogleUtilities/GoogleUtilities/Environment/Public -Xcc -I/Users/mahhhia/Library/Developer/Xcode/DerivedData/SciTechHub-csrdwtxzhiubdrguqvixugviakdk/SourcePackages/checkouts/GoogleUtilities/third_party/IsAppEncrypted/Public -Xcc -I/Users/mahhhia/Library/Developer/Xcode/DerivedData/SciTechHub-csrdwtxzhiubdrguqvixugviakdk/SourcePackages/checkouts/GoogleUtilities/GoogleUtilities/Logger/Public -Xcc -I/Users/mahhhia/Library/Developer/Xcode/DerivedData/SciTechHub-csrdwtxzhiubdrguqvixugviakdk/SourcePackages/checkouts/abseil-cpp-binary/absl-Wrapper/include -Xcc -I/Users/mahhhia/Library/Developer/Xcode/DerivedData/SciTechHub-csrdwtxzhiubdrguqvixugviakdk/SourcePackages/checkouts/grpc-binary/openssl-grpc-Wrapper/include -Xcc -I/Users/mahhhia/Library/Developer/Xcode/DerivedData/SciTechHub-csrdwtxzhiubdrguqvixugviakdk/SourcePackages/checkouts/grpc-binary/grpc-Wrapper/include -Xcc -I/Users/mahhhia/Library/Developer/Xcode/DerivedData/SciTechHub-csrdwtxzhiubdrguqvixugviakdk/SourcePackages/checkouts/grpc-binary/grpcpp-Wrapper/include -Xcc -I/Users/mahhhia/Library/Developer/Xcode/DerivedData/SciTechHub-csrdwtxzhiubdrguqvixugviakdk/SourcePackages/checkouts/nanopb/spm_headers -Xcc -I/Users/mahhhia/Library/Developer/Xcode/DerivedData/SciTechHub-csrdwtxzhiubdrguqvixugviakdk/SourcePackages/checkouts/leveldb/include -Xcc -I/Users/mahhhia/Library/Developer/Xcode/DerivedData/SciTechHub-csrdwtxzhiubdrguqvixugviakdk/SourcePackages/checkouts/firebase-ios-sdk/FirebaseCore/Extension -Xcc -I/Users/mahhhia/Library/Developer/Xcode/DerivedData/SciTechHub-csrdwtxzhiubdrguqvixugviakdk/SourcePackages/checkouts/firebase-ios-sdk/FirebaseCore/Sources/Public -Xcc -I/Users/mahhhia/Library/Developer/Xcode/DerivedData/SciTechHub-csrdwtxzhiubdrguqvixugviakdk/SourcePackages/checkouts/firebase-ios-sdk/CoreOnly/Sources -Xcc -I/Users/mahhhia/Library/Developer/Xcode/DerivedData/SciTechHub-csrdwtxzhiubdrguqvixugviakdk/SourcePackages/checkouts/firebase-ios-sdk/FirebaseAppCheck/Interop/Public -Xcc -I/Users/mahhhia/Library/Developer/Xcode/DerivedData/SciTechHub-csrdwtxzhiubdrguqvixugviakdk/SourcePackages/checkouts/firebase-ios-sdk/FirebaseFirestoreInternal -Xcc -I/Users/mahhhia/Library/Developer/Xcode/DerivedData/SciTechHub-csrdwtxzhiubdrguqvixugviakdk/SourcePackages/checkouts/firebase-ios-sdk/SwiftPM-PlatformExclude/FirebaseFirestoreWrap/include -Xcc -I/Users/mahhhia/Library/Developer/Xcode/DerivedData/SciTechHub-csrdwtxzhiubdrguqvixugviakdk/Build/Products/Debug-iphonesimulator/include -Xcc -I/Users/mahhhia/Library/Developer/Xcode/DerivedData/SciTechHub-csrdwtxzhiubdrguqvixugviakdk/Build/Intermediates.noindex/SciTechHub.build/Debug-iphonesimulator/SciTechHub.build/DerivedSources-normal/arm64 -Xcc -I/Users/mahhhia/Library/Developer/Xcode/DerivedData/SciTechHub-csrdwtxzhiubdrguqvixugviakdk/Build/Intermediates.noindex/SciTechHub.build/Debug-iphonesimulator/SciTechHub.build/DerivedSources/arm64 -Xcc -I/Users/mahhhia/Library/Developer/Xcode/DerivedData/SciTechHub-csrdwtxzhiubdrguqvixugviakdk/Build/Intermediates.noindex/SciTechHub.build/Debug-iphonesimulator/SciTechHub.build/DerivedSources -Xcc -DDEBUG\=1 -emit-objc-header -emit-objc-header-path /Users/mahhhia/Library/Developer/Xcode/DerivedData/SciTechHub-csrdwtxzhiubdrguqvixugviakdk/Build/Intermediates.noindex/SciTechHub.build/Debug-iphonesimulator/SciTechHub.build/Objects-normal/arm64/SciTechHub-Swift.h -working-directory /Users/mahhhia/Documents/SciTechHub -experimental-emit-module-separately -disable-cmo

SwiftDriver SciTechHub normal x86_64 com.apple.xcode.tools.swift.compiler (in target 'SciTechHub' from project 'SciTechHub')
    cd /Users/mahhhia/Documents/SciTechHub
    builtin-SwiftDriver -- /Applications/Xcode.app/Contents/Developer/Toolchains/XcodeDefault.xctoolchain/usr/bin/swiftc -module-name SciTechHub -Onone @/Users/mahhhia/Library/Developer/Xcode/DerivedData/SciTechHub-csrdwtxzhiubdrguqvixugviakdk/Build/Intermediates.noindex/SciTechHub.build/Debug-iphonesimulator/SciTechHub.build/Objects-normal/x86_64/SciTechHub.SwiftFileList -DDEBUG -Xcc -fmodule-map-file\=/Users/mahhhia/Library/Developer/Xcode/DerivedData/SciTechHub-csrdwtxzhiubdrguqvixugviakdk/Build/Intermediates.noindex/GeneratedModuleMaps-iphonesimulator/GoogleUtilities-UserDefaults.modulemap -Xcc -fmodule-map-file\=/Users/mahhhia/Library/Developer/Xcode/DerivedData/SciTechHub-csrdwtxzhiubdrguqvixugviakdk/Build/Intermediates.noindex/GeneratedModuleMaps-iphonesimulator/GoogleAdsOnDeviceConversionTarget.modulemap -Xcc -fmodule-map-file\=/Users/mahhhia/Library/Developer/Xcode/DerivedData/SciTechHub-csrdwtxzhiubdrguqvixugviakdk/Build/Intermediates.noindex/GeneratedModuleMaps-iphonesimulator/GoogleAppMeasurementTarget.modulemap -Xcc -fmodule-map-file\=/Users/mahhhia/Library/Developer/Xcode/DerivedData/SciTechHub-csrdwtxzhiubdrguqvixugviakdk/Build/Intermediates.noindex/GeneratedModuleMaps-iphonesimulator/GoogleUtilities-MethodSwizzler.modulemap -Xcc -fmodule-map-file\=/Users/mahhhia/Library/Developer/Xcode/DerivedData/SciTechHub-csrdwtxzhiubdrguqvixugviakdk/Build/Intermediates.noindex/GeneratedModuleMaps-iphonesimulator/FirebaseAnalyticsWrapper.modulemap -Xcc -fmodule-map-file\=/Users/mahhhia/Library/Developer/Xcode/DerivedData/SciTechHub-csrdwtxzhiubdrguqvixugviakdk/Build/Intermediates.noindex/GeneratedModuleMaps-iphonesimulator/FirebaseInstallations.modulemap -Xcc -fmodule-map-file\=/Users/mahhhia/Library/Developer/Xcode/DerivedData/SciTechHub-csrdwtxzhiubdrguqvixugviakdk/Build/Intermediates.noindex/GeneratedModuleMaps-iphonesimulator/FirebaseAnalyticsTarget.modulemap -Xcc -fmodule-map-file\=/Users/mahhhia/Library/Developer/Xcode/DerivedData/SciTechHub-csrdwtxzhiubdrguqvixugviakdk/Build/Intermediates.noindex/GeneratedModuleMaps-iphonesimulator/RecaptchaInterop.modulemap -Xcc -fmodule-map-file\=/Users/mahhhia/Library/Developer/Xcode/DerivedData/SciTechHub-csrdwtxzhiubdrguqvixugviakdk/Build/Intermediates.noindex/GeneratedModuleMaps-iphonesimulator/GoogleUtilities-Network.modulemap -Xcc -fmodule-map-file\=/Users/mahhhia/Library/Developer/Xcode/DerivedData/SciTechHub-csrdwtxzhiubdrguqvixugviakdk/Build/Intermediates.noindex/GeneratedModuleMaps-iphonesimulator/GoogleUtilities-Reachability.modulemap -Xcc -fmodule-map-file\=/Users/mahhhia/Library/Developer/Xcode/DerivedData/SciTechHub-csrdwtxzhiubdrguqvixugviakdk/Build/Intermediates.noindex/GeneratedModuleMaps-iphonesimulator/GoogleUtilities-AppDelegateSwizzler.modulemap -Xcc -fmodule-map-file\=/Users/mahhhia/Library/Developer/Xcode/DerivedData/SciTechHub-csrdwtxzhiubdrguqvixugviakdk/Build/Intermediates.noindex/GeneratedModuleMaps-iphonesimulator/GTMSessionFetcherCore.modulemap -Xcc -fmodule-map-file\=/Users/mahhhia/Library/Developer/Xcode/DerivedData/SciTechHub-csrdwtxzhiubdrguqvixugviakdk/Build/Intermediates.noindex/GeneratedModuleMaps-iphonesimulator/FirebaseAuthInternal.modulemap -Xcc -fmodule-map-file\=/Users/mahhhia/Library/Developer/Xcode/DerivedData/SciTechHub-csrdwtxzhiubdrguqvixugviakdk/Build/Intermediates.noindex/GeneratedModuleMaps-iphonesimulator/FirebaseAuthInterop.modulemap -Xcc -fmodule-map-file\=/Users/mahhhia/Library/Developer/Xcode/DerivedData/SciTechHub-csrdwtxzhiubdrguqvixugviakdk/Build/Intermediates.noindex/GeneratedModuleMaps-iphonesimulator/GoogleUtilities-NSData.modulemap -Xcc -fmodule-map-file\=/Users/mahhhia/Library/Developer/Xcode/DerivedData/SciTechHub-csrdwtxzhiubdrguqvixugviakdk/Build/Intermediates.noindex/GeneratedModuleMaps-iphonesimulator/GoogleUtilities-Environment.modulemap -Xcc -fmodule-map-file\=/Users/mahhhia/Library/Developer/Xcode/DerivedData/SciTechHub-csrdwtxzhiubdrguqvixugviakdk/Build/Intermediates.noindex/GeneratedModuleMaps-iphonesimulator/third-party-IsAppEncrypted.modulemap -Xcc -fmodule-map-file\=/Users/mahhhia/Library/Developer/Xcode/DerivedData/SciTechHub-csrdwtxzhiubdrguqvixugviakdk/Build/Intermediates.noindex/GeneratedModuleMaps-iphonesimulator/GoogleUtilities-Logger.modulemap -Xcc -fmodule-map-file\=/Users/mahhhia/Library/Developer/Xcode/DerivedData/SciTechHub-csrdwtxzhiubdrguqvixugviakdk/Build/Intermediates.noindex/GeneratedModuleMaps-iphonesimulator/abslWrapper.modulemap -Xcc -fmodule-map-file\=/Users/mahhhia/Library/Developer/Xcode/DerivedData/SciTechHub-csrdwtxzhiubdrguqvixugviakdk/Build/Intermediates.noindex/GeneratedModuleMaps-iphonesimulator/opensslWrapper.modulemap -Xcc -fmodule-map-file\=/Users/mahhhia/Library/Developer/Xcode/DerivedData/SciTechHub-csrdwtxzhiubdrguqvixugviakdk/Build/Intermediates.noindex/GeneratedModuleMaps-iphonesimulator/grpcWrapper.modulemap -Xcc -fmodule-map-file\=/Users/mahhhia/Library/Developer/Xcode/DerivedData/SciTechHub-csrdwtxzhiubdrguqvixugviakdk/Build/Intermediates.noindex/GeneratedModuleMaps-iphonesimulator/grpcppWrapper.modulemap -Xcc -fmodule-map-file\=/Users/mahhhia/Library/Developer/Xcode/DerivedData/SciTechHub-csrdwtxzhiubdrguqvixugviakdk/Build/Intermediates.noindex/GeneratedModuleMaps-iphonesimulator/nanopb.modulemap -Xcc -fmodule-map-file\=/Users/mahhhia/Library/Developer/Xcode/DerivedData/SciTechHub-csrdwtxzhiubdrguqvixugviakdk/Build/Intermediates.noindex/GeneratedModuleMaps-iphonesimulator/leveldb.modulemap -Xcc -fmodule-map-file\=/Users/mahhhia/Library/Developer/Xcode/DerivedData/SciTechHub-csrdwtxzhiubdrguqvixugviakdk/Build/Intermediates.noindex/GeneratedModuleMaps-iphonesimulator/FirebaseCoreExtension.modulemap -Xcc -fmodule-map-file\=/Users/mahhhia/Library/Developer/Xcode/DerivedData/SciTechHub-csrdwtxzhiubdrguqvixugviakdk/Build/Intermediates.noindex/GeneratedModuleMaps-iphonesimulator/FirebaseCore.modulemap -Xcc -fmodule-map-file\=/Users/mahhhia/Library/Developer/Xcode/DerivedData/SciTechHub-csrdwtxzhiubdrguqvixugviakdk/Build/Intermediates.noindex/GeneratedModuleMaps-iphonesimulator/FirebaseAppCheckInterop.modulemap -Xcc -fmodule-map-file\=/Users/mahhhia/Library/Developer/Xcode/DerivedData/SciTechHub-csrdwtxzhiubdrguqvixugviakdk/Build/Intermediates.noindex/GeneratedModuleMaps-iphonesimulator/FirebaseFirestoreInternalWrapper.modulemap -Xcc -fmodule-map-file\=/Users/mahhhia/Library/Developer/Xcode/DerivedData/SciTechHub-csrdwtxzhiubdrguqvixugviakdk/Build/Intermediates.noindex/GeneratedModuleMaps-iphonesimulator/FirebaseFirestoreTarget.modulemap -enable-bare-slash-regex -enable-experimental-feature DebugDescriptionMacro -sdk /Applications/Xcode.app/Contents/Developer/Platforms/iPhoneSimulator.platform/Developer/SDKs/iPhoneSimulator26.4.sdk -target x86_64-apple-ios16.6-simulator -g -module-cache-path /Users/mahhhia/Library/Developer/Xcode/DerivedData/ModuleCache.noindex -Xfrontend -serialize-debugging-options -profile-coverage-mapping -profile-generate -enable-testing -index-store-path /Users/mahhhia/Library/Developer/Xcode/DerivedData/SciTechHub-csrdwtxzhiubdrguqvixugviakdk/Index.noindex/DataStore -Xcc -D_LIBCPP_HARDENING_MODE\=_LIBCPP_HARDENING_MODE_DEBUG -swift-version 5 -I /Users/mahhhia/Library/Developer/Xcode/DerivedData/SciTechHub-csrdwtxzhiubdrguqvixugviakdk/Build/Products/Debug-iphonesimulator -F /Users/mahhhia/Library/Developer/Xcode/DerivedData/SciTechHub-csrdwtxzhiubdrguqvixugviakdk/Build/Products/Debug-iphonesimulator/PackageFrameworks -F /Users/mahhhia/Library/Developer/Xcode/DerivedData/SciTechHub-csrdwtxzhiubdrguqvixugviakdk/Build/Products/Debug-iphonesimulator/PackageFrameworks -F /Users/mahhhia/Library/Developer/Xcode/DerivedData/SciTechHub-csrdwtxzhiubdrguqvixugviakdk/Build/Products/Debug-iphonesimulator/PackageFrameworks -F /Users/mahhhia/Library/Developer/Xcode/DerivedData/SciTechHub-csrdwtxzhiubdrguqvixugviakdk/Build/Products/Debug-iphonesimulator/PackageFrameworks -F /Users/mahhhia/Library/Developer/Xcode/DerivedData/SciTechHub-csrdwtxzhiubdrguqvixugviakdk/Build/Products/Debug-iphonesimulator/PackageFrameworks -F /Users/mahhhia/Library/Developer/Xcode/DerivedData/SciTechHub-csrdwtxzhiubdrguqvixugviakdk/Build/Products/Debug-iphonesimulator/PackageFrameworks -F /Users/mahhhia/Library/Developer/Xcode/DerivedData/SciTechHub-csrdwtxzhiubdrguqvixugviakdk/Build/Products/Debug-iphonesimulator/PackageFrameworks -F /Users/mahhhia/Library/Developer/Xcode/DerivedData/SciTechHub-csrdwtxzhiubdrguqvixugviakdk/Build/Products/Debug-iphonesimulator/PackageFrameworks -F /Users/mahhhia/Library/Developer/Xcode/DerivedData/SciTechHub-csrdwtxzhiubdrguqvixugviakdk/Build/Products/Debug-iphonesimulator/PackageFrameworks -F /Users/mahhhia/Library/Developer/Xcode/DerivedData/SciTechHub-csrdwtxzhiubdrguqvixugviakdk/Build/Products/Debug-iphonesimulator/PackageFrameworks -F /Users/mahhhia/Library/Developer/Xcode/DerivedData/SciTechHub-csrdwtxzhiubdrguqvixugviakdk/Build/Products/Debug-iphonesimulator/PackageFrameworks -F /Users/mahhhia/Library/Developer/Xcode/DerivedData/SciTechHub-csrdwtxzhiubdrguqvixugviakdk/Build/Products/Debug-iphonesimulator/PackageFrameworks -F /Users/mahhhia/Library/Developer/Xcode/DerivedData/SciTechHub-csrdwtxzhiubdrguqvixugviakdk/Build/Products/Debug-iphonesimulator/PackageFrameworks -F /Users/mahhhia/Library/Developer/Xcode/DerivedData/SciTechHub-csrdwtxzhiubdrguqvixugviakdk/Build/Products/Debug-iphonesimulator/PackageFrameworks -F /Users/mahhhia/Library/Developer/Xcode/DerivedData/SciTechHub-csrdwtxzhiubdrguqvixugviakdk/Build/Products/Debug-iphonesimulator/PackageFrameworks -F /Users/mahhhia/Library/Developer/Xcode/DerivedData/SciTechHub-csrdwtxzhiubdrguqvixugviakdk/Build/Products/Debug-iphonesimulator/PackageFrameworks -F /Users/mahhhia/Library/Developer/Xcode/DerivedData/SciTechHub-csrdwtxzhiubdrguqvixugviakdk/Build/Products/Debug-iphonesimulator/PackageFrameworks -F /Users/mahhhia/Library/Developer/Xcode/DerivedData/SciTechHub-csrdwtxzhiubdrguqvixugviakdk/Build/Products/Debug-iphonesimulator/PackageFrameworks -F /Users/mahhhia/Library/Developer/Xcode/DerivedData/SciTechHub-csrdwtxzhiubdrguqvixugviakdk/Build/Products/Debug-iphonesimulator/PackageFrameworks -F /Users/mahhhia/Library/Developer/Xcode/DerivedData/SciTechHub-csrdwtxzhiubdrguqvixugviakdk/Build/Products/Debug-iphonesimulator/PackageFrameworks -F /Users/mahhhia/Library/Developer/Xcode/DerivedData/SciTechHub-csrdwtxzhiubdrguqvixugviakdk/Build/Products/Debug-iphonesimulator/PackageFrameworks -F /Users/mahhhia/Library/Developer/Xcode/DerivedData/SciTechHub-csrdwtxzhiubdrguqvixugviakdk/Build/Products/Debug-iphonesimulator/PackageFrameworks -F /Users/mahhhia/Library/Developer/Xcode/DerivedData/SciTechHub-csrdwtxzhiubdrguqvixugviakdk/Build/Products/Debug-iphonesimulator/PackageFrameworks -F /Users/mahhhia/Library/Developer/Xcode/DerivedData/SciTechHub-csrdwtxzhiubdrguqvixugviakdk/Build/Products/Debug-iphonesimulator/PackageFrameworks -F /Users/mahhhia/Library/Developer/Xcode/DerivedData/SciTechHub-csrdwtxzhiubdrguqvixugviakdk/Build/Products/Debug-iphonesimulator/PackageFrameworks -F /Users/mahhhia/Library/Developer/Xcode/DerivedData/SciTechHub-csrdwtxzhiubdrguqvixugviakdk/Build/Products/Debug-iphonesimulator/PackageFrameworks -F /Users/mahhhia/Library/Developer/Xcode/DerivedData/SciTechHub-csrdwtxzhiubdrguqvixugviakdk/Build/Products/Debug-iphonesimulator/PackageFrameworks -F /Users/mahhhia/Library/Developer/Xcode/DerivedData/SciTechHub-csrdwtxzhiubdrguqvixugviakdk/Build/Products/Debug-iphonesimulator/PackageFrameworks -F /Users/mahhhia/Library/Developer/Xcode/DerivedData/SciTechHub-csrdwtxzhiubdrguqvixugviakdk/Build/Products/Debug-iphonesimulator/PackageFrameworks -F /Users/mahhhia/Library/Developer/Xcode/DerivedData/SciTechHub-csrdwtxzhiubdrguqvixugviakdk/Build/Products/Debug-iphonesimulator/PackageFrameworks -F /Users/mahhhia/Library/Developer/Xcode/DerivedData/SciTechHub-csrdwtxzhiubdrguqvixugviakdk/Build/Products/Debug-iphonesimulator/PackageFrameworks -F /Users/mahhhia/Library/Developer/Xcode/DerivedData/SciTechHub-csrdwtxzhiubdrguqvixugviakdk/Build/Products/Debug-iphonesimulator/PackageFrameworks -F /Users/mahhhia/Library/Developer/Xcode/DerivedData/SciTechHub-csrdwtxzhiubdrguqvixugviakdk/Build/Products/Debug-iphonesimulator/PackageFrameworks -F /Users/mahhhia/Library/Developer/Xcode/DerivedData/SciTechHub-csrdwtxzhiubdrguqvixugviakdk/Build/Products/Debug-iphonesimulator/PackageFrameworks -F /Users/mahhhia/Library/Developer/Xcode/DerivedData/SciTechHub-csrdwtxzhiubdrguqvixugviakdk/Build/Products/Debug-iphonesimulator/PackageFrameworks -F /Users/mahhhia/Library/Developer/Xcode/DerivedData/SciTechHub-csrdwtxzhiubdrguqvixugviakdk/Build/Products/Debug-iphonesimulator/PackageFrameworks -F /Users/mahhhia/Library/Developer/Xcode/DerivedData/SciTechHub-csrdwtxzhiubdrguqvixugviakdk/Build/Products/Debug-iphonesimulator -emit-localized-strings -emit-localized-strings-path /Users/mahhhia/Library/Developer/Xcode/DerivedData/SciTechHub-csrdwtxzhiubdrguqvixugviakdk/Build/Intermediates.noindex/SciTechHub.build/Debug-iphonesimulator/SciTechHub.build/Objects-normal/x86_64 -c -j10 -enable-batch-mode -incremental -Xcc -ivfsstatcache -Xcc /Users/mahhhia/Library/Developer/Xcode/DerivedData/SDKStatCaches.noindex/iphonesimulator26.4-23E252-686eebb5dc1d8ecb277353a59184f4aa.sdkstatcache -output-file-map /Users/mahhhia/Library/Developer/Xcode/DerivedData/SciTechHub-csrdwtxzhiubdrguqvixugviakdk/Build/Intermediates.noindex/SciTechHub.build/Debug-iphonesimulator/SciTechHub.build/Objects-normal/x86_64/SciTechHub-OutputFileMap.json -use-frontend-parseable-output -save-temps -no-color-diagnostics -explicit-module-build -module-cache-path /Users/mahhhia/Library/Developer/Xcode/DerivedData/SciTechHub-csrdwtxzhiubdrguqvixugviakdk/Build/Intermediates.noindex/SwiftExplicitPrecompiledModules -clang-scanner-module-cache-path /Users/mahhhia/Library/Developer/Xcode/DerivedData/ModuleCache.noindex -sdk-module-cache-path /Users/mahhhia/Library/Developer/Xcode/DerivedData/ModuleCache.noindex -serialize-diagnostics -emit-dependencies -emit-module -emit-module-path /Users/mahhhia/Library/Developer/Xcode/DerivedData/SciTechHub-csrdwtxzhiubdrguqvixugviakdk/Build/Intermediates.noindex/SciTechHub.build/Debug-iphonesimulator/SciTechHub.build/Objects-normal/x86_64/SciTechHub.swiftmodule -validate-clang-modules-once -clang-build-session-file /Users/mahhhia/Library/Developer/Xcode/DerivedData/ModuleCache.noindex/Session.modulevalidation -Xcc -I/Users/mahhhia/Library/Developer/Xcode/DerivedData/SciTechHub-csrdwtxzhiubdrguqvixugviakdk/Build/Intermediates.noindex/SciTechHub.build/Debug-iphonesimulator/SciTechHub.build/swift-overrides.hmap -emit-const-values -Xfrontend -const-gather-protocols-file -Xfrontend /Users/mahhhia/Library/Developer/Xcode/DerivedData/SciTechHub-csrdwtxzhiubdrguqvixugviakdk/Build/Intermediates.noindex/SciTechHub.build/Debug-iphonesimulator/SciTechHub.build/Objects-normal/x86_64/SciTechHub_const_extract_protocols.json -Xcc -iquote -Xcc /Users/mahhhia/Library/Developer/Xcode/DerivedData/SciTechHub-csrdwtxzhiubdrguqvixugviakdk/Build/Intermediates.noindex/SciTechHub.build/Debug-iphonesimulator/SciTechHub.build/SciTechHub-generated-files.hmap -Xcc -I/Users/mahhhia/Library/Developer/Xcode/DerivedData/SciTechHub-csrdwtxzhiubdrguqvixugviakdk/Build/Intermediates.noindex/SciTechHub.build/Debug-iphonesimulator/SciTechHub.build/SciTechHub-own-target-headers.hmap -Xcc -I/Users/mahhhia/Library/Developer/Xcode/DerivedData/SciTechHub-csrdwtxzhiubdrguqvixugviakdk/Build/Intermediates.noindex/SciTechHub.build/Debug-iphonesimulator/SciTechHub.build/SciTechHub-all-non-framework-target-headers.hmap -Xcc -ivfsoverlay -Xcc /Users/mahhhia/Library/Developer/Xcode/DerivedData/SciTechHub-csrdwtxzhiubdrguqvixugviakdk/Build/Intermediates.noindex/SciTechHub.build/Debug-iphonesimulator/SciTechHub-b72c93980f41c196507f010a794e0704-VFS-iphonesimulator/all-product-headers.yaml -Xcc -iquote -Xcc /Users/mahhhia/Library/Developer/Xcode/DerivedData/SciTechHub-csrdwtxzhiubdrguqvixugviakdk/Build/Intermediates.noindex/SciTechHub.build/Debug-iphonesimulator/SciTechHub.build/SciTechHub-project-headers.hmap -Xcc -I/Users/mahhhia/Library/Developer/Xcode/DerivedData/SciTechHub-csrdwtxzhiubdrguqvixugviakdk/SourcePackages/checkouts/promises/Sources/FBLPromises/include -Xcc -I/Users/mahhhia/Library/Developer/Xcode/DerivedData/SciTechHub-csrdwtxzhiubdrguqvixugviakdk/SourcePackages/checkouts/GoogleUtilities/GoogleUtilities/UserDefaults/Public -Xcc -I/Users/mahhhia/Library/Developer/Xcode/DerivedData/SciTechHub-csrdwtxzhiubdrguqvixugviakdk/SourcePackages/checkouts/google-ads-on-device-conversion-ios-sdk/GoogleAdsOnDeviceConversionWrapper/include -Xcc -I/Users/mahhhia/Library/Developer/Xcode/DerivedData/SciTechHub-csrdwtxzhiubdrguqvixugviakdk/SourcePackages/checkouts/GoogleAppMeasurement/GoogleAppMeasurementWrapper/include -Xcc -I/Users/mahhhia/Library/Developer/Xcode/DerivedData/SciTechHub-csrdwtxzhiubdrguqvixugviakdk/SourcePackages/checkouts/GoogleUtilities/GoogleUtilities/MethodSwizzler/Public -Xcc -I/Users/mahhhia/Library/Developer/Xcode/DerivedData/SciTechHub-csrdwtxzhiubdrguqvixugviakdk/SourcePackages/checkouts/firebase-ios-sdk/FirebaseAnalyticsWrapper/include -Xcc -I/Users/mahhhia/Library/Developer/Xcode/DerivedData/SciTechHub-csrdwtxzhiubdrguqvixugviakdk/SourcePackages/checkouts/firebase-ios-sdk/FirebaseInstallations/Source/Library/Public -Xcc -I/Users/mahhhia/Library/Developer/Xcode/DerivedData/SciTechHub-csrdwtxzhiubdrguqvixugviakdk/SourcePackages/checkouts/firebase-ios-sdk/SwiftPM-PlatformExclude/FirebaseAnalyticsWrap/include -Xcc -I/Users/mahhhia/Library/Developer/Xcode/DerivedData/SciTechHub-csrdwtxzhiubdrguqvixugviakdk/SourcePackages/checkouts/interop-ios-for-google-sdks/RecaptchaEnterprise/RecaptchaInterop/Public -Xcc -I/Users/mahhhia/Library/Developer/Xcode/DerivedData/SciTechHub-csrdwtxzhiubdrguqvixugviakdk/SourcePackages/checkouts/GoogleUtilities/GoogleUtilities/Network/Public -Xcc -I/Users/mahhhia/Library/Developer/Xcode/DerivedData/SciTechHub-csrdwtxzhiubdrguqvixugviakdk/SourcePackages/checkouts/GoogleUtilities/GoogleUtilities/Reachability/Public -Xcc -I/Users/mahhhia/Library/Developer/Xcode/DerivedData/SciTechHub-csrdwtxzhiubdrguqvixugviakdk/SourcePackages/checkouts/GoogleUtilities/GoogleUtilities/AppDelegateSwizzler/Public -Xcc -I/Users/mahhhia/Library/Developer/Xcode/DerivedData/SciTechHub-csrdwtxzhiubdrguqvixugviakdk/SourcePackages/checkouts/gtm-session-fetcher/Sources/Core/Public -Xcc -I/Users/mahhhia/Library/Developer/Xcode/DerivedData/SciTechHub-csrdwtxzhiubdrguqvixugviakdk/SourcePackages/checkouts/firebase-ios-sdk/FirebaseAuth/Sources/Public -Xcc -I/Users/mahhhia/Library/Developer/Xcode/DerivedData/SciTechHub-csrdwtxzhiubdrguqvixugviakdk/SourcePackages/checkouts/firebase-ios-sdk/FirebaseAuth/Interop/Public -Xcc -I/Users/mahhhia/Library/Developer/Xcode/DerivedData/SciTechHub-csrdwtxzhiubdrguqvixugviakdk/SourcePackages/checkouts/GoogleUtilities/GoogleUtilities/NSData+zlib/Public -Xcc -I/Users/mahhhia/Library/Developer/Xcode/DerivedData/SciTechHub-csrdwtxzhiubdrguqvixugviakdk/SourcePackages/checkouts/GoogleUtilities/GoogleUtilities/Environment/Public -Xcc -I/Users/mahhhia/Library/Developer/Xcode/DerivedData/SciTechHub-csrdwtxzhiubdrguqvixugviakdk/SourcePackages/checkouts/GoogleUtilities/third_party/IsAppEncrypted/Public -Xcc -I/Users/mahhhia/Library/Developer/Xcode/DerivedData/SciTechHub-csrdwtxzhiubdrguqvixugviakdk/SourcePackages/checkouts/GoogleUtilities/GoogleUtilities/Logger/Public -Xcc -I/Users/mahhhia/Library/Developer/Xcode/DerivedData/SciTechHub-csrdwtxzhiubdrguqvixugviakdk/SourcePackages/checkouts/abseil-cpp-binary/absl-Wrapper/include -Xcc -I/Users/mahhhia/Library/Developer/Xcode/DerivedData/SciTechHub-csrdwtxzhiubdrguqvixugviakdk/SourcePackages/checkouts/grpc-binary/openssl-grpc-Wrapper/include -Xcc -I/Users/mahhhia/Library/Developer/Xcode/DerivedData/SciTechHub-csrdwtxzhiubdrguqvixugviakdk/SourcePackages/checkouts/grpc-binary/grpc-Wrapper/include -Xcc -I/Users/mahhhia/Library/Developer/Xcode/DerivedData/SciTechHub-csrdwtxzhiubdrguqvixugviakdk/SourcePackages/checkouts/grpc-binary/grpcpp-Wrapper/include -Xcc -I/Users/mahhhia/Library/Developer/Xcode/DerivedData/SciTechHub-csrdwtxzhiubdrguqvixugviakdk/SourcePackages/checkouts/nanopb/spm_headers -Xcc -I/Users/mahhhia/Library/Developer/Xcode/DerivedData/SciTechHub-csrdwtxzhiubdrguqvixugviakdk/SourcePackages/checkouts/leveldb/include -Xcc -I/Users/mahhhia/Library/Developer/Xcode/DerivedData/SciTechHub-csrdwtxzhiubdrguqvixugviakdk/SourcePackages/checkouts/firebase-ios-sdk/FirebaseCore/Extension -Xcc -I/Users/mahhhia/Library/Developer/Xcode/DerivedData/SciTechHub-csrdwtxzhiubdrguqvixugviakdk/SourcePackages/checkouts/firebase-ios-sdk/FirebaseCore/Sources/Public -Xcc -I/Users/mahhhia/Library/Developer/Xcode/DerivedData/SciTechHub-csrdwtxzhiubdrguqvixugviakdk/SourcePackages/checkouts/firebase-ios-sdk/CoreOnly/Sources -Xcc -I/Users/mahhhia/Library/Developer/Xcode/DerivedData/SciTechHub-csrdwtxzhiubdrguqvixugviakdk/SourcePackages/checkouts/firebase-ios-sdk/FirebaseAppCheck/Interop/Public -Xcc -I/Users/mahhhia/Library/Developer/Xcode/DerivedData/SciTechHub-csrdwtxzhiubdrguqvixugviakdk/SourcePackages/checkouts/firebase-ios-sdk/FirebaseFirestoreInternal -Xcc -I/Users/mahhhia/Library/Developer/Xcode/DerivedData/SciTechHub-csrdwtxzhiubdrguqvixugviakdk/SourcePackages/checkouts/firebase-ios-sdk/SwiftPM-PlatformExclude/FirebaseFirestoreWrap/include -Xcc -I/Users/mahhhia/Library/Developer/Xcode/DerivedData/SciTechHub-csrdwtxzhiubdrguqvixugviakdk/Build/Products/Debug-iphonesimulator/include -Xcc -I/Users/mahhhia/Library/Developer/Xcode/DerivedData/SciTechHub-csrdwtxzhiubdrguqvixugviakdk/Build/Intermediates.noindex/SciTechHub.build/Debug-iphonesimulator/SciTechHub.build/DerivedSources-normal/x86_64 -Xcc -I/Users/mahhhia/Library/Developer/Xcode/DerivedData/SciTechHub-csrdwtxzhiubdrguqvixugviakdk/Build/Intermediates.noindex/SciTechHub.build/Debug-iphonesimulator/SciTechHub.build/DerivedSources/x86_64 -Xcc -I/Users/mahhhia/Library/Developer/Xcode/DerivedData/SciTechHub-csrdwtxzhiubdrguqvixugviakdk/Build/Intermediates.noindex/SciTechHub.build/Debug-iphonesimulator/SciTechHub.build/DerivedSources -Xcc -DDEBUG\=1 -emit-objc-header -emit-objc-header-path /Users/mahhhia/Library/Developer/Xcode/DerivedData/SciTechHub-csrdwtxzhiubdrguqvixugviakdk/Build/Intermediates.noindex/SciTechHub.build/Debug-iphonesimulator/SciTechHub.build/Objects-normal/x86_64/SciTechHub-Swift.h -working-directory /Users/mahhhia/Documents/SciTechHub -experimental-emit-module-separately -disable-cmo

SwiftEmitModule normal x86_64 Emitting\ module\ for\ SciTechHub (in target 'SciTechHub' from project 'SciTechHub')

EmitSwiftModule normal x86_64 (in target 'SciTechHub' from project 'SciTechHub')
    cd /Users/mahhhia/Documents/SciTechHub
    

SwiftCompile normal x86_64 Compiling\ MainTabView.swift /Users/mahhhia/Documents/SciTechHub/SciTechHub/MainTabView.swift (in target 'SciTechHub' from project 'SciTechHub')
SwiftCompile normal x86_64 /Users/mahhhia/Documents/SciTechHub/SciTechHub/MainTabView.swift (in target 'SciTechHub' from project 'SciTechHub')
    cd /Users/mahhhia/Documents/SciTechHub
    
/Users/mahhhia/Documents/SciTechHub/SciTechHub/MainTabView.swift:562:24: warning: capture of 'user' with non-Sendable type 'User' in a '@Sendable' closure
                    ?? user.displayName
                       ^
FirebaseAuth.User:2:27: note: class 'User' does not conform to the 'Sendable' protocol
@objc(FIRUser) open class User : NSObject, FirebaseAuth.UserInfo {
                          ^
/Users/mahhhia/Documents/SciTechHub/SciTechHub/MainTabView.swift:2:1: warning: add '@preconcurrency' to suppress 'Sendable'-related warnings from module 'FirebaseAuth'
import FirebaseAuth
^
@preconcurrency 
/Users/mahhhia/Documents/SciTechHub/SciTechHub/MainTabView.swift:750:24: warning: capture of 'user' with non-Sendable type 'User' in a '@Sendable' closure
                    ?? user.displayName
                       ^
FirebaseAuth.User:2:27: note: class 'User' does not conform to the 'Sendable' protocol
@objc(FIRUser) open class User : NSObject, FirebaseAuth.UserInfo {
                          ^

SwiftEmitModule normal arm64 Emitting\ module\ for\ SciTechHub (in target 'SciTechHub' from project 'SciTechHub')

EmitSwiftModule normal arm64 (in target 'SciTechHub' from project 'SciTechHub')
    cd /Users/mahhhia/Documents/SciTechHub
    

SwiftCompile normal arm64 Compiling\ MainTabView.swift /Users/mahhhia/Documents/SciTechHub/SciTechHub/MainTabView.swift (in target 'SciTechHub' from project 'SciTechHub')
SwiftCompile normal arm64 /Users/mahhhia/Documents/SciTechHub/SciTechHub/MainTabView.swift (in target 'SciTechHub' from project 'SciTechHub')
    cd /Users/mahhhia/Documents/SciTechHub
    
/Users/mahhhia/Documents/SciTechHub/SciTechHub/MainTabView.swift:562:24: warning: capture of 'user' with non-Sendable type 'User' in a '@Sendable' closure
                    ?? user.displayName
                       ^
FirebaseAuth.User:2:27: note: class 'User' does not conform to the 'Sendable' protocol
@objc(FIRUser) open class User : NSObject, FirebaseAuth.UserInfo {
                          ^
/Users/mahhhia/Documents/SciTechHub/SciTechHub/MainTabView.swift:2:1: warning: add '@preconcurrency' to suppress 'Sendable'-related warnings from module 'FirebaseAuth'
import FirebaseAuth
^
@preconcurrency 
/Users/mahhhia/Documents/SciTechHub/SciTechHub/MainTabView.swift:750:24: warning: capture of 'user' with non-Sendable type 'User' in a '@Sendable' closure
                    ?? user.displayName
                       ^
FirebaseAuth.User:2:27: note: class 'User' does not conform to the 'Sendable' protocol
@objc(FIRUser) open class User : NSObject, FirebaseAuth.UserInfo {
                          ^

SwiftDriverJobDiscovery normal arm64 Emitting module for SciTechHub (in target 'SciTechHub' from project 'SciTechHub')

SwiftDriver\ Compilation\ Requirements SciTechHub normal arm64 com.apple.xcode.tools.swift.compiler (in target 'SciTechHub' from project 'SciTechHub')
    cd /Users/mahhhia/Documents/SciTechHub
    builtin-Swift-Compilation-Requirements -- /Applications/Xcode.app/Contents/Developer/Toolchains/XcodeDefault.xctoolchain/usr/bin/swiftc -module-name SciTechHub -Onone @/Users/mahhhia/Library/Developer/Xcode/DerivedData/SciTechHub-csrdwtxzhiubdrguqvixugviakdk/Build/Intermediates.noindex/SciTechHub.build/Debug-iphonesimulator/SciTechHub.build/Objects-normal/arm64/SciTechHub.SwiftFileList -DDEBUG -Xcc -fmodule-map-file\=/Users/mahhhia/Library/Developer/Xcode/DerivedData/SciTechHub-csrdwtxzhiubdrguqvixugviakdk/Build/Intermediates.noindex/GeneratedModuleMaps-iphonesimulator/GoogleUtilities-UserDefaults.modulemap -Xcc -fmodule-map-file\=/Users/mahhhia/Library/Developer/Xcode/DerivedData/SciTechHub-csrdwtxzhiubdrguqvixugviakdk/Build/Intermediates.noindex/GeneratedModuleMaps-iphonesimulator/GoogleAdsOnDeviceConversionTarget.modulemap -Xcc -fmodule-map-file\=/Users/mahhhia/Library/Developer/Xcode/DerivedData/SciTechHub-csrdwtxzhiubdrguqvixugviakdk/Build/Intermediates.noindex/GeneratedModuleMaps-iphonesimulator/GoogleAppMeasurementTarget.modulemap -Xcc -fmodule-map-file\=/Users/mahhhia/Library/Developer/Xcode/DerivedData/SciTechHub-csrdwtxzhiubdrguqvixugviakdk/Build/Intermediates.noindex/GeneratedModuleMaps-iphonesimulator/GoogleUtilities-MethodSwizzler.modulemap -Xcc -fmodule-map-file\=/Users/mahhhia/Library/Developer/Xcode/DerivedData/SciTechHub-csrdwtxzhiubdrguqvixugviakdk/Build/Intermediates.noindex/GeneratedModuleMaps-iphonesimulator/FirebaseAnalyticsWrapper.modulemap -Xcc -fmodule-map-file\=/Users/mahhhia/Library/Developer/Xcode/DerivedData/SciTechHub-csrdwtxzhiubdrguqvixugviakdk/Build/Intermediates.noindex/GeneratedModuleMaps-iphonesimulator/FirebaseInstallations.modulemap -Xcc -fmodule-map-file\=/Users/mahhhia/Library/Developer/Xcode/DerivedData/SciTechHub-csrdwtxzhiubdrguqvixugviakdk/Build/Intermediates.noindex/GeneratedModuleMaps-iphonesimulator/FirebaseAnalyticsTarget.modulemap -Xcc -fmodule-map-file\=/Users/mahhhia/Library/Developer/Xcode/DerivedData/SciTechHub-csrdwtxzhiubdrguqvixugviakdk/Build/Intermediates.noindex/GeneratedModuleMaps-iphonesimulator/RecaptchaInterop.modulemap -Xcc -fmodule-map-file\=/Users/mahhhia/Library/Developer/Xcode/DerivedData/SciTechHub-csrdwtxzhiubdrguqvixugviakdk/Build/Intermediates.noindex/GeneratedModuleMaps-iphonesimulator/GoogleUtilities-Network.modulemap -Xcc -fmodule-map-file\=/Users/mahhhia/Library/Developer/Xcode/DerivedData/SciTechHub-csrdwtxzhiubdrguqvixugviakdk/Build/Intermediates.noindex/GeneratedModuleMaps-iphonesimulator/GoogleUtilities-Reachability.modulemap -Xcc -fmodule-map-file\=/Users/mahhhia/Library/Developer/Xcode/DerivedData/SciTechHub-csrdwtxzhiubdrguqvixugviakdk/Build/Intermediates.noindex/GeneratedModuleMaps-iphonesimulator/GoogleUtilities-AppDelegateSwizzler.modulemap -Xcc -fmodule-map-file\=/Users/mahhhia/Library/Developer/Xcode/DerivedData/SciTechHub-csrdwtxzhiubdrguqvixugviakdk/Build/Intermediates.noindex/GeneratedModuleMaps-iphonesimulator/GTMSessionFetcherCore.modulemap -Xcc -fmodule-map-file\=/Users/mahhhia/Library/Developer/Xcode/DerivedData/SciTechHub-csrdwtxzhiubdrguqvixugviakdk/Build/Intermediates.noindex/GeneratedModuleMaps-iphonesimulator/FirebaseAuthInternal.modulemap -Xcc -fmodule-map-file\=/Users/mahhhia/Library/Developer/Xcode/DerivedData/SciTechHub-csrdwtxzhiubdrguqvixugviakdk/Build/Intermediates.noindex/GeneratedModuleMaps-iphonesimulator/FirebaseAuthInterop.modulemap -Xcc -fmodule-map-file\=/Users/mahhhia/Library/Developer/Xcode/DerivedData/SciTechHub-csrdwtxzhiubdrguqvixugviakdk/Build/Intermediates.noindex/GeneratedModuleMaps-iphonesimulator/GoogleUtilities-NSData.modulemap -Xcc -fmodule-map-file\=/Users/mahhhia/Library/Developer/Xcode/DerivedData/SciTechHub-csrdwtxzhiubdrguqvixugviakdk/Build/Intermediates.noindex/GeneratedModuleMaps-iphonesimulator/GoogleUtilities-Environment.modulemap -Xcc -fmodule-map-file\=/Users/mahhhia/Library/Developer/Xcode/DerivedData/SciTechHub-csrdwtxzhiubdrguqvixugviakdk/Build/Intermediates.noindex/GeneratedModuleMaps-iphonesimulator/third-party-IsAppEncrypted.modulemap -Xcc -fmodule-map-file\=/Users/mahhhia/Library/Developer/Xcode/DerivedData/SciTechHub-csrdwtxzhiubdrguqvixugviakdk/Build/Intermediates.noindex/GeneratedModuleMaps-iphonesimulator/GoogleUtilities-Logger.modulemap -Xcc -fmodule-map-file\=/Users/mahhhia/Library/Developer/Xcode/DerivedData/SciTechHub-csrdwtxzhiubdrguqvixugviakdk/Build/Intermediates.noindex/GeneratedModuleMaps-iphonesimulator/abslWrapper.modulemap -Xcc -fmodule-map-file\=/Users/mahhhia/Library/Developer/Xcode/DerivedData/SciTechHub-csrdwtxzhiubdrguqvixugviakdk/Build/Intermediates.noindex/GeneratedModuleMaps-iphonesimulator/opensslWrapper.modulemap -Xcc -fmodule-map-file\=/Users/mahhhia/Library/Developer/Xcode/DerivedData/SciTechHub-csrdwtxzhiubdrguqvixugviakdk/Build/Intermediates.noindex/GeneratedModuleMaps-iphonesimulator/grpcWrapper.modulemap -Xcc -fmodule-map-file\=/Users/mahhhia/Library/Developer/Xcode/DerivedData/SciTechHub-csrdwtxzhiubdrguqvixugviakdk/Build/Intermediates.noindex/GeneratedModuleMaps-iphonesimulator/grpcppWrapper.modulemap -Xcc -fmodule-map-file\=/Users/mahhhia/Library/Developer/Xcode/DerivedData/SciTechHub-csrdwtxzhiubdrguqvixugviakdk/Build/Intermediates.noindex/GeneratedModuleMaps-iphonesimulator/nanopb.modulemap -Xcc -fmodule-map-file\=/Users/mahhhia/Library/Developer/Xcode/DerivedData/SciTechHub-csrdwtxzhiubdrguqvixugviakdk/Build/Intermediates.noindex/GeneratedModuleMaps-iphonesimulator/leveldb.modulemap -Xcc -fmodule-map-file\=/Users/mahhhia/Library/Developer/Xcode/DerivedData/SciTechHub-csrdwtxzhiubdrguqvixugviakdk/Build/Intermediates.noindex/GeneratedModuleMaps-iphonesimulator/FirebaseCoreExtension.modulemap -Xcc -fmodule-map-file\=/Users/mahhhia/Library/Developer/Xcode/DerivedData/SciTechHub-csrdwtxzhiubdrguqvixugviakdk/Build/Intermediates.noindex/GeneratedModuleMaps-iphonesimulator/FirebaseCore.modulemap -Xcc -fmodule-map-file\=/Users/mahhhia/Library/Developer/Xcode/DerivedData/SciTechHub-csrdwtxzhiubdrguqvixugviakdk/Build/Intermediates.noindex/GeneratedModuleMaps-iphonesimulator/FirebaseAppCheckInterop.modulemap -Xcc -fmodule-map-file\=/Users/mahhhia/Library/Developer/Xcode/DerivedData/SciTechHub-csrdwtxzhiubdrguqvixugviakdk/Build/Intermediates.noindex/GeneratedModuleMaps-iphonesimulator/FirebaseFirestoreInternalWrapper.modulemap -Xcc -fmodule-map-file\=/Users/mahhhia/Library/Developer/Xcode/DerivedData/SciTechHub-csrdwtxzhiubdrguqvixugviakdk/Build/Intermediates.noindex/GeneratedModuleMaps-iphonesimulator/FirebaseFirestoreTarget.modulemap -enable-bare-slash-regex -enable-experimental-feature DebugDescriptionMacro -sdk /Applications/Xcode.app/Contents/Developer/Platforms/iPhoneSimulator.platform/Developer/SDKs/iPhoneSimulator26.4.sdk -target arm64-apple-ios16.6-simulator -g -module-cache-path /Users/mahhhia/Library/Developer/Xcode/DerivedData/ModuleCache.noindex -Xfrontend -serialize-debugging-options -profile-coverage-mapping -profile-generate -enable-testing -index-store-path /Users/mahhhia/Library/Developer/Xcode/DerivedData/SciTechHub-csrdwtxzhiubdrguqvixugviakdk/Index.noindex/DataStore -Xcc -D_LIBCPP_HARDENING_MODE\=_LIBCPP_HARDENING_MODE_DEBUG -swift-version 5 -I /Users/mahhhia/Library/Developer/Xcode/DerivedData/SciTechHub-csrdwtxzhiubdrguqvixugviakdk/Build/Products/Debug-iphonesimulator -F /Users/mahhhia/Library/Developer/Xcode/DerivedData/SciTechHub-csrdwtxzhiubdrguqvixugviakdk/Build/Products/Debug-iphonesimulator/PackageFrameworks -F /Users/mahhhia/Library/Developer/Xcode/DerivedData/SciTechHub-csrdwtxzhiubdrguqvixugviakdk/Build/Products/Debug-iphonesimulator/PackageFrameworks -F /Users/mahhhia/Library/Developer/Xcode/DerivedData/SciTechHub-csrdwtxzhiubdrguqvixugviakdk/Build/Products/Debug-iphonesimulator/PackageFrameworks -F /Users/mahhhia/Library/Developer/Xcode/DerivedData/SciTechHub-csrdwtxzhiubdrguqvixugviakdk/Build/Products/Debug-iphonesimulator/PackageFrameworks -F /Users/mahhhia/Library/Developer/Xcode/DerivedData/SciTechHub-csrdwtxzhiubdrguqvixugviakdk/Build/Products/Debug-iphonesimulator/PackageFrameworks -F /Users/mahhhia/Library/Developer/Xcode/DerivedData/SciTechHub-csrdwtxzhiubdrguqvixugviakdk/Build/Products/Debug-iphonesimulator/PackageFrameworks -F /Users/mahhhia/Library/Developer/Xcode/DerivedData/SciTechHub-csrdwtxzhiubdrguqvixugviakdk/Build/Products/Debug-iphonesimulator/PackageFrameworks -F /Users/mahhhia/Library/Developer/Xcode/DerivedData/SciTechHub-csrdwtxzhiubdrguqvixugviakdk/Build/Products/Debug-iphonesimulator/PackageFrameworks -F /Users/mahhhia/Library/Developer/Xcode/DerivedData/SciTechHub-csrdwtxzhiubdrguqvixugviakdk/Build/Products/Debug-iphonesimulator/PackageFrameworks -F /Users/mahhhia/Library/Developer/Xcode/DerivedData/SciTechHub-csrdwtxzhiubdrguqvixugviakdk/Build/Products/Debug-iphonesimulator/PackageFrameworks -F /Users/mahhhia/Library/Developer/Xcode/DerivedData/SciTechHub-csrdwtxzhiubdrguqvixugviakdk/Build/Products/Debug-iphonesimulator/PackageFrameworks -F /Users/mahhhia/Library/Developer/Xcode/DerivedData/SciTechHub-csrdwtxzhiubdrguqvixugviakdk/Build/Products/Debug-iphonesimulator/PackageFrameworks -F /Users/mahhhia/Library/Developer/Xcode/DerivedData/SciTechHub-csrdwtxzhiubdrguqvixugviakdk/Build/Products/Debug-iphonesimulator/PackageFrameworks -F /Users/mahhhia/Library/Developer/Xcode/DerivedData/SciTechHub-csrdwtxzhiubdrguqvixugviakdk/Build/Products/Debug-iphonesimulator/PackageFrameworks -F /Users/mahhhia/Library/Developer/Xcode/DerivedData/SciTechHub-csrdwtxzhiubdrguqvixugviakdk/Build/Products/Debug-iphonesimulator/PackageFrameworks -F /Users/mahhhia/Library/Developer/Xcode/DerivedData/SciTechHub-csrdwtxzhiubdrguqvixugviakdk/Build/Products/Debug-iphonesimulator/PackageFrameworks -F /Users/mahhhia/Library/Developer/Xcode/DerivedData/SciTechHub-csrdwtxzhiubdrguqvixugviakdk/Build/Products/Debug-iphonesimulator/PackageFrameworks -F /Users/mahhhia/Library/Developer/Xcode/DerivedData/SciTechHub-csrdwtxzhiubdrguqvixugviakdk/Build/Products/Debug-iphonesimulator/PackageFrameworks -F /Users/mahhhia/Library/Developer/Xcode/DerivedData/SciTechHub-csrdwtxzhiubdrguqvixugviakdk/Build/Products/Debug-iphonesimulator/PackageFrameworks -F /Users/mahhhia/Library/Developer/Xcode/DerivedData/SciTechHub-csrdwtxzhiubdrguqvixugviakdk/Build/Products/Debug-iphonesimulator/PackageFrameworks -F /Users/mahhhia/Library/Developer/Xcode/DerivedData/SciTechHub-csrdwtxzhiubdrguqvixugviakdk/Build/Products/Debug-iphonesimulator/PackageFrameworks -F /Users/mahhhia/Library/Developer/Xcode/DerivedData/SciTechHub-csrdwtxzhiubdrguqvixugviakdk/Build/Products/Debug-iphonesimulator/PackageFrameworks -F /Users/mahhhia/Library/Developer/Xcode/DerivedData/SciTechHub-csrdwtxzhiubdrguqvixugviakdk/Build/Products/Debug-iphonesimulator/PackageFrameworks -F /Users/mahhhia/Library/Developer/Xcode/DerivedData/SciTechHub-csrdwtxzhiubdrguqvixugviakdk/Build/Products/Debug-iphonesimulator/PackageFrameworks -F /Users/mahhhia/Library/Developer/Xcode/DerivedData/SciTechHub-csrdwtxzhiubdrguqvixugviakdk/Build/Products/Debug-iphonesimulator/PackageFrameworks -F /Users/mahhhia/Library/Developer/Xcode/DerivedData/SciTechHub-csrdwtxzhiubdrguqvixugviakdk/Build/Products/Debug-iphonesimulator/PackageFrameworks -F /Users/mahhhia/Library/Developer/Xcode/DerivedData/SciTechHub-csrdwtxzhiubdrguqvixugviakdk/Build/Products/Debug-iphonesimulator/PackageFrameworks -F /Users/mahhhia/Library/Developer/Xcode/DerivedData/SciTechHub-csrdwtxzhiubdrguqvixugviakdk/Build/Products/Debug-iphonesimulator/PackageFrameworks -F /Users/mahhhia/Library/Developer/Xcode/DerivedData/SciTechHub-csrdwtxzhiubdrguqvixugviakdk/Build/Products/Debug-iphonesimulator/PackageFrameworks -F /Users/mahhhia/Library/Developer/Xcode/DerivedData/SciTechHub-csrdwtxzhiubdrguqvixugviakdk/Build/Products/Debug-iphonesimulator/PackageFrameworks -F /Users/mahhhia/Library/Developer/Xcode/DerivedData/SciTechHub-csrdwtxzhiubdrguqvixugviakdk/Build/Products/Debug-iphonesimulator/PackageFrameworks -F /Users/mahhhia/Library/Developer/Xcode/DerivedData/SciTechHub-csrdwtxzhiubdrguqvixugviakdk/Build/Products/Debug-iphonesimulator/PackageFrameworks -F /Users/mahhhia/Library/Developer/Xcode/DerivedData/SciTechHub-csrdwtxzhiubdrguqvixugviakdk/Build/Products/Debug-iphonesimulator/PackageFrameworks -F /Users/mahhhia/Library/Developer/Xcode/DerivedData/SciTechHub-csrdwtxzhiubdrguqvixugviakdk/Build/Products/Debug-iphonesimulator/PackageFrameworks -F /Users/mahhhia/Library/Developer/Xcode/DerivedData/SciTechHub-csrdwtxzhiubdrguqvixugviakdk/Build/Products/Debug-iphonesimulator/PackageFrameworks -F /Users/mahhhia/Library/Developer/Xcode/DerivedData/SciTechHub-csrdwtxzhiubdrguqvixugviakdk/Build/Products/Debug-iphonesimulator/PackageFrameworks -F /Users/mahhhia/Library/Developer/Xcode/DerivedData/SciTechHub-csrdwtxzhiubdrguqvixugviakdk/Build/Products/Debug-iphonesimulator -emit-localized-strings -emit-localized-strings-path /Users/mahhhia/Library/Developer/Xcode/DerivedData/SciTechHub-csrdwtxzhiubdrguqvixugviakdk/Build/Intermediates.noindex/SciTechHub.build/Debug-iphonesimulator/SciTechHub.build/Objects-normal/arm64 -c -j10 -enable-batch-mode -incremental -Xcc -ivfsstatcache -Xcc /Users/mahhhia/Library/Developer/Xcode/DerivedData/SDKStatCaches.noindex/iphonesimulator26.4-23E252-686eebb5dc1d8ecb277353a59184f4aa.sdkstatcache -output-file-map /Users/mahhhia/Library/Developer/Xcode/DerivedData/SciTechHub-csrdwtxzhiubdrguqvixugviakdk/Build/Intermediates.noindex/SciTechHub.build/Debug-iphonesimulator/SciTechHub.build/Objects-normal/arm64/SciTechHub-OutputFileMap.json -use-frontend-parseable-output -save-temps -no-color-diagnostics -explicit-module-build -module-cache-path /Users/mahhhia/Library/Developer/Xcode/DerivedData/SciTechHub-csrdwtxzhiubdrguqvixugviakdk/Build/Intermediates.noindex/SwiftExplicitPrecompiledModules -clang-scanner-module-cache-path /Users/mahhhia/Library/Developer/Xcode/DerivedData/ModuleCache.noindex -sdk-module-cache-path /Users/mahhhia/Library/Developer/Xcode/DerivedData/ModuleCache.noindex -serialize-diagnostics -emit-dependencies -emit-module -emit-module-path /Users/mahhhia/Library/Developer/Xcode/DerivedData/SciTechHub-csrdwtxzhiubdrguqvixugviakdk/Build/Intermediates.noindex/SciTechHub.build/Debug-iphonesimulator/SciTechHub.build/Objects-normal/arm64/SciTechHub.swiftmodule -validate-clang-modules-once -clang-build-session-file /Users/mahhhia/Library/Developer/Xcode/DerivedData/ModuleCache.noindex/Session.modulevalidation -Xcc -I/Users/mahhhia/Library/Developer/Xcode/DerivedData/SciTechHub-csrdwtxzhiubdrguqvixugviakdk/Build/Intermediates.noindex/SciTechHub.build/Debug-iphonesimulator/SciTechHub.build/swift-overrides.hmap -emit-const-values -Xfrontend -const-gather-protocols-file -Xfrontend /Users/mahhhia/Library/Developer/Xcode/DerivedData/SciTechHub-csrdwtxzhiubdrguqvixugviakdk/Build/Intermediates.noindex/SciTechHub.build/Debug-iphonesimulator/SciTechHub.build/Objects-normal/arm64/SciTechHub_const_extract_protocols.json -Xcc -iquote -Xcc /Users/mahhhia/Library/Developer/Xcode/DerivedData/SciTechHub-csrdwtxzhiubdrguqvixugviakdk/Build/Intermediates.noindex/SciTechHub.build/Debug-iphonesimulator/SciTechHub.build/SciTechHub-generated-files.hmap -Xcc -I/Users/mahhhia/Library/Developer/Xcode/DerivedData/SciTechHub-csrdwtxzhiubdrguqvixugviakdk/Build/Intermediates.noindex/SciTechHub.build/Debug-iphonesimulator/SciTechHub.build/SciTechHub-own-target-headers.hmap -Xcc -I/Users/mahhhia/Library/Developer/Xcode/DerivedData/SciTechHub-csrdwtxzhiubdrguqvixugviakdk/Build/Intermediates.noindex/SciTechHub.build/Debug-iphonesimulator/SciTechHub.build/SciTechHub-all-non-framework-target-headers.hmap -Xcc -ivfsoverlay -Xcc /Users/mahhhia/Library/Developer/Xcode/DerivedData/SciTechHub-csrdwtxzhiubdrguqvixugviakdk/Build/Intermediates.noindex/SciTechHub.build/Debug-iphonesimulator/SciTechHub-b72c93980f41c196507f010a794e0704-VFS-iphonesimulator/all-product-headers.yaml -Xcc -iquote -Xcc /Users/mahhhia/Library/Developer/Xcode/DerivedData/SciTechHub-csrdwtxzhiubdrguqvixugviakdk/Build/Intermediates.noindex/SciTechHub.build/Debug-iphonesimulator/SciTechHub.build/SciTechHub-project-headers.hmap -Xcc -I/Users/mahhhia/Library/Developer/Xcode/DerivedData/SciTechHub-csrdwtxzhiubdrguqvixugviakdk/SourcePackages/checkouts/promises/Sources/FBLPromises/include -Xcc -I/Users/mahhhia/Library/Developer/Xcode/DerivedData/SciTechHub-csrdwtxzhiubdrguqvixugviakdk/SourcePackages/checkouts/GoogleUtilities/GoogleUtilities/UserDefaults/Public -Xcc -I/Users/mahhhia/Library/Developer/Xcode/DerivedData/SciTechHub-csrdwtxzhiubdrguqvixugviakdk/SourcePackages/checkouts/google-ads-on-device-conversion-ios-sdk/GoogleAdsOnDeviceConversionWrapper/include -Xcc -I/Users/mahhhia/Library/Developer/Xcode/DerivedData/SciTechHub-csrdwtxzhiubdrguqvixugviakdk/SourcePackages/checkouts/GoogleAppMeasurement/GoogleAppMeasurementWrapper/include -Xcc -I/Users/mahhhia/Library/Developer/Xcode/DerivedData/SciTechHub-csrdwtxzhiubdrguqvixugviakdk/SourcePackages/checkouts/GoogleUtilities/GoogleUtilities/MethodSwizzler/Public -Xcc -I/Users/mahhhia/Library/Developer/Xcode/DerivedData/SciTechHub-csrdwtxzhiubdrguqvixugviakdk/SourcePackages/checkouts/firebase-ios-sdk/FirebaseAnalyticsWrapper/include -Xcc -I/Users/mahhhia/Library/Developer/Xcode/DerivedData/SciTechHub-csrdwtxzhiubdrguqvixugviakdk/SourcePackages/checkouts/firebase-ios-sdk/FirebaseInstallations/Source/Library/Public -Xcc -I/Users/mahhhia/Library/Developer/Xcode/DerivedData/SciTechHub-csrdwtxzhiubdrguqvixugviakdk/SourcePackages/checkouts/firebase-ios-sdk/SwiftPM-PlatformExclude/FirebaseAnalyticsWrap/include -Xcc -I/Users/mahhhia/Library/Developer/Xcode/DerivedData/SciTechHub-csrdwtxzhiubdrguqvixugviakdk/SourcePackages/checkouts/interop-ios-for-google-sdks/RecaptchaEnterprise/RecaptchaInterop/Public -Xcc -I/Users/mahhhia/Library/Developer/Xcode/DerivedData/SciTechHub-csrdwtxzhiubdrguqvixugviakdk/SourcePackages/checkouts/GoogleUtilities/GoogleUtilities/Network/Public -Xcc -I/Users/mahhhia/Library/Developer/Xcode/DerivedData/SciTechHub-csrdwtxzhiubdrguqvixugviakdk/SourcePackages/checkouts/GoogleUtilities/GoogleUtilities/Reachability/Public -Xcc -I/Users/mahhhia/Library/Developer/Xcode/DerivedData/SciTechHub-csrdwtxzhiubdrguqvixugviakdk/SourcePackages/checkouts/GoogleUtilities/GoogleUtilities/AppDelegateSwizzler/Public -Xcc -I/Users/mahhhia/Library/Developer/Xcode/DerivedData/SciTechHub-csrdwtxzhiubdrguqvixugviakdk/SourcePackages/checkouts/gtm-session-fetcher/Sources/Core/Public -Xcc -I/Users/mahhhia/Library/Developer/Xcode/DerivedData/SciTechHub-csrdwtxzhiubdrguqvixugviakdk/SourcePackages/checkouts/firebase-ios-sdk/FirebaseAuth/Sources/Public -Xcc -I/Users/mahhhia/Library/Developer/Xcode/DerivedData/SciTechHub-csrdwtxzhiubdrguqvixugviakdk/SourcePackages/checkouts/firebase-ios-sdk/FirebaseAuth/Interop/Public -Xcc -I/Users/mahhhia/Library/Developer/Xcode/DerivedData/SciTechHub-csrdwtxzhiubdrguqvixugviakdk/SourcePackages/checkouts/GoogleUtilities/GoogleUtilities/NSData+zlib/Public -Xcc -I/Users/mahhhia/Library/Developer/Xcode/DerivedData/SciTechHub-csrdwtxzhiubdrguqvixugviakdk/SourcePackages/checkouts/GoogleUtilities/GoogleUtilities/Environment/Public -Xcc -I/Users/mahhhia/Library/Developer/Xcode/DerivedData/SciTechHub-csrdwtxzhiubdrguqvixugviakdk/SourcePackages/checkouts/GoogleUtilities/third_party/IsAppEncrypted/Public -Xcc -I/Users/mahhhia/Library/Developer/Xcode/DerivedData/SciTechHub-csrdwtxzhiubdrguqvixugviakdk/SourcePackages/checkouts/GoogleUtilities/GoogleUtilities/Logger/Public -Xcc -I/Users/mahhhia/Library/Developer/Xcode/DerivedData/SciTechHub-csrdwtxzhiubdrguqvixugviakdk/SourcePackages/checkouts/abseil-cpp-binary/absl-Wrapper/include -Xcc -I/Users/mahhhia/Library/Developer/Xcode/DerivedData/SciTechHub-csrdwtxzhiubdrguqvixugviakdk/SourcePackages/checkouts/grpc-binary/openssl-grpc-Wrapper/include -Xcc -I/Users/mahhhia/Library/Developer/Xcode/DerivedData/SciTechHub-csrdwtxzhiubdrguqvixugviakdk/SourcePackages/checkouts/grpc-binary/grpc-Wrapper/include -Xcc -I/Users/mahhhia/Library/Developer/Xcode/DerivedData/SciTechHub-csrdwtxzhiubdrguqvixugviakdk/SourcePackages/checkouts/grpc-binary/grpcpp-Wrapper/include -Xcc -I/Users/mahhhia/Library/Developer/Xcode/DerivedData/SciTechHub-csrdwtxzhiubdrguqvixugviakdk/SourcePackages/checkouts/nanopb/spm_headers -Xcc -I/Users/mahhhia/Library/Developer/Xcode/DerivedData/SciTechHub-csrdwtxzhiubdrguqvixugviakdk/SourcePackages/checkouts/leveldb/include -Xcc -I/Users/mahhhia/Library/Developer/Xcode/DerivedData/SciTechHub-csrdwtxzhiubdrguqvixugviakdk/SourcePackages/checkouts/firebase-ios-sdk/FirebaseCore/Extension -Xcc -I/Users/mahhhia/Library/Developer/Xcode/DerivedData/SciTechHub-csrdwtxzhiubdrguqvixugviakdk/SourcePackages/checkouts/firebase-ios-sdk/FirebaseCore/Sources/Public -Xcc -I/Users/mahhhia/Library/Developer/Xcode/DerivedData/SciTechHub-csrdwtxzhiubdrguqvixugviakdk/SourcePackages/checkouts/firebase-ios-sdk/CoreOnly/Sources -Xcc -I/Users/mahhhia/Library/Developer/Xcode/DerivedData/SciTechHub-csrdwtxzhiubdrguqvixugviakdk/SourcePackages/checkouts/firebase-ios-sdk/FirebaseAppCheck/Interop/Public -Xcc -I/Users/mahhhia/Library/Developer/Xcode/DerivedData/SciTechHub-csrdwtxzhiubdrguqvixugviakdk/SourcePackages/checkouts/firebase-ios-sdk/FirebaseFirestoreInternal -Xcc -I/Users/mahhhia/Library/Developer/Xcode/DerivedData/SciTechHub-csrdwtxzhiubdrguqvixugviakdk/SourcePackages/checkouts/firebase-ios-sdk/SwiftPM-PlatformExclude/FirebaseFirestoreWrap/include -Xcc -I/Users/mahhhia/Library/Developer/Xcode/DerivedData/SciTechHub-csrdwtxzhiubdrguqvixugviakdk/Build/Products/Debug-iphonesimulator/include -Xcc -I/Users/mahhhia/Library/Developer/Xcode/DerivedData/SciTechHub-csrdwtxzhiubdrguqvixugviakdk/Build/Intermediates.noindex/SciTechHub.build/Debug-iphonesimulator/SciTechHub.build/DerivedSources-normal/arm64 -Xcc -I/Users/mahhhia/Library/Developer/Xcode/DerivedData/SciTechHub-csrdwtxzhiubdrguqvixugviakdk/Build/Intermediates.noindex/SciTechHub.build/Debug-iphonesimulator/SciTechHub.build/DerivedSources/arm64 -Xcc -I/Users/mahhhia/Library/Developer/Xcode/DerivedData/SciTechHub-csrdwtxzhiubdrguqvixugviakdk/Build/Intermediates.noindex/SciTechHub.build/Debug-iphonesimulator/SciTechHub.build/DerivedSources -Xcc -DDEBUG\=1 -emit-objc-header -emit-objc-header-path /Users/mahhhia/Library/Developer/Xcode/DerivedData/SciTechHub-csrdwtxzhiubdrguqvixugviakdk/Build/Intermediates.noindex/SciTechHub.build/Debug-iphonesimulator/SciTechHub.build/Objects-normal/arm64/SciTechHub-Swift.h -working-directory /Users/mahhhia/Documents/SciTechHub -experimental-emit-module-separately -disable-cmo

SwiftDriverJobDiscovery normal x86_64 Emitting module for SciTechHub (in target 'SciTechHub' from project 'SciTechHub')

SwiftDriver\ Compilation\ Requirements SciTechHub normal x86_64 com.apple.xcode.tools.swift.compiler (in target 'SciTechHub' from project 'SciTechHub')
    cd /Users/mahhhia/Documents/SciTechHub
    builtin-Swift-Compilation-Requirements -- /Applications/Xcode.app/Contents/Developer/Toolchains/XcodeDefault.xctoolchain/usr/bin/swiftc -module-name SciTechHub -Onone @/Users/mahhhia/Library/Developer/Xcode/DerivedData/SciTechHub-csrdwtxzhiubdrguqvixugviakdk/Build/Intermediates.noindex/SciTechHub.build/Debug-iphonesimulator/SciTechHub.build/Objects-normal/x86_64/SciTechHub.SwiftFileList -DDEBUG -Xcc -fmodule-map-file\=/Users/mahhhia/Library/Developer/Xcode/DerivedData/SciTechHub-csrdwtxzhiubdrguqvixugviakdk/Build/Intermediates.noindex/GeneratedModuleMaps-iphonesimulator/GoogleUtilities-UserDefaults.modulemap -Xcc -fmodule-map-file\=/Users/mahhhia/Library/Developer/Xcode/DerivedData/SciTechHub-csrdwtxzhiubdrguqvixugviakdk/Build/Intermediates.noindex/GeneratedModuleMaps-iphonesimulator/GoogleAdsOnDeviceConversionTarget.modulemap -Xcc -fmodule-map-file\=/Users/mahhhia/Library/Developer/Xcode/DerivedData/SciTechHub-csrdwtxzhiubdrguqvixugviakdk/Build/Intermediates.noindex/GeneratedModuleMaps-iphonesimulator/GoogleAppMeasurementTarget.modulemap -Xcc -fmodule-map-file\=/Users/mahhhia/Library/Developer/Xcode/DerivedData/SciTechHub-csrdwtxzhiubdrguqvixugviakdk/Build/Intermediates.noindex/GeneratedModuleMaps-iphonesimulator/GoogleUtilities-MethodSwizzler.modulemap -Xcc -fmodule-map-file\=/Users/mahhhia/Library/Developer/Xcode/DerivedData/SciTechHub-csrdwtxzhiubdrguqvixugviakdk/Build/Intermediates.noindex/GeneratedModuleMaps-iphonesimulator/FirebaseAnalyticsWrapper.modulemap -Xcc -fmodule-map-file\=/Users/mahhhia/Library/Developer/Xcode/DerivedData/SciTechHub-csrdwtxzhiubdrguqvixugviakdk/Build/Intermediates.noindex/GeneratedModuleMaps-iphonesimulator/FirebaseInstallations.modulemap -Xcc -fmodule-map-file\=/Users/mahhhia/Library/Developer/Xcode/DerivedData/SciTechHub-csrdwtxzhiubdrguqvixugviakdk/Build/Intermediates.noindex/GeneratedModuleMaps-iphonesimulator/FirebaseAnalyticsTarget.modulemap -Xcc -fmodule-map-file\=/Users/mahhhia/Library/Developer/Xcode/DerivedData/SciTechHub-csrdwtxzhiubdrguqvixugviakdk/Build/Intermediates.noindex/GeneratedModuleMaps-iphonesimulator/RecaptchaInterop.modulemap -Xcc -fmodule-map-file\=/Users/mahhhia/Library/Developer/Xcode/DerivedData/SciTechHub-csrdwtxzhiubdrguqvixugviakdk/Build/Intermediates.noindex/GeneratedModuleMaps-iphonesimulator/GoogleUtilities-Network.modulemap -Xcc -fmodule-map-file\=/Users/mahhhia/Library/Developer/Xcode/DerivedData/SciTechHub-csrdwtxzhiubdrguqvixugviakdk/Build/Intermediates.noindex/GeneratedModuleMaps-iphonesimulator/GoogleUtilities-Reachability.modulemap -Xcc -fmodule-map-file\=/Users/mahhhia/Library/Developer/Xcode/DerivedData/SciTechHub-csrdwtxzhiubdrguqvixugviakdk/Build/Intermediates.noindex/GeneratedModuleMaps-iphonesimulator/GoogleUtilities-AppDelegateSwizzler.modulemap -Xcc -fmodule-map-file\=/Users/mahhhia/Library/Developer/Xcode/DerivedData/SciTechHub-csrdwtxzhiubdrguqvixugviakdk/Build/Intermediates.noindex/GeneratedModuleMaps-iphonesimulator/GTMSessionFetcherCore.modulemap -Xcc -fmodule-map-file\=/Users/mahhhia/Library/Developer/Xcode/DerivedData/SciTechHub-csrdwtxzhiubdrguqvixugviakdk/Build/Intermediates.noindex/GeneratedModuleMaps-iphonesimulator/FirebaseAuthInternal.modulemap -Xcc -fmodule-map-file\=/Users/mahhhia/Library/Developer/Xcode/DerivedData/SciTechHub-csrdwtxzhiubdrguqvixugviakdk/Build/Intermediates.noindex/GeneratedModuleMaps-iphonesimulator/FirebaseAuthInterop.modulemap -Xcc -fmodule-map-file\=/Users/mahhhia/Library/Developer/Xcode/DerivedData/SciTechHub-csrdwtxzhiubdrguqvixugviakdk/Build/Intermediates.noindex/GeneratedModuleMaps-iphonesimulator/GoogleUtilities-NSData.modulemap -Xcc -fmodule-map-file\=/Users/mahhhia/Library/Developer/Xcode/DerivedData/SciTechHub-csrdwtxzhiubdrguqvixugviakdk/Build/Intermediates.noindex/GeneratedModuleMaps-iphonesimulator/GoogleUtilities-Environment.modulemap -Xcc -fmodule-map-file\=/Users/mahhhia/Library/Developer/Xcode/DerivedData/SciTechHub-csrdwtxzhiubdrguqvixugviakdk/Build/Intermediates.noindex/GeneratedModuleMaps-iphonesimulator/third-party-IsAppEncrypted.modulemap -Xcc -fmodule-map-file\=/Users/mahhhia/Library/Developer/Xcode/DerivedData/SciTechHub-csrdwtxzhiubdrguqvixugviakdk/Build/Intermediates.noindex/GeneratedModuleMaps-iphonesimulator/GoogleUtilities-Logger.modulemap -Xcc -fmodule-map-file\=/Users/mahhhia/Library/Developer/Xcode/DerivedData/SciTechHub-csrdwtxzhiubdrguqvixugviakdk/Build/Intermediates.noindex/GeneratedModuleMaps-iphonesimulator/abslWrapper.modulemap -Xcc -fmodule-map-file\=/Users/mahhhia/Library/Developer/Xcode/DerivedData/SciTechHub-csrdwtxzhiubdrguqvixugviakdk/Build/Intermediates.noindex/GeneratedModuleMaps-iphonesimulator/opensslWrapper.modulemap -Xcc -fmodule-map-file\=/Users/mahhhia/Library/Developer/Xcode/DerivedData/SciTechHub-csrdwtxzhiubdrguqvixugviakdk/Build/Intermediates.noindex/GeneratedModuleMaps-iphonesimulator/grpcWrapper.modulemap -Xcc -fmodule-map-file\=/Users/mahhhia/Library/Developer/Xcode/DerivedData/SciTechHub-csrdwtxzhiubdrguqvixugviakdk/Build/Intermediates.noindex/GeneratedModuleMaps-iphonesimulator/grpcppWrapper.modulemap -Xcc -fmodule-map-file\=/Users/mahhhia/Library/Developer/Xcode/DerivedData/SciTechHub-csrdwtxzhiubdrguqvixugviakdk/Build/Intermediates.noindex/GeneratedModuleMaps-iphonesimulator/nanopb.modulemap -Xcc -fmodule-map-file\=/Users/mahhhia/Library/Developer/Xcode/DerivedData/SciTechHub-csrdwtxzhiubdrguqvixugviakdk/Build/Intermediates.noindex/GeneratedModuleMaps-iphonesimulator/leveldb.modulemap -Xcc -fmodule-map-file\=/Users/mahhhia/Library/Developer/Xcode/DerivedData/SciTechHub-csrdwtxzhiubdrguqvixugviakdk/Build/Intermediates.noindex/GeneratedModuleMaps-iphonesimulator/FirebaseCoreExtension.modulemap -Xcc -fmodule-map-file\=/Users/mahhhia/Library/Developer/Xcode/DerivedData/SciTechHub-csrdwtxzhiubdrguqvixugviakdk/Build/Intermediates.noindex/GeneratedModuleMaps-iphonesimulator/FirebaseCore.modulemap -Xcc -fmodule-map-file\=/Users/mahhhia/Library/Developer/Xcode/DerivedData/SciTechHub-csrdwtxzhiubdrguqvixugviakdk/Build/Intermediates.noindex/GeneratedModuleMaps-iphonesimulator/FirebaseAppCheckInterop.modulemap -Xcc -fmodule-map-file\=/Users/mahhhia/Library/Developer/Xcode/DerivedData/SciTechHub-csrdwtxzhiubdrguqvixugviakdk/Build/Intermediates.noindex/GeneratedModuleMaps-iphonesimulator/FirebaseFirestoreInternalWrapper.modulemap -Xcc -fmodule-map-file\=/Users/mahhhia/Library/Developer/Xcode/DerivedData/SciTechHub-csrdwtxzhiubdrguqvixugviakdk/Build/Intermediates.noindex/GeneratedModuleMaps-iphonesimulator/FirebaseFirestoreTarget.modulemap -enable-bare-slash-regex -enable-experimental-feature DebugDescriptionMacro -sdk /Applications/Xcode.app/Contents/Developer/Platforms/iPhoneSimulator.platform/Developer/SDKs/iPhoneSimulator26.4.sdk -target x86_64-apple-ios16.6-simulator -g -module-cache-path /Users/mahhhia/Library/Developer/Xcode/DerivedData/ModuleCache.noindex -Xfrontend -serialize-debugging-options -profile-coverage-mapping -profile-generate -enable-testing -index-store-path /Users/mahhhia/Library/Developer/Xcode/DerivedData/SciTechHub-csrdwtxzhiubdrguqvixugviakdk/Index.noindex/DataStore -Xcc -D_LIBCPP_HARDENING_MODE\=_LIBCPP_HARDENING_MODE_DEBUG -swift-version 5 -I /Users/mahhhia/Library/Developer/Xcode/DerivedData/SciTechHub-csrdwtxzhiubdrguqvixugviakdk/Build/Products/Debug-iphonesimulator -F /Users/mahhhia/Library/Developer/Xcode/DerivedData/SciTechHub-csrdwtxzhiubdrguqvixugviakdk/Build/Products/Debug-iphonesimulator/PackageFrameworks -F /Users/mahhhia/Library/Developer/Xcode/DerivedData/SciTechHub-csrdwtxzhiubdrguqvixugviakdk/Build/Products/Debug-iphonesimulator/PackageFrameworks -F /Users/mahhhia/Library/Developer/Xcode/DerivedData/SciTechHub-csrdwtxzhiubdrguqvixugviakdk/Build/Products/Debug-iphonesimulator/PackageFrameworks -F /Users/mahhhia/Library/Developer/Xcode/DerivedData/SciTechHub-csrdwtxzhiubdrguqvixugviakdk/Build/Products/Debug-iphonesimulator/PackageFrameworks -F /Users/mahhhia/Library/Developer/Xcode/DerivedData/SciTechHub-csrdwtxzhiubdrguqvixugviakdk/Build/Products/Debug-iphonesimulator/PackageFrameworks -F /Users/mahhhia/Library/Developer/Xcode/DerivedData/SciTechHub-csrdwtxzhiubdrguqvixugviakdk/Build/Products/Debug-iphonesimulator/PackageFrameworks -F /Users/mahhhia/Library/Developer/Xcode/DerivedData/SciTechHub-csrdwtxzhiubdrguqvixugviakdk/Build/Products/Debug-iphonesimulator/PackageFrameworks -F /Users/mahhhia/Library/Developer/Xcode/DerivedData/SciTechHub-csrdwtxzhiubdrguqvixugviakdk/Build/Products/Debug-iphonesimulator/PackageFrameworks -F /Users/mahhhia/Library/Developer/Xcode/DerivedData/SciTechHub-csrdwtxzhiubdrguqvixugviakdk/Build/Products/Debug-iphonesimulator/PackageFrameworks -F /Users/mahhhia/Library/Developer/Xcode/DerivedData/SciTechHub-csrdwtxzhiubdrguqvixugviakdk/Build/Products/Debug-iphonesimulator/PackageFrameworks -F /Users/mahhhia/Library/Developer/Xcode/DerivedData/SciTechHub-csrdwtxzhiubdrguqvixugviakdk/Build/Products/Debug-iphonesimulator/PackageFrameworks -F /Users/mahhhia/Library/Developer/Xcode/DerivedData/SciTechHub-csrdwtxzhiubdrguqvixugviakdk/Build/Products/Debug-iphonesimulator/PackageFrameworks -F /Users/mahhhia/Library/Developer/Xcode/DerivedData/SciTechHub-csrdwtxzhiubdrguqvixugviakdk/Build/Products/Debug-iphonesimulator/PackageFrameworks -F /Users/mahhhia/Library/Developer/Xcode/DerivedData/SciTechHub-csrdwtxzhiubdrguqvixugviakdk/Build/Products/Debug-iphonesimulator/PackageFrameworks -F /Users/mahhhia/Library/Developer/Xcode/DerivedData/SciTechHub-csrdwtxzhiubdrguqvixugviakdk/Build/Products/Debug-iphonesimulator/PackageFrameworks -F /Users/mahhhia/Library/Developer/Xcode/DerivedData/SciTechHub-csrdwtxzhiubdrguqvixugviakdk/Build/Products/Debug-iphonesimulator/PackageFrameworks -F /Users/mahhhia/Library/Developer/Xcode/DerivedData/SciTechHub-csrdwtxzhiubdrguqvixugviakdk/Build/Products/Debug-iphonesimulator/PackageFrameworks -F /Users/mahhhia/Library/Developer/Xcode/DerivedData/SciTechHub-csrdwtxzhiubdrguqvixugviakdk/Build/Products/Debug-iphonesimulator/PackageFrameworks -F /Users/mahhhia/Library/Developer/Xcode/DerivedData/SciTechHub-csrdwtxzhiubdrguqvixugviakdk/Build/Products/Debug-iphonesimulator/PackageFrameworks -F /Users/mahhhia/Library/Developer/Xcode/DerivedData/SciTechHub-csrdwtxzhiubdrguqvixugviakdk/Build/Products/Debug-iphonesimulator/PackageFrameworks -F /Users/mahhhia/Library/Developer/Xcode/DerivedData/SciTechHub-csrdwtxzhiubdrguqvixugviakdk/Build/Products/Debug-iphonesimulator/PackageFrameworks -F /Users/mahhhia/Library/Developer/Xcode/DerivedData/SciTechHub-csrdwtxzhiubdrguqvixugviakdk/Build/Products/Debug-iphonesimulator/PackageFrameworks -F /Users/mahhhia/Library/Developer/Xcode/DerivedData/SciTechHub-csrdwtxzhiubdrguqvixugviakdk/Build/Products/Debug-iphonesimulator/PackageFrameworks -F /Users/mahhhia/Library/Developer/Xcode/DerivedData/SciTechHub-csrdwtxzhiubdrguqvixugviakdk/Build/Products/Debug-iphonesimulator/PackageFrameworks -F /Users/mahhhia/Library/Developer/Xcode/DerivedData/SciTechHub-csrdwtxzhiubdrguqvixugviakdk/Build/Products/Debug-iphonesimulator/PackageFrameworks -F /Users/mahhhia/Library/Developer/Xcode/DerivedData/SciTechHub-csrdwtxzhiubdrguqvixugviakdk/Build/Products/Debug-iphonesimulator/PackageFrameworks -F /Users/mahhhia/Library/Developer/Xcode/DerivedData/SciTechHub-csrdwtxzhiubdrguqvixugviakdk/Build/Products/Debug-iphonesimulator/PackageFrameworks -F /Users/mahhhia/Library/Developer/Xcode/DerivedData/SciTechHub-csrdwtxzhiubdrguqvixugviakdk/Build/Products/Debug-iphonesimulator/PackageFrameworks -F /Users/mahhhia/Library/Developer/Xcode/DerivedData/SciTechHub-csrdwtxzhiubdrguqvixugviakdk/Build/Products/Debug-iphonesimulator/PackageFrameworks -F /Users/mahhhia/Library/Developer/Xcode/DerivedData/SciTechHub-csrdwtxzhiubdrguqvixugviakdk/Build/Products/Debug-iphonesimulator/PackageFrameworks -F /Users/mahhhia/Library/Developer/Xcode/DerivedData/SciTechHub-csrdwtxzhiubdrguqvixugviakdk/Build/Products/Debug-iphonesimulator/PackageFrameworks -F /Users/mahhhia/Library/Developer/Xcode/DerivedData/SciTechHub-csrdwtxzhiubdrguqvixugviakdk/Build/Products/Debug-iphonesimulator/PackageFrameworks -F /Users/mahhhia/Library/Developer/Xcode/DerivedData/SciTechHub-csrdwtxzhiubdrguqvixugviakdk/Build/Products/Debug-iphonesimulator/PackageFrameworks -F /Users/mahhhia/Library/Developer/Xcode/DerivedData/SciTechHub-csrdwtxzhiubdrguqvixugviakdk/Build/Products/Debug-iphonesimulator/PackageFrameworks -F /Users/mahhhia/Library/Developer/Xcode/DerivedData/SciTechHub-csrdwtxzhiubdrguqvixugviakdk/Build/Products/Debug-iphonesimulator/PackageFrameworks -F /Users/mahhhia/Library/Developer/Xcode/DerivedData/SciTechHub-csrdwtxzhiubdrguqvixugviakdk/Build/Products/Debug-iphonesimulator/PackageFrameworks -F /Users/mahhhia/Library/Developer/Xcode/DerivedData/SciTechHub-csrdwtxzhiubdrguqvixugviakdk/Build/Products/Debug-iphonesimulator -emit-localized-strings -emit-localized-strings-path /Users/mahhhia/Library/Developer/Xcode/DerivedData/SciTechHub-csrdwtxzhiubdrguqvixugviakdk/Build/Intermediates.noindex/SciTechHub.build/Debug-iphonesimulator/SciTechHub.build/Objects-normal/x86_64 -c -j10 -enable-batch-mode -incremental -Xcc -ivfsstatcache -Xcc /Users/mahhhia/Library/Developer/Xcode/DerivedData/SDKStatCaches.noindex/iphonesimulator26.4-23E252-686eebb5dc1d8ecb277353a59184f4aa.sdkstatcache -output-file-map /Users/mahhhia/Library/Developer/Xcode/DerivedData/SciTechHub-csrdwtxzhiubdrguqvixugviakdk/Build/Intermediates.noindex/SciTechHub.build/Debug-iphonesimulator/SciTechHub.build/Objects-normal/x86_64/SciTechHub-OutputFileMap.json -use-frontend-parseable-output -save-temps -no-color-diagnostics -explicit-module-build -module-cache-path /Users/mahhhia/Library/Developer/Xcode/DerivedData/SciTechHub-csrdwtxzhiubdrguqvixugviakdk/Build/Intermediates.noindex/SwiftExplicitPrecompiledModules -clang-scanner-module-cache-path /Users/mahhhia/Library/Developer/Xcode/DerivedData/ModuleCache.noindex -sdk-module-cache-path /Users/mahhhia/Library/Developer/Xcode/DerivedData/ModuleCache.noindex -serialize-diagnostics -emit-dependencies -emit-module -emit-module-path /Users/mahhhia/Library/Developer/Xcode/DerivedData/SciTechHub-csrdwtxzhiubdrguqvixugviakdk/Build/Intermediates.noindex/SciTechHub.build/Debug-iphonesimulator/SciTechHub.build/Objects-normal/x86_64/SciTechHub.swiftmodule -validate-clang-modules-once -clang-build-session-file /Users/mahhhia/Library/Developer/Xcode/DerivedData/ModuleCache.noindex/Session.modulevalidation -Xcc -I/Users/mahhhia/Library/Developer/Xcode/DerivedData/SciTechHub-csrdwtxzhiubdrguqvixugviakdk/Build/Intermediates.noindex/SciTechHub.build/Debug-iphonesimulator/SciTechHub.build/swift-overrides.hmap -emit-const-values -Xfrontend -const-gather-protocols-file -Xfrontend /Users/mahhhia/Library/Developer/Xcode/DerivedData/SciTechHub-csrdwtxzhiubdrguqvixugviakdk/Build/Intermediates.noindex/SciTechHub.build/Debug-iphonesimulator/SciTechHub.build/Objects-normal/x86_64/SciTechHub_const_extract_protocols.json -Xcc -iquote -Xcc /Users/mahhhia/Library/Developer/Xcode/DerivedData/SciTechHub-csrdwtxzhiubdrguqvixugviakdk/Build/Intermediates.noindex/SciTechHub.build/Debug-iphonesimulator/SciTechHub.build/SciTechHub-generated-files.hmap -Xcc -I/Users/mahhhia/Library/Developer/Xcode/DerivedData/SciTechHub-csrdwtxzhiubdrguqvixugviakdk/Build/Intermediates.noindex/SciTechHub.build/Debug-iphonesimulator/SciTechHub.build/SciTechHub-own-target-headers.hmap -Xcc -I/Users/mahhhia/Library/Developer/Xcode/DerivedData/SciTechHub-csrdwtxzhiubdrguqvixugviakdk/Build/Intermediates.noindex/SciTechHub.build/Debug-iphonesimulator/SciTechHub.build/SciTechHub-all-non-framework-target-headers.hmap -Xcc -ivfsoverlay -Xcc /Users/mahhhia/Library/Developer/Xcode/DerivedData/SciTechHub-csrdwtxzhiubdrguqvixugviakdk/Build/Intermediates.noindex/SciTechHub.build/Debug-iphonesimulator/SciTechHub-b72c93980f41c196507f010a794e0704-VFS-iphonesimulator/all-product-headers.yaml -Xcc -iquote -Xcc /Users/mahhhia/Library/Developer/Xcode/DerivedData/SciTechHub-csrdwtxzhiubdrguqvixugviakdk/Build/Intermediates.noindex/SciTechHub.build/Debug-iphonesimulator/SciTechHub.build/SciTechHub-project-headers.hmap -Xcc -I/Users/mahhhia/Library/Developer/Xcode/DerivedData/SciTechHub-csrdwtxzhiubdrguqvixugviakdk/SourcePackages/checkouts/promises/Sources/FBLPromises/include -Xcc -I/Users/mahhhia/Library/Developer/Xcode/DerivedData/SciTechHub-csrdwtxzhiubdrguqvixugviakdk/SourcePackages/checkouts/GoogleUtilities/GoogleUtilities/UserDefaults/Public -Xcc -I/Users/mahhhia/Library/Developer/Xcode/DerivedData/SciTechHub-csrdwtxzhiubdrguqvixugviakdk/SourcePackages/checkouts/google-ads-on-device-conversion-ios-sdk/GoogleAdsOnDeviceConversionWrapper/include -Xcc -I/Users/mahhhia/Library/Developer/Xcode/DerivedData/SciTechHub-csrdwtxzhiubdrguqvixugviakdk/SourcePackages/checkouts/GoogleAppMeasurement/GoogleAppMeasurementWrapper/include -Xcc -I/Users/mahhhia/Library/Developer/Xcode/DerivedData/SciTechHub-csrdwtxzhiubdrguqvixugviakdk/SourcePackages/checkouts/GoogleUtilities/GoogleUtilities/MethodSwizzler/Public -Xcc -I/Users/mahhhia/Library/Developer/Xcode/DerivedData/SciTechHub-csrdwtxzhiubdrguqvixugviakdk/SourcePackages/checkouts/firebase-ios-sdk/FirebaseAnalyticsWrapper/include -Xcc -I/Users/mahhhia/Library/Developer/Xcode/DerivedData/SciTechHub-csrdwtxzhiubdrguqvixugviakdk/SourcePackages/checkouts/firebase-ios-sdk/FirebaseInstallations/Source/Library/Public -Xcc -I/Users/mahhhia/Library/Developer/Xcode/DerivedData/SciTechHub-csrdwtxzhiubdrguqvixugviakdk/SourcePackages/checkouts/firebase-ios-sdk/SwiftPM-PlatformExclude/FirebaseAnalyticsWrap/include -Xcc -I/Users/mahhhia/Library/Developer/Xcode/DerivedData/SciTechHub-csrdwtxzhiubdrguqvixugviakdk/SourcePackages/checkouts/interop-ios-for-google-sdks/RecaptchaEnterprise/RecaptchaInterop/Public -Xcc -I/Users/mahhhia/Library/Developer/Xcode/DerivedData/SciTechHub-csrdwtxzhiubdrguqvixugviakdk/SourcePackages/checkouts/GoogleUtilities/GoogleUtilities/Network/Public -Xcc -I/Users/mahhhia/Library/Developer/Xcode/DerivedData/SciTechHub-csrdwtxzhiubdrguqvixugviakdk/SourcePackages/checkouts/GoogleUtilities/GoogleUtilities/Reachability/Public -Xcc -I/Users/mahhhia/Library/Developer/Xcode/DerivedData/SciTechHub-csrdwtxzhiubdrguqvixugviakdk/SourcePackages/checkouts/GoogleUtilities/GoogleUtilities/AppDelegateSwizzler/Public -Xcc -I/Users/mahhhia/Library/Developer/Xcode/DerivedData/SciTechHub-csrdwtxzhiubdrguqvixugviakdk/SourcePackages/checkouts/gtm-session-fetcher/Sources/Core/Public -Xcc -I/Users/mahhhia/Library/Developer/Xcode/DerivedData/SciTechHub-csrdwtxzhiubdrguqvixugviakdk/SourcePackages/checkouts/firebase-ios-sdk/FirebaseAuth/Sources/Public -Xcc -I/Users/mahhhia/Library/Developer/Xcode/DerivedData/SciTechHub-csrdwtxzhiubdrguqvixugviakdk/SourcePackages/checkouts/firebase-ios-sdk/FirebaseAuth/Interop/Public -Xcc -I/Users/mahhhia/Library/Developer/Xcode/DerivedData/SciTechHub-csrdwtxzhiubdrguqvixugviakdk/SourcePackages/checkouts/GoogleUtilities/GoogleUtilities/NSData+zlib/Public -Xcc -I/Users/mahhhia/Library/Developer/Xcode/DerivedData/SciTechHub-csrdwtxzhiubdrguqvixugviakdk/SourcePackages/checkouts/GoogleUtilities/GoogleUtilities/Environment/Public -Xcc -I/Users/mahhhia/Library/Developer/Xcode/DerivedData/SciTechHub-csrdwtxzhiubdrguqvixugviakdk/SourcePackages/checkouts/GoogleUtilities/third_party/IsAppEncrypted/Public -Xcc -I/Users/mahhhia/Library/Developer/Xcode/DerivedData/SciTechHub-csrdwtxzhiubdrguqvixugviakdk/SourcePackages/checkouts/GoogleUtilities/GoogleUtilities/Logger/Public -Xcc -I/Users/mahhhia/Library/Developer/Xcode/DerivedData/SciTechHub-csrdwtxzhiubdrguqvixugviakdk/SourcePackages/checkouts/abseil-cpp-binary/absl-Wrapper/include -Xcc -I/Users/mahhhia/Library/Developer/Xcode/DerivedData/SciTechHub-csrdwtxzhiubdrguqvixugviakdk/SourcePackages/checkouts/grpc-binary/openssl-grpc-Wrapper/include -Xcc -I/Users/mahhhia/Library/Developer/Xcode/DerivedData/SciTechHub-csrdwtxzhiubdrguqvixugviakdk/SourcePackages/checkouts/grpc-binary/grpc-Wrapper/include -Xcc -I/Users/mahhhia/Library/Developer/Xcode/DerivedData/SciTechHub-csrdwtxzhiubdrguqvixugviakdk/SourcePackages/checkouts/grpc-binary/grpcpp-Wrapper/include -Xcc -I/Users/mahhhia/Library/Developer/Xcode/DerivedData/SciTechHub-csrdwtxzhiubdrguqvixugviakdk/SourcePackages/checkouts/nanopb/spm_headers -Xcc -I/Users/mahhhia/Library/Developer/Xcode/DerivedData/SciTechHub-csrdwtxzhiubdrguqvixugviakdk/SourcePackages/checkouts/leveldb/include -Xcc -I/Users/mahhhia/Library/Developer/Xcode/DerivedData/SciTechHub-csrdwtxzhiubdrguqvixugviakdk/SourcePackages/checkouts/firebase-ios-sdk/FirebaseCore/Extension -Xcc -I/Users/mahhhia/Library/Developer/Xcode/DerivedData/SciTechHub-csrdwtxzhiubdrguqvixugviakdk/SourcePackages/checkouts/firebase-ios-sdk/FirebaseCore/Sources/Public -Xcc -I/Users/mahhhia/Library/Developer/Xcode/DerivedData/SciTechHub-csrdwtxzhiubdrguqvixugviakdk/SourcePackages/checkouts/firebase-ios-sdk/CoreOnly/Sources -Xcc -I/Users/mahhhia/Library/Developer/Xcode/DerivedData/SciTechHub-csrdwtxzhiubdrguqvixugviakdk/SourcePackages/checkouts/firebase-ios-sdk/FirebaseAppCheck/Interop/Public -Xcc -I/Users/mahhhia/Library/Developer/Xcode/DerivedData/SciTechHub-csrdwtxzhiubdrguqvixugviakdk/SourcePackages/checkouts/firebase-ios-sdk/FirebaseFirestoreInternal -Xcc -I/Users/mahhhia/Library/Developer/Xcode/DerivedData/SciTechHub-csrdwtxzhiubdrguqvixugviakdk/SourcePackages/checkouts/firebase-ios-sdk/SwiftPM-PlatformExclude/FirebaseFirestoreWrap/include -Xcc -I/Users/mahhhia/Library/Developer/Xcode/DerivedData/SciTechHub-csrdwtxzhiubdrguqvixugviakdk/Build/Products/Debug-iphonesimulator/include -Xcc -I/Users/mahhhia/Library/Developer/Xcode/DerivedData/SciTechHub-csrdwtxzhiubdrguqvixugviakdk/Build/Intermediates.noindex/SciTechHub.build/Debug-iphonesimulator/SciTechHub.build/DerivedSources-normal/x86_64 -Xcc -I/Users/mahhhia/Library/Developer/Xcode/DerivedData/SciTechHub-csrdwtxzhiubdrguqvixugviakdk/Build/Intermediates.noindex/SciTechHub.build/Debug-iphonesimulator/SciTechHub.build/DerivedSources/x86_64 -Xcc -I/Users/mahhhia/Library/Developer/Xcode/DerivedData/SciTechHub-csrdwtxzhiubdrguqvixugviakdk/Build/Intermediates.noindex/SciTechHub.build/Debug-iphonesimulator/SciTechHub.build/DerivedSources -Xcc -DDEBUG\=1 -emit-objc-header -emit-objc-header-path /Users/mahhhia/Library/Developer/Xcode/DerivedData/SciTechHub-csrdwtxzhiubdrguqvixugviakdk/Build/Intermediates.noindex/SciTechHub.build/Debug-iphonesimulator/SciTechHub.build/Objects-normal/x86_64/SciTechHub-Swift.h -working-directory /Users/mahhhia/Documents/SciTechHub -experimental-emit-module-separately -disable-cmo

Copy /Users/mahhhia/Library/Developer/Xcode/DerivedData/SciTechHub-csrdwtxzhiubdrguqvixugviakdk/Build/Products/Debug-iphonesimulator/SciTechHub.swiftmodule/x86_64-apple-ios-simulator.swiftmodule /Users/mahhhia/Library/Developer/Xcode/DerivedData/SciTechHub-csrdwtxzhiubdrguqvixugviakdk/Build/Intermediates.noindex/SciTechHub.build/Debug-iphonesimulator/SciTechHub.build/Objects-normal/x86_64/SciTechHub.swiftmodule (in target 'SciTechHub' from project 'SciTechHub')
    cd /Users/mahhhia/Documents/SciTechHub
    builtin-copy -exclude .DS_Store -exclude CVS -exclude .svn -exclude .git -exclude .hg -resolve-src-symlinks -rename /Users/mahhhia/Library/Developer/Xcode/DerivedData/SciTechHub-csrdwtxzhiubdrguqvixugviakdk/Build/Intermediates.noindex/SciTechHub.build/Debug-iphonesimulator/SciTechHub.build/Objects-normal/x86_64/SciTechHub.swiftmodule /Users/mahhhia/Library/Developer/Xcode/DerivedData/SciTechHub-csrdwtxzhiubdrguqvixugviakdk/Build/Products/Debug-iphonesimulator/SciTechHub.swiftmodule/x86_64-apple-ios-simulator.swiftmodule

Copy /Users/mahhhia/Library/Developer/Xcode/DerivedData/SciTechHub-csrdwtxzhiubdrguqvixugviakdk/Build/Products/Debug-iphonesimulator/SciTechHub.swiftmodule/Project/x86_64-apple-ios-simulator.swiftsourceinfo /Users/mahhhia/Library/Developer/Xcode/DerivedData/SciTechHub-csrdwtxzhiubdrguqvixugviakdk/Build/Intermediates.noindex/SciTechHub.build/Debug-iphonesimulator/SciTechHub.build/Objects-normal/x86_64/SciTechHub.swiftsourceinfo (in target 'SciTechHub' from project 'SciTechHub')
    cd /Users/mahhhia/Documents/SciTechHub
    builtin-copy -exclude .DS_Store -exclude CVS -exclude .svn -exclude .git -exclude .hg -resolve-src-symlinks -rename /Users/mahhhia/Library/Developer/Xcode/DerivedData/SciTechHub-csrdwtxzhiubdrguqvixugviakdk/Build/Intermediates.noindex/SciTechHub.build/Debug-iphonesimulator/SciTechHub.build/Objects-normal/x86_64/SciTechHub.swiftsourceinfo /Users/mahhhia/Library/Developer/Xcode/DerivedData/SciTechHub-csrdwtxzhiubdrguqvixugviakdk/Build/Products/Debug-iphonesimulator/SciTechHub.swiftmodule/Project/x86_64-apple-ios-simulator.swiftsourceinfo

Copy /Users/mahhhia/Library/Developer/Xcode/DerivedData/SciTechHub-csrdwtxzhiubdrguqvixugviakdk/Build/Products/Debug-iphonesimulator/SciTechHub.swiftmodule/x86_64-apple-ios-simulator.abi.json /Users/mahhhia/Library/Developer/Xcode/DerivedData/SciTechHub-csrdwtxzhiubdrguqvixugviakdk/Build/Intermediates.noindex/SciTechHub.build/Debug-iphonesimulator/SciTechHub.build/Objects-normal/x86_64/SciTechHub.abi.json (in target 'SciTechHub' from project 'SciTechHub')
    cd /Users/mahhhia/Documents/SciTechHub
    builtin-copy -exclude .DS_Store -exclude CVS -exclude .svn -exclude .git -exclude .hg -resolve-src-symlinks -rename /Users/mahhhia/Library/Developer/Xcode/DerivedData/SciTechHub-csrdwtxzhiubdrguqvixugviakdk/Build/Intermediates.noindex/SciTechHub.build/Debug-iphonesimulator/SciTechHub.build/Objects-normal/x86_64/SciTechHub.abi.json /Users/mahhhia/Library/Developer/Xcode/DerivedData/SciTechHub-csrdwtxzhiubdrguqvixugviakdk/Build/Products/Debug-iphonesimulator/SciTechHub.swiftmodule/x86_64-apple-ios-simulator.abi.json

Copy /Users/mahhhia/Library/Developer/Xcode/DerivedData/SciTechHub-csrdwtxzhiubdrguqvixugviakdk/Build/Products/Debug-iphonesimulator/SciTechHub.swiftmodule/arm64-apple-ios-simulator.abi.json /Users/mahhhia/Library/Developer/Xcode/DerivedData/SciTechHub-csrdwtxzhiubdrguqvixugviakdk/Build/Intermediates.noindex/SciTechHub.build/Debug-iphonesimulator/SciTechHub.build/Objects-normal/arm64/SciTechHub.abi.json (in target 'SciTechHub' from project 'SciTechHub')
    cd /Users/mahhhia/Documents/SciTechHub
    builtin-copy -exclude .DS_Store -exclude CVS -exclude .svn -exclude .git -exclude .hg -resolve-src-symlinks -rename /Users/mahhhia/Library/Developer/Xcode/DerivedData/SciTechHub-csrdwtxzhiubdrguqvixugviakdk/Build/Intermediates.noindex/SciTechHub.build/Debug-iphonesimulator/SciTechHub.build/Objects-normal/arm64/SciTechHub.abi.json /Users/mahhhia/Library/Developer/Xcode/DerivedData/SciTechHub-csrdwtxzhiubdrguqvixugviakdk/Build/Products/Debug-iphonesimulator/SciTechHub.swiftmodule/arm64-apple-ios-simulator.abi.json

Copy /Users/mahhhia/Library/Developer/Xcode/DerivedData/SciTechHub-csrdwtxzhiubdrguqvixugviakdk/Build/Products/Debug-iphonesimulator/SciTechHub.swiftmodule/arm64-apple-ios-simulator.swiftmodule /Users/mahhhia/Library/Developer/Xcode/DerivedData/SciTechHub-csrdwtxzhiubdrguqvixugviakdk/Build/Intermediates.noindex/SciTechHub.build/Debug-iphonesimulator/SciTechHub.build/Objects-normal/arm64/SciTechHub.swiftmodule (in target 'SciTechHub' from project 'SciTechHub')
    cd /Users/mahhhia/Documents/SciTechHub
    builtin-copy -exclude .DS_Store -exclude CVS -exclude .svn -exclude .git -exclude .hg -resolve-src-symlinks -rename /Users/mahhhia/Library/Developer/Xcode/DerivedData/SciTechHub-csrdwtxzhiubdrguqvixugviakdk/Build/Intermediates.noindex/SciTechHub.build/Debug-iphonesimulator/SciTechHub.build/Objects-normal/arm64/SciTechHub.swiftmodule /Users/mahhhia/Library/Developer/Xcode/DerivedData/SciTechHub-csrdwtxzhiubdrguqvixugviakdk/Build/Products/Debug-iphonesimulator/SciTechHub.swiftmodule/arm64-apple-ios-simulator.swiftmodule

Copy /Users/mahhhia/Library/Developer/Xcode/DerivedData/SciTechHub-csrdwtxzhiubdrguqvixugviakdk/Build/Products/Debug-iphonesimulator/SciTechHub.swiftmodule/Project/arm64-apple-ios-simulator.swiftsourceinfo /Users/mahhhia/Library/Developer/Xcode/DerivedData/SciTechHub-csrdwtxzhiubdrguqvixugviakdk/Build/Intermediates.noindex/SciTechHub.build/Debug-iphonesimulator/SciTechHub.build/Objects-normal/arm64/SciTechHub.swiftsourceinfo (in target 'SciTechHub' from project 'SciTechHub')
    cd /Users/mahhhia/Documents/SciTechHub
    builtin-copy -exclude .DS_Store -exclude CVS -exclude .svn -exclude .git -exclude .hg -resolve-src-symlinks -rename /Users/mahhhia/Library/Developer/Xcode/DerivedData/SciTechHub-csrdwtxzhiubdrguqvixugviakdk/Build/Intermediates.noindex/SciTechHub.build/Debug-iphonesimulator/SciTechHub.build/Objects-normal/arm64/SciTechHub.swiftsourceinfo /Users/mahhhia/Library/Developer/Xcode/DerivedData/SciTechHub-csrdwtxzhiubdrguqvixugviakdk/Build/Products/Debug-iphonesimulator/SciTechHub.swiftmodule/Project/arm64-apple-ios-simulator.swiftsourceinfo

SwiftDriverJobDiscovery normal x86_64 Compiling MainTabView.swift (in target 'SciTechHub' from project 'SciTechHub')

SwiftDriver\ Compilation SciTechHub normal x86_64 com.apple.xcode.tools.swift.compiler (in target 'SciTechHub' from project 'SciTechHub')
    cd /Users/mahhhia/Documents/SciTechHub
    builtin-Swift-Compilation -- /Applications/Xcode.app/Contents/Developer/Toolchains/XcodeDefault.xctoolchain/usr/bin/swiftc -module-name SciTechHub -Onone @/Users/mahhhia/Library/Developer/Xcode/DerivedData/SciTechHub-csrdwtxzhiubdrguqvixugviakdk/Build/Intermediates.noindex/SciTechHub.build/Debug-iphonesimulator/SciTechHub.build/Objects-normal/x86_64/SciTechHub.SwiftFileList -DDEBUG -Xcc -fmodule-map-file\=/Users/mahhhia/Library/Developer/Xcode/DerivedData/SciTechHub-csrdwtxzhiubdrguqvixugviakdk/Build/Intermediates.noindex/GeneratedModuleMaps-iphonesimulator/GoogleUtilities-UserDefaults.modulemap -Xcc -fmodule-map-file\=/Users/mahhhia/Library/Developer/Xcode/DerivedData/SciTechHub-csrdwtxzhiubdrguqvixugviakdk/Build/Intermediates.noindex/GeneratedModuleMaps-iphonesimulator/GoogleAdsOnDeviceConversionTarget.modulemap -Xcc -fmodule-map-file\=/Users/mahhhia/Library/Developer/Xcode/DerivedData/SciTechHub-csrdwtxzhiubdrguqvixugviakdk/Build/Intermediates.noindex/GeneratedModuleMaps-iphonesimulator/GoogleAppMeasurementTarget.modulemap -Xcc -fmodule-map-file\=/Users/mahhhia/Library/Developer/Xcode/DerivedData/SciTechHub-csrdwtxzhiubdrguqvixugviakdk/Build/Intermediates.noindex/GeneratedModuleMaps-iphonesimulator/GoogleUtilities-MethodSwizzler.modulemap -Xcc -fmodule-map-file\=/Users/mahhhia/Library/Developer/Xcode/DerivedData/SciTechHub-csrdwtxzhiubdrguqvixugviakdk/Build/Intermediates.noindex/GeneratedModuleMaps-iphonesimulator/FirebaseAnalyticsWrapper.modulemap -Xcc -fmodule-map-file\=/Users/mahhhia/Library/Developer/Xcode/DerivedData/SciTechHub-csrdwtxzhiubdrguqvixugviakdk/Build/Intermediates.noindex/GeneratedModuleMaps-iphonesimulator/FirebaseInstallations.modulemap -Xcc -fmodule-map-file\=/Users/mahhhia/Library/Developer/Xcode/DerivedData/SciTechHub-csrdwtxzhiubdrguqvixugviakdk/Build/Intermediates.noindex/GeneratedModuleMaps-iphonesimulator/FirebaseAnalyticsTarget.modulemap -Xcc -fmodule-map-file\=/Users/mahhhia/Library/Developer/Xcode/DerivedData/SciTechHub-csrdwtxzhiubdrguqvixugviakdk/Build/Intermediates.noindex/GeneratedModuleMaps-iphonesimulator/RecaptchaInterop.modulemap -Xcc -fmodule-map-file\=/Users/mahhhia/Library/Developer/Xcode/DerivedData/SciTechHub-csrdwtxzhiubdrguqvixugviakdk/Build/Intermediates.noindex/GeneratedModuleMaps-iphonesimulator/GoogleUtilities-Network.modulemap -Xcc -fmodule-map-file\=/Users/mahhhia/Library/Developer/Xcode/DerivedData/SciTechHub-csrdwtxzhiubdrguqvixugviakdk/Build/Intermediates.noindex/GeneratedModuleMaps-iphonesimulator/GoogleUtilities-Reachability.modulemap -Xcc -fmodule-map-file\=/Users/mahhhia/Library/Developer/Xcode/DerivedData/SciTechHub-csrdwtxzhiubdrguqvixugviakdk/Build/Intermediates.noindex/GeneratedModuleMaps-iphonesimulator/GoogleUtilities-AppDelegateSwizzler.modulemap -Xcc -fmodule-map-file\=/Users/mahhhia/Library/Developer/Xcode/DerivedData/SciTechHub-csrdwtxzhiubdrguqvixugviakdk/Build/Intermediates.noindex/GeneratedModuleMaps-iphonesimulator/GTMSessionFetcherCore.modulemap -Xcc -fmodule-map-file\=/Users/mahhhia/Library/Developer/Xcode/DerivedData/SciTechHub-csrdwtxzhiubdrguqvixugviakdk/Build/Intermediates.noindex/GeneratedModuleMaps-iphonesimulator/FirebaseAuthInternal.modulemap -Xcc -fmodule-map-file\=/Users/mahhhia/Library/Developer/Xcode/DerivedData/SciTechHub-csrdwtxzhiubdrguqvixugviakdk/Build/Intermediates.noindex/GeneratedModuleMaps-iphonesimulator/FirebaseAuthInterop.modulemap -Xcc -fmodule-map-file\=/Users/mahhhia/Library/Developer/Xcode/DerivedData/SciTechHub-csrdwtxzhiubdrguqvixugviakdk/Build/Intermediates.noindex/GeneratedModuleMaps-iphonesimulator/GoogleUtilities-NSData.modulemap -Xcc -fmodule-map-file\=/Users/mahhhia/Library/Developer/Xcode/DerivedData/SciTechHub-csrdwtxzhiubdrguqvixugviakdk/Build/Intermediates.noindex/GeneratedModuleMaps-iphonesimulator/GoogleUtilities-Environment.modulemap -Xcc -fmodule-map-file\=/Users/mahhhia/Library/Developer/Xcode/DerivedData/SciTechHub-csrdwtxzhiubdrguqvixugviakdk/Build/Intermediates.noindex/GeneratedModuleMaps-iphonesimulator/third-party-IsAppEncrypted.modulemap -Xcc -fmodule-map-file\=/Users/mahhhia/Library/Developer/Xcode/DerivedData/SciTechHub-csrdwtxzhiubdrguqvixugviakdk/Build/Intermediates.noindex/GeneratedModuleMaps-iphonesimulator/GoogleUtilities-Logger.modulemap -Xcc -fmodule-map-file\=/Users/mahhhia/Library/Developer/Xcode/DerivedData/SciTechHub-csrdwtxzhiubdrguqvixugviakdk/Build/Intermediates.noindex/GeneratedModuleMaps-iphonesimulator/abslWrapper.modulemap -Xcc -fmodule-map-file\=/Users/mahhhia/Library/Developer/Xcode/DerivedData/SciTechHub-csrdwtxzhiubdrguqvixugviakdk/Build/Intermediates.noindex/GeneratedModuleMaps-iphonesimulator/opensslWrapper.modulemap -Xcc -fmodule-map-file\=/Users/mahhhia/Library/Developer/Xcode/DerivedData/SciTechHub-csrdwtxzhiubdrguqvixugviakdk/Build/Intermediates.noindex/GeneratedModuleMaps-iphonesimulator/grpcWrapper.modulemap -Xcc -fmodule-map-file\=/Users/mahhhia/Library/Developer/Xcode/DerivedData/SciTechHub-csrdwtxzhiubdrguqvixugviakdk/Build/Intermediates.noindex/GeneratedModuleMaps-iphonesimulator/grpcppWrapper.modulemap -Xcc -fmodule-map-file\=/Users/mahhhia/Library/Developer/Xcode/DerivedData/SciTechHub-csrdwtxzhiubdrguqvixugviakdk/Build/Intermediates.noindex/GeneratedModuleMaps-iphonesimulator/nanopb.modulemap -Xcc -fmodule-map-file\=/Users/mahhhia/Library/Developer/Xcode/DerivedData/SciTechHub-csrdwtxzhiubdrguqvixugviakdk/Build/Intermediates.noindex/GeneratedModuleMaps-iphonesimulator/leveldb.modulemap -Xcc -fmodule-map-file\=/Users/mahhhia/Library/Developer/Xcode/DerivedData/SciTechHub-csrdwtxzhiubdrguqvixugviakdk/Build/Intermediates.noindex/GeneratedModuleMaps-iphonesimulator/FirebaseCoreExtension.modulemap -Xcc -fmodule-map-file\=/Users/mahhhia/Library/Developer/Xcode/DerivedData/SciTechHub-csrdwtxzhiubdrguqvixugviakdk/Build/Intermediates.noindex/GeneratedModuleMaps-iphonesimulator/FirebaseCore.modulemap -Xcc -fmodule-map-file\=/Users/mahhhia/Library/Developer/Xcode/DerivedData/SciTechHub-csrdwtxzhiubdrguqvixugviakdk/Build/Intermediates.noindex/GeneratedModuleMaps-iphonesimulator/FirebaseAppCheckInterop.modulemap -Xcc -fmodule-map-file\=/Users/mahhhia/Library/Developer/Xcode/DerivedData/SciTechHub-csrdwtxzhiubdrguqvixugviakdk/Build/Intermediates.noindex/GeneratedModuleMaps-iphonesimulator/FirebaseFirestoreInternalWrapper.modulemap -Xcc -fmodule-map-file\=/Users/mahhhia/Library/Developer/Xcode/DerivedData/SciTechHub-csrdwtxzhiubdrguqvixugviakdk/Build/Intermediates.noindex/GeneratedModuleMaps-iphonesimulator/FirebaseFirestoreTarget.modulemap -enable-bare-slash-regex -enable-experimental-feature DebugDescriptionMacro -sdk /Applications/Xcode.app/Contents/Developer/Platforms/iPhoneSimulator.platform/Developer/SDKs/iPhoneSimulator26.4.sdk -target x86_64-apple-ios16.6-simulator -g -module-cache-path /Users/mahhhia/Library/Developer/Xcode/DerivedData/ModuleCache.noindex -Xfrontend -serialize-debugging-options -profile-coverage-mapping -profile-generate -enable-testing -index-store-path /Users/mahhhia/Library/Developer/Xcode/DerivedData/SciTechHub-csrdwtxzhiubdrguqvixugviakdk/Index.noindex/DataStore -Xcc -D_LIBCPP_HARDENING_MODE\=_LIBCPP_HARDENING_MODE_DEBUG -swift-version 5 -I /Users/mahhhia/Library/Developer/Xcode/DerivedData/SciTechHub-csrdwtxzhiubdrguqvixugviakdk/Build/Products/Debug-iphonesimulator -F /Users/mahhhia/Library/Developer/Xcode/DerivedData/SciTechHub-csrdwtxzhiubdrguqvixugviakdk/Build/Products/Debug-iphonesimulator/PackageFrameworks -F /Users/mahhhia/Library/Developer/Xcode/DerivedData/SciTechHub-csrdwtxzhiubdrguqvixugviakdk/Build/Products/Debug-iphonesimulator/PackageFrameworks -F /Users/mahhhia/Library/Developer/Xcode/DerivedData/SciTechHub-csrdwtxzhiubdrguqvixugviakdk/Build/Products/Debug-iphonesimulator/PackageFrameworks -F /Users/mahhhia/Library/Developer/Xcode/DerivedData/SciTechHub-csrdwtxzhiubdrguqvixugviakdk/Build/Products/Debug-iphonesimulator/PackageFrameworks -F /Users/mahhhia/Library/Developer/Xcode/DerivedData/SciTechHub-csrdwtxzhiubdrguqvixugviakdk/Build/Products/Debug-iphonesimulator/PackageFrameworks -F /Users/mahhhia/Library/Developer/Xcode/DerivedData/SciTechHub-csrdwtxzhiubdrguqvixugviakdk/Build/Products/Debug-iphonesimulator/PackageFrameworks -F /Users/mahhhia/Library/Developer/Xcode/DerivedData/SciTechHub-csrdwtxzhiubdrguqvixugviakdk/Build/Products/Debug-iphonesimulator/PackageFrameworks -F /Users/mahhhia/Library/Developer/Xcode/DerivedData/SciTechHub-csrdwtxzhiubdrguqvixugviakdk/Build/Products/Debug-iphonesimulator/PackageFrameworks -F /Users/mahhhia/Library/Developer/Xcode/DerivedData/SciTechHub-csrdwtxzhiubdrguqvixugviakdk/Build/Products/Debug-iphonesimulator/PackageFrameworks -F /Users/mahhhia/Library/Developer/Xcode/DerivedData/SciTechHub-csrdwtxzhiubdrguqvixugviakdk/Build/Products/Debug-iphonesimulator/PackageFrameworks -F /Users/mahhhia/Library/Developer/Xcode/DerivedData/SciTechHub-csrdwtxzhiubdrguqvixugviakdk/Build/Products/Debug-iphonesimulator/PackageFrameworks -F /Users/mahhhia/Library/Developer/Xcode/DerivedData/SciTechHub-csrdwtxzhiubdrguqvixugviakdk/Build/Products/Debug-iphonesimulator/PackageFrameworks -F /Users/mahhhia/Library/Developer/Xcode/DerivedData/SciTechHub-csrdwtxzhiubdrguqvixugviakdk/Build/Products/Debug-iphonesimulator/PackageFrameworks -F /Users/mahhhia/Library/Developer/Xcode/DerivedData/SciTechHub-csrdwtxzhiubdrguqvixugviakdk/Build/Products/Debug-iphonesimulator/PackageFrameworks -F /Users/mahhhia/Library/Developer/Xcode/DerivedData/SciTechHub-csrdwtxzhiubdrguqvixugviakdk/Build/Products/Debug-iphonesimulator/PackageFrameworks -F /Users/mahhhia/Library/Developer/Xcode/DerivedData/SciTechHub-csrdwtxzhiubdrguqvixugviakdk/Build/Products/Debug-iphonesimulator/PackageFrameworks -F /Users/mahhhia/Library/Developer/Xcode/DerivedData/SciTechHub-csrdwtxzhiubdrguqvixugviakdk/Build/Products/Debug-iphonesimulator/PackageFrameworks -F /Users/mahhhia/Library/Developer/Xcode/DerivedData/SciTechHub-csrdwtxzhiubdrguqvixugviakdk/Build/Products/Debug-iphonesimulator/PackageFrameworks -F /Users/mahhhia/Library/Developer/Xcode/DerivedData/SciTechHub-csrdwtxzhiubdrguqvixugviakdk/Build/Products/Debug-iphonesimulator/PackageFrameworks -F /Users/mahhhia/Library/Developer/Xcode/DerivedData/SciTechHub-csrdwtxzhiubdrguqvixugviakdk/Build/Products/Debug-iphonesimulator/PackageFrameworks -F /Users/mahhhia/Library/Developer/Xcode/DerivedData/SciTechHub-csrdwtxzhiubdrguqvixugviakdk/Build/Products/Debug-iphonesimulator/PackageFrameworks -F /Users/mahhhia/Library/Developer/Xcode/DerivedData/SciTechHub-csrdwtxzhiubdrguqvixugviakdk/Build/Products/Debug-iphonesimulator/PackageFrameworks -F /Users/mahhhia/Library/Developer/Xcode/DerivedData/SciTechHub-csrdwtxzhiubdrguqvixugviakdk/Build/Products/Debug-iphonesimulator/PackageFrameworks -F /Users/mahhhia/Library/Developer/Xcode/DerivedData/SciTechHub-csrdwtxzhiubdrguqvixugviakdk/Build/Products/Debug-iphonesimulator/PackageFrameworks -F /Users/mahhhia/Library/Developer/Xcode/DerivedData/SciTechHub-csrdwtxzhiubdrguqvixugviakdk/Build/Products/Debug-iphonesimulator/PackageFrameworks -F /Users/mahhhia/Library/Developer/Xcode/DerivedData/SciTechHub-csrdwtxzhiubdrguqvixugviakdk/Build/Products/Debug-iphonesimulator/PackageFrameworks -F /Users/mahhhia/Library/Developer/Xcode/DerivedData/SciTechHub-csrdwtxzhiubdrguqvixugviakdk/Build/Products/Debug-iphonesimulator/PackageFrameworks -F /Users/mahhhia/Library/Developer/Xcode/DerivedData/SciTechHub-csrdwtxzhiubdrguqvixugviakdk/Build/Products/Debug-iphonesimulator/PackageFrameworks -F /Users/mahhhia/Library/Developer/Xcode/DerivedData/SciTechHub-csrdwtxzhiubdrguqvixugviakdk/Build/Products/Debug-iphonesimulator/PackageFrameworks -F /Users/mahhhia/Library/Developer/Xcode/DerivedData/SciTechHub-csrdwtxzhiubdrguqvixugviakdk/Build/Products/Debug-iphonesimulator/PackageFrameworks -F /Users/mahhhia/Library/Developer/Xcode/DerivedData/SciTechHub-csrdwtxzhiubdrguqvixugviakdk/Build/Products/Debug-iphonesimulator/PackageFrameworks -F /Users/mahhhia/Library/Developer/Xcode/DerivedData/SciTechHub-csrdwtxzhiubdrguqvixugviakdk/Build/Products/Debug-iphonesimulator/PackageFrameworks -F /Users/mahhhia/Library/Developer/Xcode/DerivedData/SciTechHub-csrdwtxzhiubdrguqvixugviakdk/Build/Products/Debug-iphonesimulator/PackageFrameworks -F /Users/mahhhia/Library/Developer/Xcode/DerivedData/SciTechHub-csrdwtxzhiubdrguqvixugviakdk/Build/Products/Debug-iphonesimulator/PackageFrameworks -F /Users/mahhhia/Library/Developer/Xcode/DerivedData/SciTechHub-csrdwtxzhiubdrguqvixugviakdk/Build/Products/Debug-iphonesimulator/PackageFrameworks -F /Users/mahhhia/Library/Developer/Xcode/DerivedData/SciTechHub-csrdwtxzhiubdrguqvixugviakdk/Build/Products/Debug-iphonesimulator/PackageFrameworks -F /Users/mahhhia/Library/Developer/Xcode/DerivedData/SciTechHub-csrdwtxzhiubdrguqvixugviakdk/Build/Products/Debug-iphonesimulator -emit-localized-strings -emit-localized-strings-path /Users/mahhhia/Library/Developer/Xcode/DerivedData/SciTechHub-csrdwtxzhiubdrguqvixugviakdk/Build/Intermediates.noindex/SciTechHub.build/Debug-iphonesimulator/SciTechHub.build/Objects-normal/x86_64 -c -j10 -enable-batch-mode -incremental -Xcc -ivfsstatcache -Xcc /Users/mahhhia/Library/Developer/Xcode/DerivedData/SDKStatCaches.noindex/iphonesimulator26.4-23E252-686eebb5dc1d8ecb277353a59184f4aa.sdkstatcache -output-file-map /Users/mahhhia/Library/Developer/Xcode/DerivedData/SciTechHub-csrdwtxzhiubdrguqvixugviakdk/Build/Intermediates.noindex/SciTechHub.build/Debug-iphonesimulator/SciTechHub.build/Objects-normal/x86_64/SciTechHub-OutputFileMap.json -use-frontend-parseable-output -save-temps -no-color-diagnostics -explicit-module-build -module-cache-path /Users/mahhhia/Library/Developer/Xcode/DerivedData/SciTechHub-csrdwtxzhiubdrguqvixugviakdk/Build/Intermediates.noindex/SwiftExplicitPrecompiledModules -clang-scanner-module-cache-path /Users/mahhhia/Library/Developer/Xcode/DerivedData/ModuleCache.noindex -sdk-module-cache-path /Users/mahhhia/Library/Developer/Xcode/DerivedData/ModuleCache.noindex -serialize-diagnostics -emit-dependencies -emit-module -emit-module-path /Users/mahhhia/Library/Developer/Xcode/DerivedData/SciTechHub-csrdwtxzhiubdrguqvixugviakdk/Build/Intermediates.noindex/SciTechHub.build/Debug-iphonesimulator/SciTechHub.build/Objects-normal/x86_64/SciTechHub.swiftmodule -validate-clang-modules-once -clang-build-session-file /Users/mahhhia/Library/Developer/Xcode/DerivedData/ModuleCache.noindex/Session.modulevalidation -Xcc -I/Users/mahhhia/Library/Developer/Xcode/DerivedData/SciTechHub-csrdwtxzhiubdrguqvixugviakdk/Build/Intermediates.noindex/SciTechHub.build/Debug-iphonesimulator/SciTechHub.build/swift-overrides.hmap -emit-const-values -Xfrontend -const-gather-protocols-file -Xfrontend /Users/mahhhia/Library/Developer/Xcode/DerivedData/SciTechHub-csrdwtxzhiubdrguqvixugviakdk/Build/Intermediates.noindex/SciTechHub.build/Debug-iphonesimulator/SciTechHub.build/Objects-normal/x86_64/SciTechHub_const_extract_protocols.json -Xcc -iquote -Xcc /Users/mahhhia/Library/Developer/Xcode/DerivedData/SciTechHub-csrdwtxzhiubdrguqvixugviakdk/Build/Intermediates.noindex/SciTechHub.build/Debug-iphonesimulator/SciTechHub.build/SciTechHub-generated-files.hmap -Xcc -I/Users/mahhhia/Library/Developer/Xcode/DerivedData/SciTechHub-csrdwtxzhiubdrguqvixugviakdk/Build/Intermediates.noindex/SciTechHub.build/Debug-iphonesimulator/SciTechHub.build/SciTechHub-own-target-headers.hmap -Xcc -I/Users/mahhhia/Library/Developer/Xcode/DerivedData/SciTechHub-csrdwtxzhiubdrguqvixugviakdk/Build/Intermediates.noindex/SciTechHub.build/Debug-iphonesimulator/SciTechHub.build/SciTechHub-all-non-framework-target-headers.hmap -Xcc -ivfsoverlay -Xcc /Users/mahhhia/Library/Developer/Xcode/DerivedData/SciTechHub-csrdwtxzhiubdrguqvixugviakdk/Build/Intermediates.noindex/SciTechHub.build/Debug-iphonesimulator/SciTechHub-b72c93980f41c196507f010a794e0704-VFS-iphonesimulator/all-product-headers.yaml -Xcc -iquote -Xcc /Users/mahhhia/Library/Developer/Xcode/DerivedData/SciTechHub-csrdwtxzhiubdrguqvixugviakdk/Build/Intermediates.noindex/SciTechHub.build/Debug-iphonesimulator/SciTechHub.build/SciTechHub-project-headers.hmap -Xcc -I/Users/mahhhia/Library/Developer/Xcode/DerivedData/SciTechHub-csrdwtxzhiubdrguqvixugviakdk/SourcePackages/checkouts/promises/Sources/FBLPromises/include -Xcc -I/Users/mahhhia/Library/Developer/Xcode/DerivedData/SciTechHub-csrdwtxzhiubdrguqvixugviakdk/SourcePackages/checkouts/GoogleUtilities/GoogleUtilities/UserDefaults/Public -Xcc -I/Users/mahhhia/Library/Developer/Xcode/DerivedData/SciTechHub-csrdwtxzhiubdrguqvixugviakdk/SourcePackages/checkouts/google-ads-on-device-conversion-ios-sdk/GoogleAdsOnDeviceConversionWrapper/include -Xcc -I/Users/mahhhia/Library/Developer/Xcode/DerivedData/SciTechHub-csrdwtxzhiubdrguqvixugviakdk/SourcePackages/checkouts/GoogleAppMeasurement/GoogleAppMeasurementWrapper/include -Xcc -I/Users/mahhhia/Library/Developer/Xcode/DerivedData/SciTechHub-csrdwtxzhiubdrguqvixugviakdk/SourcePackages/checkouts/GoogleUtilities/GoogleUtilities/MethodSwizzler/Public -Xcc -I/Users/mahhhia/Library/Developer/Xcode/DerivedData/SciTechHub-csrdwtxzhiubdrguqvixugviakdk/SourcePackages/checkouts/firebase-ios-sdk/FirebaseAnalyticsWrapper/include -Xcc -I/Users/mahhhia/Library/Developer/Xcode/DerivedData/SciTechHub-csrdwtxzhiubdrguqvixugviakdk/SourcePackages/checkouts/firebase-ios-sdk/FirebaseInstallations/Source/Library/Public -Xcc -I/Users/mahhhia/Library/Developer/Xcode/DerivedData/SciTechHub-csrdwtxzhiubdrguqvixugviakdk/SourcePackages/checkouts/firebase-ios-sdk/SwiftPM-PlatformExclude/FirebaseAnalyticsWrap/include -Xcc -I/Users/mahhhia/Library/Developer/Xcode/DerivedData/SciTechHub-csrdwtxzhiubdrguqvixugviakdk/SourcePackages/checkouts/interop-ios-for-google-sdks/RecaptchaEnterprise/RecaptchaInterop/Public -Xcc -I/Users/mahhhia/Library/Developer/Xcode/DerivedData/SciTechHub-csrdwtxzhiubdrguqvixugviakdk/SourcePackages/checkouts/GoogleUtilities/GoogleUtilities/Network/Public -Xcc -I/Users/mahhhia/Library/Developer/Xcode/DerivedData/SciTechHub-csrdwtxzhiubdrguqvixugviakdk/SourcePackages/checkouts/GoogleUtilities/GoogleUtilities/Reachability/Public -Xcc -I/Users/mahhhia/Library/Developer/Xcode/DerivedData/SciTechHub-csrdwtxzhiubdrguqvixugviakdk/SourcePackages/checkouts/GoogleUtilities/GoogleUtilities/AppDelegateSwizzler/Public -Xcc -I/Users/mahhhia/Library/Developer/Xcode/DerivedData/SciTechHub-csrdwtxzhiubdrguqvixugviakdk/SourcePackages/checkouts/gtm-session-fetcher/Sources/Core/Public -Xcc -I/Users/mahhhia/Library/Developer/Xcode/DerivedData/SciTechHub-csrdwtxzhiubdrguqvixugviakdk/SourcePackages/checkouts/firebase-ios-sdk/FirebaseAuth/Sources/Public -Xcc -I/Users/mahhhia/Library/Developer/Xcode/DerivedData/SciTechHub-csrdwtxzhiubdrguqvixugviakdk/SourcePackages/checkouts/firebase-ios-sdk/FirebaseAuth/Interop/Public -Xcc -I/Users/mahhhia/Library/Developer/Xcode/DerivedData/SciTechHub-csrdwtxzhiubdrguqvixugviakdk/SourcePackages/checkouts/GoogleUtilities/GoogleUtilities/NSData+zlib/Public -Xcc -I/Users/mahhhia/Library/Developer/Xcode/DerivedData/SciTechHub-csrdwtxzhiubdrguqvixugviakdk/SourcePackages/checkouts/GoogleUtilities/GoogleUtilities/Environment/Public -Xcc -I/Users/mahhhia/Library/Developer/Xcode/DerivedData/SciTechHub-csrdwtxzhiubdrguqvixugviakdk/SourcePackages/checkouts/GoogleUtilities/third_party/IsAppEncrypted/Public -Xcc -I/Users/mahhhia/Library/Developer/Xcode/DerivedData/SciTechHub-csrdwtxzhiubdrguqvixugviakdk/SourcePackages/checkouts/GoogleUtilities/GoogleUtilities/Logger/Public -Xcc -I/Users/mahhhia/Library/Developer/Xcode/DerivedData/SciTechHub-csrdwtxzhiubdrguqvixugviakdk/SourcePackages/checkouts/abseil-cpp-binary/absl-Wrapper/include -Xcc -I/Users/mahhhia/Library/Developer/Xcode/DerivedData/SciTechHub-csrdwtxzhiubdrguqvixugviakdk/SourcePackages/checkouts/grpc-binary/openssl-grpc-Wrapper/include -Xcc -I/Users/mahhhia/Library/Developer/Xcode/DerivedData/SciTechHub-csrdwtxzhiubdrguqvixugviakdk/SourcePackages/checkouts/grpc-binary/grpc-Wrapper/include -Xcc -I/Users/mahhhia/Library/Developer/Xcode/DerivedData/SciTechHub-csrdwtxzhiubdrguqvixugviakdk/SourcePackages/checkouts/grpc-binary/grpcpp-Wrapper/include -Xcc -I/Users/mahhhia/Library/Developer/Xcode/DerivedData/SciTechHub-csrdwtxzhiubdrguqvixugviakdk/SourcePackages/checkouts/nanopb/spm_headers -Xcc -I/Users/mahhhia/Library/Developer/Xcode/DerivedData/SciTechHub-csrdwtxzhiubdrguqvixugviakdk/SourcePackages/checkouts/leveldb/include -Xcc -I/Users/mahhhia/Library/Developer/Xcode/DerivedData/SciTechHub-csrdwtxzhiubdrguqvixugviakdk/SourcePackages/checkouts/firebase-ios-sdk/FirebaseCore/Extension -Xcc -I/Users/mahhhia/Library/Developer/Xcode/DerivedData/SciTechHub-csrdwtxzhiubdrguqvixugviakdk/SourcePackages/checkouts/firebase-ios-sdk/FirebaseCore/Sources/Public -Xcc -I/Users/mahhhia/Library/Developer/Xcode/DerivedData/SciTechHub-csrdwtxzhiubdrguqvixugviakdk/SourcePackages/checkouts/firebase-ios-sdk/CoreOnly/Sources -Xcc -I/Users/mahhhia/Library/Developer/Xcode/DerivedData/SciTechHub-csrdwtxzhiubdrguqvixugviakdk/SourcePackages/checkouts/firebase-ios-sdk/FirebaseAppCheck/Interop/Public -Xcc -I/Users/mahhhia/Library/Developer/Xcode/DerivedData/SciTechHub-csrdwtxzhiubdrguqvixugviakdk/SourcePackages/checkouts/firebase-ios-sdk/FirebaseFirestoreInternal -Xcc -I/Users/mahhhia/Library/Developer/Xcode/DerivedData/SciTechHub-csrdwtxzhiubdrguqvixugviakdk/SourcePackages/checkouts/firebase-ios-sdk/SwiftPM-PlatformExclude/FirebaseFirestoreWrap/include -Xcc -I/Users/mahhhia/Library/Developer/Xcode/DerivedData/SciTechHub-csrdwtxzhiubdrguqvixugviakdk/Build/Products/Debug-iphonesimulator/include -Xcc -I/Users/mahhhia/Library/Developer/Xcode/DerivedData/SciTechHub-csrdwtxzhiubdrguqvixugviakdk/Build/Intermediates.noindex/SciTechHub.build/Debug-iphonesimulator/SciTechHub.build/DerivedSources-normal/x86_64 -Xcc -I/Users/mahhhia/Library/Developer/Xcode/DerivedData/SciTechHub-csrdwtxzhiubdrguqvixugviakdk/Build/Intermediates.noindex/SciTechHub.build/Debug-iphonesimulator/SciTechHub.build/DerivedSources/x86_64 -Xcc -I/Users/mahhhia/Library/Developer/Xcode/DerivedData/SciTechHub-csrdwtxzhiubdrguqvixugviakdk/Build/Intermediates.noindex/SciTechHub.build/Debug-iphonesimulator/SciTechHub.build/DerivedSources -Xcc -DDEBUG\=1 -emit-objc-header -emit-objc-header-path /Users/mahhhia/Library/Developer/Xcode/DerivedData/SciTechHub-csrdwtxzhiubdrguqvixugviakdk/Build/Intermediates.noindex/SciTechHub.build/Debug-iphonesimulator/SciTechHub.build/Objects-normal/x86_64/SciTechHub-Swift.h -working-directory /Users/mahhhia/Documents/SciTechHub -experimental-emit-module-separately -disable-cmo

Ld /Users/mahhhia/Library/Developer/Xcode/DerivedData/SciTechHub-csrdwtxzhiubdrguqvixugviakdk/Build/Intermediates.noindex/SciTechHub.build/Debug-iphonesimulator/SciTechHub.build/Objects-normal/x86_64/Binary/SciTechHub.debug.dylib normal x86_64 (in target 'SciTechHub' from project 'SciTechHub')
    cd /Users/mahhhia/Documents/SciTechHub
    /Applications/Xcode.app/Contents/Developer/Toolchains/XcodeDefault.xctoolchain/usr/bin/clang -Xlinker -reproducible -target x86_64-apple-ios16.6-simulator -dynamiclib -isysroot /Applications/Xcode.app/Contents/Developer/Platforms/iPhoneSimulator.platform/Developer/SDKs/iPhoneSimulator26.4.sdk -O0 -L/Users/mahhhia/Library/Developer/Xcode/DerivedData/SciTechHub-csrdwtxzhiubdrguqvixugviakdk/Build/Intermediates.noindex/EagerLinkingTBDs/Debug-iphonesimulator -L/Users/mahhhia/Library/Developer/Xcode/DerivedData/SciTechHub-csrdwtxzhiubdrguqvixugviakdk/Build/Products/Debug-iphonesimulator -F/Users/mahhhia/Library/Developer/Xcode/DerivedData/SciTechHub-csrdwtxzhiubdrguqvixugviakdk/Build/Intermediates.noindex/EagerLinkingTBDs/Debug-iphonesimulator -F/Users/mahhhia/Library/Developer/Xcode/DerivedData/SciTechHub-csrdwtxzhiubdrguqvixugviakdk/Build/Products/Debug-iphonesimulator/PackageFrameworks -F/Users/mahhhia/Library/Developer/Xcode/DerivedData/SciTechHub-csrdwtxzhiubdrguqvixugviakdk/Build/Products/Debug-iphonesimulator/PackageFrameworks -F/Users/mahhhia/Library/Developer/Xcode/DerivedData/SciTechHub-csrdwtxzhiubdrguqvixugviakdk/Build/Products/Debug-iphonesimulator/PackageFrameworks -F/Users/mahhhia/Library/Developer/Xcode/DerivedData/SciTechHub-csrdwtxzhiubdrguqvixugviakdk/Build/Products/Debug-iphonesimulator/PackageFrameworks -F/Users/mahhhia/Library/Developer/Xcode/DerivedData/SciTechHub-csrdwtxzhiubdrguqvixugviakdk/Build/Products/Debug-iphonesimulator/PackageFrameworks -F/Users/mahhhia/Library/Developer/Xcode/DerivedData/SciTechHub-csrdwtxzhiubdrguqvixugviakdk/Build/Products/Debug-iphonesimulator/PackageFrameworks -F/Users/mahhhia/Library/Developer/Xcode/DerivedData/SciTechHub-csrdwtxzhiubdrguqvixugviakdk/Build/Products/Debug-iphonesimulator/PackageFrameworks -F/Users/mahhhia/Library/Developer/Xcode/DerivedData/SciTechHub-csrdwtxzhiubdrguqvixugviakdk/Build/Products/Debug-iphonesimulator/PackageFrameworks -F/Users/mahhhia/Library/Developer/Xcode/DerivedData/SciTechHub-csrdwtxzhiubdrguqvixugviakdk/Build/Products/Debug-iphonesimulator/PackageFrameworks -F/Users/mahhhia/Library/Developer/Xcode/DerivedData/SciTechHub-csrdwtxzhiubdrguqvixugviakdk/Build/Products/Debug-iphonesimulator/PackageFrameworks -F/Users/mahhhia/Library/Developer/Xcode/DerivedData/SciTechHub-csrdwtxzhiubdrguqvixugviakdk/Build/Products/Debug-iphonesimulator/PackageFrameworks -F/Users/mahhhia/Library/Developer/Xcode/DerivedData/SciTechHub-csrdwtxzhiubdrguqvixugviakdk/Build/Products/Debug-iphonesimulator/PackageFrameworks -F/Users/mahhhia/Library/Developer/Xcode/DerivedData/SciTechHub-csrdwtxzhiubdrguqvixugviakdk/Build/Products/Debug-iphonesimulator/PackageFrameworks -F/Users/mahhhia/Library/Developer/Xcode/DerivedData/SciTechHub-csrdwtxzhiubdrguqvixugviakdk/Build/Products/Debug-iphonesimulator/PackageFrameworks -F/Users/mahhhia/Library/Developer/Xcode/DerivedData/SciTechHub-csrdwtxzhiubdrguqvixugviakdk/Build/Products/Debug-iphonesimulator/PackageFrameworks -F/Users/mahhhia/Library/Developer/Xcode/DerivedData/SciTechHub-csrdwtxzhiubdrguqvixugviakdk/Build/Products/Debug-iphonesimulator/PackageFrameworks -F/Users/mahhhia/Library/Developer/Xcode/DerivedData/SciTechHub-csrdwtxzhiubdrguqvixugviakdk/Build/Products/Debug-iphonesimulator/PackageFrameworks -F/Users/mahhhia/Library/Developer/Xcode/DerivedData/SciTechHub-csrdwtxzhiubdrguqvixugviakdk/Build/Products/Debug-iphonesimulator/PackageFrameworks -F/Users/mahhhia/Library/Developer/Xcode/DerivedData/SciTechHub-csrdwtxzhiubdrguqvixugviakdk/Build/Products/Debug-iphonesimulator/PackageFrameworks -F/Users/mahhhia/Library/Developer/Xcode/DerivedData/SciTechHub-csrdwtxzhiubdrguqvixugviakdk/Build/Products/Debug-iphonesimulator/PackageFrameworks -F/Users/mahhhia/Library/Developer/Xcode/DerivedData/SciTechHub-csrdwtxzhiubdrguqvixugviakdk/Build/Products/Debug-iphonesimulator/PackageFrameworks -F/Users/mahhhia/Library/Developer/Xcode/DerivedData/SciTechHub-csrdwtxzhiubdrguqvixugviakdk/Build/Products/Debug-iphonesimulator/PackageFrameworks -F/Users/mahhhia/Library/Developer/Xcode/DerivedData/SciTechHub-csrdwtxzhiubdrguqvixugviakdk/Build/Products/Debug-iphonesimulator/PackageFrameworks -F/Users/mahhhia/Library/Developer/Xcode/DerivedData/SciTechHub-csrdwtxzhiubdrguqvixugviakdk/Build/Products/Debug-iphonesimulator/PackageFrameworks -F/Users/mahhhia/Library/Developer/Xcode/DerivedData/SciTechHub-csrdwtxzhiubdrguqvixugviakdk/Build/Products/Debug-iphonesimulator/PackageFrameworks -F/Users/mahhhia/Library/Developer/Xcode/DerivedData/SciTechHub-csrdwtxzhiubdrguqvixugviakdk/Build/Products/Debug-iphonesimulator/PackageFrameworks -F/Users/mahhhia/Library/Developer/Xcode/DerivedData/SciTechHub-csrdwtxzhiubdrguqvixugviakdk/Build/Products/Debug-iphonesimulator/PackageFrameworks -F/Users/mahhhia/Library/Developer/Xcode/DerivedData/SciTechHub-csrdwtxzhiubdrguqvixugviakdk/Build/Products/Debug-iphonesimulator/PackageFrameworks -F/Users/mahhhia/Library/Developer/Xcode/DerivedData/SciTechHub-csrdwtxzhiubdrguqvixugviakdk/Build/Products/Debug-iphonesimulator/PackageFrameworks -F/Users/mahhhia/Library/Developer/Xcode/DerivedData/SciTechHub-csrdwtxzhiubdrguqvixugviakdk/Build/Products/Debug-iphonesimulator/PackageFrameworks -F/Users/mahhhia/Library/Developer/Xcode/DerivedData/SciTechHub-csrdwtxzhiubdrguqvixugviakdk/Build/Products/Debug-iphonesimulator/PackageFrameworks -F/Users/mahhhia/Library/Developer/Xcode/DerivedData/SciTechHub-csrdwtxzhiubdrguqvixugviakdk/Build/Products/Debug-iphonesimulator/PackageFrameworks -F/Users/mahhhia/Library/Developer/Xcode/DerivedData/SciTechHub-csrdwtxzhiubdrguqvixugviakdk/Build/Products/Debug-iphonesimulator/PackageFrameworks -F/Users/mahhhia/Library/Developer/Xcode/DerivedData/SciTechHub-csrdwtxzhiubdrguqvixugviakdk/Build/Products/Debug-iphonesimulator/PackageFrameworks -F/Users/mahhhia/Library/Developer/Xcode/DerivedData/SciTechHub-csrdwtxzhiubdrguqvixugviakdk/Build/Products/Debug-iphonesimulator/PackageFrameworks -F/Users/mahhhia/Library/Developer/Xcode/DerivedData/SciTechHub-csrdwtxzhiubdrguqvixugviakdk/Build/Products/Debug-iphonesimulator/PackageFrameworks -F/Users/mahhhia/Library/Developer/Xcode/DerivedData/SciTechHub-csrdwtxzhiubdrguqvixugviakdk/Build/Products/Debug-iphonesimulator -filelist /Users/mahhhia/Library/Developer/Xcode/DerivedData/SciTechHub-csrdwtxzhiubdrguqvixugviakdk/Build/Intermediates.noindex/SciTechHub.build/Debug-iphonesimulator/SciTechHub.build/Objects-normal/x86_64/SciTechHub.LinkFileList -install_name @rpath/SciTechHub.debug.dylib -Xlinker -rpath -Xlinker /usr/lib/swift -Xlinker -rpath -Xlinker /Users/mahhhia/Library/Developer/Xcode/DerivedData/SciTechHub-csrdwtxzhiubdrguqvixugviakdk/Build/Products/Debug-iphonesimulator/PackageFrameworks -Xlinker -rpath -Xlinker @executable_path/Frameworks -Xlinker -dead_strip -Xlinker -object_path_lto -Xlinker /Users/mahhhia/Library/Developer/Xcode/DerivedData/SciTechHub-csrdwtxzhiubdrguqvixugviakdk/Build/Intermediates.noindex/SciTechHub.build/Debug-iphonesimulator/SciTechHub.build/Objects-normal/x86_64/SciTechHub_lto.o -rdynamic -Xlinker -no_deduplicate -Xlinker -objc_abi_version -Xlinker 2 -Xlinker -debug_variant -Xlinker -dependency_info -Xlinker /Users/mahhhia/Library/Developer/Xcode/DerivedData/SciTechHub-csrdwtxzhiubdrguqvixugviakdk/Build/Intermediates.noindex/SciTechHub.build/Debug-iphonesimulator/SciTechHub.build/Objects-normal/x86_64/SciTechHub_dependency_info.dat -fobjc-link-runtime -fprofile-instr-generate -L/Applications/Xcode.app/Contents/Developer/Toolchains/XcodeDefault.xctoolchain/usr/lib/swift/iphonesimulator -L/usr/lib/swift -Xlinker -add_ast_path -Xlinker /Users/mahhhia/Library/Developer/Xcode/DerivedData/SciTechHub-csrdwtxzhiubdrguqvixugviakdk/Build/Intermediates.noindex/SciTechHub.build/Debug-iphonesimulator/SciTechHub.build/Objects-normal/x86_64/SciTechHub.swiftmodule @/Users/mahhhia/Library/Developer/Xcode/DerivedData/SciTechHub-csrdwtxzhiubdrguqvixugviakdk/Build/Intermediates.noindex/SciTechHub.build/Debug-iphonesimulator/SciTechHub.build/Objects-normal/x86_64/SciTechHub-linker-args.resp -Wl,-no_warn_duplicate_libraries -Wl,-no_warn_duplicate_libraries -Wl,-no_warn_duplicate_libraries -Wl,-no_warn_duplicate_libraries -Wl,-no_warn_duplicate_libraries -Wl,-no_warn_duplicate_libraries -Wl,-no_warn_duplicate_libraries -Wl,-no_warn_duplicate_libraries -Wl,-no_warn_duplicate_libraries -Wl,-no_warn_duplicate_libraries -Wl,-no_warn_duplicate_libraries -Wl,-no_warn_duplicate_libraries -Wl,-no_warn_duplicate_libraries -Wl,-no_warn_duplicate_libraries -Wl,-no_warn_duplicate_libraries -Wl,-no_warn_duplicate_libraries -Wl,-no_warn_duplicate_libraries -Wl,-no_warn_duplicate_libraries -Wl,-no_warn_duplicate_libraries -Wl,-no_warn_duplicate_libraries -Wl,-no_warn_duplicate_libraries -Wl,-no_warn_duplicate_libraries -Wl,-no_warn_duplicate_libraries -Wl,-no_warn_duplicate_libraries -Wl,-no_warn_duplicate_libraries -Wl,-no_warn_duplicate_libraries -lc++ -Wl,-no_warn_duplicate_libraries -Wl,-no_warn_duplicate_libraries -Wl,-no_warn_duplicate_libraries -Wl,-no_warn_duplicate_libraries -Wl,-no_warn_duplicate_libraries -Wl,-no_warn_duplicate_libraries -Wl,-no_warn_duplicate_libraries -Wl,-no_warn_duplicate_libraries -Wl,-no_warn_duplicate_libraries -Wl,-no_warn_duplicate_libraries -framework UIKit -lc++ -framework SystemConfiguration -framework UIKit -lz -framework Security -framework SafariServices -framework Security -lsqlite3 -lc++ -lz -framework StoreKit -lsqlite3 -lc++ -lz -framework StoreKit -lc++ -Xlinker -alias -Xlinker _main -Xlinker ___debug_main_executable_dylib_entry_point -framework FirebaseAnalytics -framework GoogleAppMeasurementIdentitySupport -framework GoogleAppMeasurement -framework GoogleAdsOnDeviceConversion -framework FirebaseFirestoreInternal -framework absl -framework grpcpp -framework grpc -framework openssl_grpc -o /Users/mahhhia/Library/Developer/Xcode/DerivedData/SciTechHub-csrdwtxzhiubdrguqvixugviakdk/Build/Intermediates.noindex/SciTechHub.build/Debug-iphonesimulator/SciTechHub.build/Objects-normal/x86_64/Binary/SciTechHub.debug.dylib -Xlinker -add_ast_path -Xlinker /Users/mahhhia/Library/Developer/Xcode/DerivedData/SciTechHub-csrdwtxzhiubdrguqvixugviakdk/Build/Intermediates.noindex/Firebase.build/Debug-iphonesimulator/FirebaseCoreInternal.build/Objects-normal/x86_64/FirebaseCoreInternal.swiftmodule @/Users/mahhhia/Library/Developer/Xcode/DerivedData/SciTechHub-csrdwtxzhiubdrguqvixugviakdk/Build/Intermediates.noindex/Firebase.build/Debug-iphonesimulator/FirebaseCoreInternal.build/Objects-normal/x86_64/FirebaseCoreInternal-linker-args.resp -Xlinker -add_ast_path -Xlinker /Users/mahhhia/Library/Developer/Xcode/DerivedData/SciTechHub-csrdwtxzhiubdrguqvixugviakdk/Build/Intermediates.noindex/Firebase.build/Debug-iphonesimulator/FirebaseStorage.build/Objects-normal/x86_64/FirebaseStorage.swiftmodule @/Users/mahhhia/Library/Developer/Xcode/DerivedData/SciTechHub-csrdwtxzhiubdrguqvixugviakdk/Build/Intermediates.noindex/Firebase.build/Debug-iphonesimulator/FirebaseStorage.build/Objects-normal/x86_64/FirebaseStorage-linker-args.resp -Xlinker -add_ast_path -Xlinker /Users/mahhhia/Library/Developer/Xcode/DerivedData/SciTechHub-csrdwtxzhiubdrguqvixugviakdk/Build/Intermediates.noindex/Firebase.build/Debug-iphonesimulator/FirebaseAuth.build/Objects-normal/x86_64/FirebaseAuth.swiftmodule @/Users/mahhhia/Library/Developer/Xcode/DerivedData/SciTechHub-csrdwtxzhiubdrguqvixugviakdk/Build/Intermediates.noindex/Firebase.build/Debug-iphonesimulator/FirebaseAuth.build/Objects-normal/x86_64/FirebaseAuth-linker-args.resp -Xlinker -add_ast_path -Xlinker /Users/mahhhia/Library/Developer/Xcode/DerivedData/SciTechHub-csrdwtxzhiubdrguqvixugviakdk/Build/Intermediates.noindex/Firebase.build/Debug-iphonesimulator/FirebaseSharedSwift.build/Objects-normal/x86_64/FirebaseSharedSwift.swiftmodule @/Users/mahhhia/Library/Developer/Xcode/DerivedData/SciTechHub-csrdwtxzhiubdrguqvixugviakdk/Build/Intermediates.noindex/Firebase.build/Debug-iphonesimulator/FirebaseSharedSwift.build/Objects-normal/x86_64/FirebaseSharedSwift-linker-args.resp -Xlinker -add_ast_path -Xlinker /Users/mahhhia/Library/Developer/Xcode/DerivedData/SciTechHub-csrdwtxzhiubdrguqvixugviakdk/Build/Intermediates.noindex/Firebase.build/Debug-iphonesimulator/FirebaseFirestore.build/Objects-normal/x86_64/FirebaseFirestore.swiftmodule @/Users/mahhhia/Library/Developer/Xcode/DerivedData/SciTechHub-csrdwtxzhiubdrguqvixugviakdk/Build/Intermediates.noindex/Firebase.build/Debug-iphonesimulator/FirebaseFirestore.build/Objects-normal/x86_64/FirebaseFirestore-linker-args.resp

SwiftDriverJobDiscovery normal arm64 Compiling MainTabView.swift (in target 'SciTechHub' from project 'SciTechHub')

SwiftDriver\ Compilation SciTechHub normal arm64 com.apple.xcode.tools.swift.compiler (in target 'SciTechHub' from project 'SciTechHub')
    cd /Users/mahhhia/Documents/SciTechHub
    builtin-Swift-Compilation -- /Applications/Xcode.app/Contents/Developer/Toolchains/XcodeDefault.xctoolchain/usr/bin/swiftc -module-name SciTechHub -Onone @/Users/mahhhia/Library/Developer/Xcode/DerivedData/SciTechHub-csrdwtxzhiubdrguqvixugviakdk/Build/Intermediates.noindex/SciTechHub.build/Debug-iphonesimulator/SciTechHub.build/Objects-normal/arm64/SciTechHub.SwiftFileList -DDEBUG -Xcc -fmodule-map-file\=/Users/mahhhia/Library/Developer/Xcode/DerivedData/SciTechHub-csrdwtxzhiubdrguqvixugviakdk/Build/Intermediates.noindex/GeneratedModuleMaps-iphonesimulator/GoogleUtilities-UserDefaults.modulemap -Xcc -fmodule-map-file\=/Users/mahhhia/Library/Developer/Xcode/DerivedData/SciTechHub-csrdwtxzhiubdrguqvixugviakdk/Build/Intermediates.noindex/GeneratedModuleMaps-iphonesimulator/GoogleAdsOnDeviceConversionTarget.modulemap -Xcc -fmodule-map-file\=/Users/mahhhia/Library/Developer/Xcode/DerivedData/SciTechHub-csrdwtxzhiubdrguqvixugviakdk/Build/Intermediates.noindex/GeneratedModuleMaps-iphonesimulator/GoogleAppMeasurementTarget.modulemap -Xcc -fmodule-map-file\=/Users/mahhhia/Library/Developer/Xcode/DerivedData/SciTechHub-csrdwtxzhiubdrguqvixugviakdk/Build/Intermediates.noindex/GeneratedModuleMaps-iphonesimulator/GoogleUtilities-MethodSwizzler.modulemap -Xcc -fmodule-map-file\=/Users/mahhhia/Library/Developer/Xcode/DerivedData/SciTechHub-csrdwtxzhiubdrguqvixugviakdk/Build/Intermediates.noindex/GeneratedModuleMaps-iphonesimulator/FirebaseAnalyticsWrapper.modulemap -Xcc -fmodule-map-file\=/Users/mahhhia/Library/Developer/Xcode/DerivedData/SciTechHub-csrdwtxzhiubdrguqvixugviakdk/Build/Intermediates.noindex/GeneratedModuleMaps-iphonesimulator/FirebaseInstallations.modulemap -Xcc -fmodule-map-file\=/Users/mahhhia/Library/Developer/Xcode/DerivedData/SciTechHub-csrdwtxzhiubdrguqvixugviakdk/Build/Intermediates.noindex/GeneratedModuleMaps-iphonesimulator/FirebaseAnalyticsTarget.modulemap -Xcc -fmodule-map-file\=/Users/mahhhia/Library/Developer/Xcode/DerivedData/SciTechHub-csrdwtxzhiubdrguqvixugviakdk/Build/Intermediates.noindex/GeneratedModuleMaps-iphonesimulator/RecaptchaInterop.modulemap -Xcc -fmodule-map-file\=/Users/mahhhia/Library/Developer/Xcode/DerivedData/SciTechHub-csrdwtxzhiubdrguqvixugviakdk/Build/Intermediates.noindex/GeneratedModuleMaps-iphonesimulator/GoogleUtilities-Network.modulemap -Xcc -fmodule-map-file\=/Users/mahhhia/Library/Developer/Xcode/DerivedData/SciTechHub-csrdwtxzhiubdrguqvixugviakdk/Build/Intermediates.noindex/GeneratedModuleMaps-iphonesimulator/GoogleUtilities-Reachability.modulemap -Xcc -fmodule-map-file\=/Users/mahhhia/Library/Developer/Xcode/DerivedData/SciTechHub-csrdwtxzhiubdrguqvixugviakdk/Build/Intermediates.noindex/GeneratedModuleMaps-iphonesimulator/GoogleUtilities-AppDelegateSwizzler.modulemap -Xcc -fmodule-map-file\=/Users/mahhhia/Library/Developer/Xcode/DerivedData/SciTechHub-csrdwtxzhiubdrguqvixugviakdk/Build/Intermediates.noindex/GeneratedModuleMaps-iphonesimulator/GTMSessionFetcherCore.modulemap -Xcc -fmodule-map-file\=/Users/mahhhia/Library/Developer/Xcode/DerivedData/SciTechHub-csrdwtxzhiubdrguqvixugviakdk/Build/Intermediates.noindex/GeneratedModuleMaps-iphonesimulator/FirebaseAuthInternal.modulemap -Xcc -fmodule-map-file\=/Users/mahhhia/Library/Developer/Xcode/DerivedData/SciTechHub-csrdwtxzhiubdrguqvixugviakdk/Build/Intermediates.noindex/GeneratedModuleMaps-iphonesimulator/FirebaseAuthInterop.modulemap -Xcc -fmodule-map-file\=/Users/mahhhia/Library/Developer/Xcode/DerivedData/SciTechHub-csrdwtxzhiubdrguqvixugviakdk/Build/Intermediates.noindex/GeneratedModuleMaps-iphonesimulator/GoogleUtilities-NSData.modulemap -Xcc -fmodule-map-file\=/Users/mahhhia/Library/Developer/Xcode/DerivedData/SciTechHub-csrdwtxzhiubdrguqvixugviakdk/Build/Intermediates.noindex/GeneratedModuleMaps-iphonesimulator/GoogleUtilities-Environment.modulemap -Xcc -fmodule-map-file\=/Users/mahhhia/Library/Developer/Xcode/DerivedData/SciTechHub-csrdwtxzhiubdrguqvixugviakdk/Build/Intermediates.noindex/GeneratedModuleMaps-iphonesimulator/third-party-IsAppEncrypted.modulemap -Xcc -fmodule-map-file\=/Users/mahhhia/Library/Developer/Xcode/DerivedData/SciTechHub-csrdwtxzhiubdrguqvixugviakdk/Build/Intermediates.noindex/GeneratedModuleMaps-iphonesimulator/GoogleUtilities-Logger.modulemap -Xcc -fmodule-map-file\=/Users/mahhhia/Library/Developer/Xcode/DerivedData/SciTechHub-csrdwtxzhiubdrguqvixugviakdk/Build/Intermediates.noindex/GeneratedModuleMaps-iphonesimulator/abslWrapper.modulemap -Xcc -fmodule-map-file\=/Users/mahhhia/Library/Developer/Xcode/DerivedData/SciTechHub-csrdwtxzhiubdrguqvixugviakdk/Build/Intermediates.noindex/GeneratedModuleMaps-iphonesimulator/opensslWrapper.modulemap -Xcc -fmodule-map-file\=/Users/mahhhia/Library/Developer/Xcode/DerivedData/SciTechHub-csrdwtxzhiubdrguqvixugviakdk/Build/Intermediates.noindex/GeneratedModuleMaps-iphonesimulator/grpcWrapper.modulemap -Xcc -fmodule-map-file\=/Users/mahhhia/Library/Developer/Xcode/DerivedData/SciTechHub-csrdwtxzhiubdrguqvixugviakdk/Build/Intermediates.noindex/GeneratedModuleMaps-iphonesimulator/grpcppWrapper.modulemap -Xcc -fmodule-map-file\=/Users/mahhhia/Library/Developer/Xcode/DerivedData/SciTechHub-csrdwtxzhiubdrguqvixugviakdk/Build/Intermediates.noindex/GeneratedModuleMaps-iphonesimulator/nanopb.modulemap -Xcc -fmodule-map-file\=/Users/mahhhia/Library/Developer/Xcode/DerivedData/SciTechHub-csrdwtxzhiubdrguqvixugviakdk/Build/Intermediates.noindex/GeneratedModuleMaps-iphonesimulator/leveldb.modulemap -Xcc -fmodule-map-file\=/Users/mahhhia/Library/Developer/Xcode/DerivedData/SciTechHub-csrdwtxzhiubdrguqvixugviakdk/Build/Intermediates.noindex/GeneratedModuleMaps-iphonesimulator/FirebaseCoreExtension.modulemap -Xcc -fmodule-map-file\=/Users/mahhhia/Library/Developer/Xcode/DerivedData/SciTechHub-csrdwtxzhiubdrguqvixugviakdk/Build/Intermediates.noindex/GeneratedModuleMaps-iphonesimulator/FirebaseCore.modulemap -Xcc -fmodule-map-file\=/Users/mahhhia/Library/Developer/Xcode/DerivedData/SciTechHub-csrdwtxzhiubdrguqvixugviakdk/Build/Intermediates.noindex/GeneratedModuleMaps-iphonesimulator/FirebaseAppCheckInterop.modulemap -Xcc -fmodule-map-file\=/Users/mahhhia/Library/Developer/Xcode/DerivedData/SciTechHub-csrdwtxzhiubdrguqvixugviakdk/Build/Intermediates.noindex/GeneratedModuleMaps-iphonesimulator/FirebaseFirestoreInternalWrapper.modulemap -Xcc -fmodule-map-file\=/Users/mahhhia/Library/Developer/Xcode/DerivedData/SciTechHub-csrdwtxzhiubdrguqvixugviakdk/Build/Intermediates.noindex/GeneratedModuleMaps-iphonesimulator/FirebaseFirestoreTarget.modulemap -enable-bare-slash-regex -enable-experimental-feature DebugDescriptionMacro -sdk /Applications/Xcode.app/Contents/Developer/Platforms/iPhoneSimulator.platform/Developer/SDKs/iPhoneSimulator26.4.sdk -target arm64-apple-ios16.6-simulator -g -module-cache-path /Users/mahhhia/Library/Developer/Xcode/DerivedData/ModuleCache.noindex -Xfrontend -serialize-debugging-options -profile-coverage-mapping -profile-generate -enable-testing -index-store-path /Users/mahhhia/Library/Developer/Xcode/DerivedData/SciTechHub-csrdwtxzhiubdrguqvixugviakdk/Index.noindex/DataStore -Xcc -D_LIBCPP_HARDENING_MODE\=_LIBCPP_HARDENING_MODE_DEBUG -swift-version 5 -I /Users/mahhhia/Library/Developer/Xcode/DerivedData/SciTechHub-csrdwtxzhiubdrguqvixugviakdk/Build/Products/Debug-iphonesimulator -F /Users/mahhhia/Library/Developer/Xcode/DerivedData/SciTechHub-csrdwtxzhiubdrguqvixugviakdk/Build/Products/Debug-iphonesimulator/PackageFrameworks -F /Users/mahhhia/Library/Developer/Xcode/DerivedData/SciTechHub-csrdwtxzhiubdrguqvixugviakdk/Build/Products/Debug-iphonesimulator/PackageFrameworks -F /Users/mahhhia/Library/Developer/Xcode/DerivedData/SciTechHub-csrdwtxzhiubdrguqvixugviakdk/Build/Products/Debug-iphonesimulator/PackageFrameworks -F /Users/mahhhia/Library/Developer/Xcode/DerivedData/SciTechHub-csrdwtxzhiubdrguqvixugviakdk/Build/Products/Debug-iphonesimulator/PackageFrameworks -F /Users/mahhhia/Library/Developer/Xcode/DerivedData/SciTechHub-csrdwtxzhiubdrguqvixugviakdk/Build/Products/Debug-iphonesimulator/PackageFrameworks -F /Users/mahhhia/Library/Developer/Xcode/DerivedData/SciTechHub-csrdwtxzhiubdrguqvixugviakdk/Build/Products/Debug-iphonesimulator/PackageFrameworks -F /Users/mahhhia/Library/Developer/Xcode/DerivedData/SciTechHub-csrdwtxzhiubdrguqvixugviakdk/Build/Products/Debug-iphonesimulator/PackageFrameworks -F /Users/mahhhia/Library/Developer/Xcode/DerivedData/SciTechHub-csrdwtxzhiubdrguqvixugviakdk/Build/Products/Debug-iphonesimulator/PackageFrameworks -F /Users/mahhhia/Library/Developer/Xcode/DerivedData/SciTechHub-csrdwtxzhiubdrguqvixugviakdk/Build/Products/Debug-iphonesimulator/PackageFrameworks -F /Users/mahhhia/Library/Developer/Xcode/DerivedData/SciTechHub-csrdwtxzhiubdrguqvixugviakdk/Build/Products/Debug-iphonesimulator/PackageFrameworks -F /Users/mahhhia/Library/Developer/Xcode/DerivedData/SciTechHub-csrdwtxzhiubdrguqvixugviakdk/Build/Products/Debug-iphonesimulator/PackageFrameworks -F /Users/mahhhia/Library/Developer/Xcode/DerivedData/SciTechHub-csrdwtxzhiubdrguqvixugviakdk/Build/Products/Debug-iphonesimulator/PackageFrameworks -F /Users/mahhhia/Library/Developer/Xcode/DerivedData/SciTechHub-csrdwtxzhiubdrguqvixugviakdk/Build/Products/Debug-iphonesimulator/PackageFrameworks -F /Users/mahhhia/Library/Developer/Xcode/DerivedData/SciTechHub-csrdwtxzhiubdrguqvixugviakdk/Build/Products/Debug-iphonesimulator/PackageFrameworks -F /Users/mahhhia/Library/Developer/Xcode/DerivedData/SciTechHub-csrdwtxzhiubdrguqvixugviakdk/Build/Products/Debug-iphonesimulator/PackageFrameworks -F /Users/mahhhia/Library/Developer/Xcode/DerivedData/SciTechHub-csrdwtxzhiubdrguqvixugviakdk/Build/Products/Debug-iphonesimulator/PackageFrameworks -F /Users/mahhhia/Library/Developer/Xcode/DerivedData/SciTechHub-csrdwtxzhiubdrguqvixugviakdk/Build/Products/Debug-iphonesimulator/PackageFrameworks -F /Users/mahhhia/Library/Developer/Xcode/DerivedData/SciTechHub-csrdwtxzhiubdrguqvixugviakdk/Build/Products/Debug-iphonesimulator/PackageFrameworks -F /Users/mahhhia/Library/Developer/Xcode/DerivedData/SciTechHub-csrdwtxzhiubdrguqvixugviakdk/Build/Products/Debug-iphonesimulator/PackageFrameworks -F /Users/mahhhia/Library/Developer/Xcode/DerivedData/SciTechHub-csrdwtxzhiubdrguqvixugviakdk/Build/Products/Debug-iphonesimulator/PackageFrameworks -F /Users/mahhhia/Library/Developer/Xcode/DerivedData/SciTechHub-csrdwtxzhiubdrguqvixugviakdk/Build/Products/Debug-iphonesimulator/PackageFrameworks -F /Users/mahhhia/Library/Developer/Xcode/DerivedData/SciTechHub-csrdwtxzhiubdrguqvixugviakdk/Build/Products/Debug-iphonesimulator/PackageFrameworks -F /Users/mahhhia/Library/Developer/Xcode/DerivedData/SciTechHub-csrdwtxzhiubdrguqvixugviakdk/Build/Products/Debug-iphonesimulator/PackageFrameworks -F /Users/mahhhia/Library/Developer/Xcode/DerivedData/SciTechHub-csrdwtxzhiubdrguqvixugviakdk/Build/Products/Debug-iphonesimulator/PackageFrameworks -F /Users/mahhhia/Library/Developer/Xcode/DerivedData/SciTechHub-csrdwtxzhiubdrguqvixugviakdk/Build/Products/Debug-iphonesimulator/PackageFrameworks -F /Users/mahhhia/Library/Developer/Xcode/DerivedData/SciTechHub-csrdwtxzhiubdrguqvixugviakdk/Build/Products/Debug-iphonesimulator/PackageFrameworks -F /Users/mahhhia/Library/Developer/Xcode/DerivedData/SciTechHub-csrdwtxzhiubdrguqvixugviakdk/Build/Products/Debug-iphonesimulator/PackageFrameworks -F /Users/mahhhia/Library/Developer/Xcode/DerivedData/SciTechHub-csrdwtxzhiubdrguqvixugviakdk/Build/Products/Debug-iphonesimulator/PackageFrameworks -F /Users/mahhhia/Library/Developer/Xcode/DerivedData/SciTechHub-csrdwtxzhiubdrguqvixugviakdk/Build/Products/Debug-iphonesimulator/PackageFrameworks -F /Users/mahhhia/Library/Developer/Xcode/DerivedData/SciTechHub-csrdwtxzhiubdrguqvixugviakdk/Build/Products/Debug-iphonesimulator/PackageFrameworks -F /Users/mahhhia/Library/Developer/Xcode/DerivedData/SciTechHub-csrdwtxzhiubdrguqvixugviakdk/Build/Products/Debug-iphonesimulator/PackageFrameworks -F /Users/mahhhia/Library/Developer/Xcode/DerivedData/SciTechHub-csrdwtxzhiubdrguqvixugviakdk/Build/Products/Debug-iphonesimulator/PackageFrameworks -F /Users/mahhhia/Library/Developer/Xcode/DerivedData/SciTechHub-csrdwtxzhiubdrguqvixugviakdk/Build/Products/Debug-iphonesimulator/PackageFrameworks -F /Users/mahhhia/Library/Developer/Xcode/DerivedData/SciTechHub-csrdwtxzhiubdrguqvixugviakdk/Build/Products/Debug-iphonesimulator/PackageFrameworks -F /Users/mahhhia/Library/Developer/Xcode/DerivedData/SciTechHub-csrdwtxzhiubdrguqvixugviakdk/Build/Products/Debug-iphonesimulator/PackageFrameworks -F /Users/mahhhia/Library/Developer/Xcode/DerivedData/SciTechHub-csrdwtxzhiubdrguqvixugviakdk/Build/Products/Debug-iphonesimulator/PackageFrameworks -F /Users/mahhhia/Library/Developer/Xcode/DerivedData/SciTechHub-csrdwtxzhiubdrguqvixugviakdk/Build/Products/Debug-iphonesimulator -emit-localized-strings -emit-localized-strings-path /Users/mahhhia/Library/Developer/Xcode/DerivedData/SciTechHub-csrdwtxzhiubdrguqvixugviakdk/Build/Intermediates.noindex/SciTechHub.build/Debug-iphonesimulator/SciTechHub.build/Objects-normal/arm64 -c -j10 -enable-batch-mode -incremental -Xcc -ivfsstatcache -Xcc /Users/mahhhia/Library/Developer/Xcode/DerivedData/SDKStatCaches.noindex/iphonesimulator26.4-23E252-686eebb5dc1d8ecb277353a59184f4aa.sdkstatcache -output-file-map /Users/mahhhia/Library/Developer/Xcode/DerivedData/SciTechHub-csrdwtxzhiubdrguqvixugviakdk/Build/Intermediates.noindex/SciTechHub.build/Debug-iphonesimulator/SciTechHub.build/Objects-normal/arm64/SciTechHub-OutputFileMap.json -use-frontend-parseable-output -save-temps -no-color-diagnostics -explicit-module-build -module-cache-path /Users/mahhhia/Library/Developer/Xcode/DerivedData/SciTechHub-csrdwtxzhiubdrguqvixugviakdk/Build/Intermediates.noindex/SwiftExplicitPrecompiledModules -clang-scanner-module-cache-path /Users/mahhhia/Library/Developer/Xcode/DerivedData/ModuleCache.noindex -sdk-module-cache-path /Users/mahhhia/Library/Developer/Xcode/DerivedData/ModuleCache.noindex -serialize-diagnostics -emit-dependencies -emit-module -emit-module-path /Users/mahhhia/Library/Developer/Xcode/DerivedData/SciTechHub-csrdwtxzhiubdrguqvixugviakdk/Build/Intermediates.noindex/SciTechHub.build/Debug-iphonesimulator/SciTechHub.build/Objects-normal/arm64/SciTechHub.swiftmodule -validate-clang-modules-once -clang-build-session-file /Users/mahhhia/Library/Developer/Xcode/DerivedData/ModuleCache.noindex/Session.modulevalidation -Xcc -I/Users/mahhhia/Library/Developer/Xcode/DerivedData/SciTechHub-csrdwtxzhiubdrguqvixugviakdk/Build/Intermediates.noindex/SciTechHub.build/Debug-iphonesimulator/SciTechHub.build/swift-overrides.hmap -emit-const-values -Xfrontend -const-gather-protocols-file -Xfrontend /Users/mahhhia/Library/Developer/Xcode/DerivedData/SciTechHub-csrdwtxzhiubdrguqvixugviakdk/Build/Intermediates.noindex/SciTechHub.build/Debug-iphonesimulator/SciTechHub.build/Objects-normal/arm64/SciTechHub_const_extract_protocols.json -Xcc -iquote -Xcc /Users/mahhhia/Library/Developer/Xcode/DerivedData/SciTechHub-csrdwtxzhiubdrguqvixugviakdk/Build/Intermediates.noindex/SciTechHub.build/Debug-iphonesimulator/SciTechHub.build/SciTechHub-generated-files.hmap -Xcc -I/Users/mahhhia/Library/Developer/Xcode/DerivedData/SciTechHub-csrdwtxzhiubdrguqvixugviakdk/Build/Intermediates.noindex/SciTechHub.build/Debug-iphonesimulator/SciTechHub.build/SciTechHub-own-target-headers.hmap -Xcc -I/Users/mahhhia/Library/Developer/Xcode/DerivedData/SciTechHub-csrdwtxzhiubdrguqvixugviakdk/Build/Intermediates.noindex/SciTechHub.build/Debug-iphonesimulator/SciTechHub.build/SciTechHub-all-non-framework-target-headers.hmap -Xcc -ivfsoverlay -Xcc /Users/mahhhia/Library/Developer/Xcode/DerivedData/SciTechHub-csrdwtxzhiubdrguqvixugviakdk/Build/Intermediates.noindex/SciTechHub.build/Debug-iphonesimulator/SciTechHub-b72c93980f41c196507f010a794e0704-VFS-iphonesimulator/all-product-headers.yaml -Xcc -iquote -Xcc /Users/mahhhia/Library/Developer/Xcode/DerivedData/SciTechHub-csrdwtxzhiubdrguqvixugviakdk/Build/Intermediates.noindex/SciTechHub.build/Debug-iphonesimulator/SciTechHub.build/SciTechHub-project-headers.hmap -Xcc -I/Users/mahhhia/Library/Developer/Xcode/DerivedData/SciTechHub-csrdwtxzhiubdrguqvixugviakdk/SourcePackages/checkouts/promises/Sources/FBLPromises/include -Xcc -I/Users/mahhhia/Library/Developer/Xcode/DerivedData/SciTechHub-csrdwtxzhiubdrguqvixugviakdk/SourcePackages/checkouts/GoogleUtilities/GoogleUtilities/UserDefaults/Public -Xcc -I/Users/mahhhia/Library/Developer/Xcode/DerivedData/SciTechHub-csrdwtxzhiubdrguqvixugviakdk/SourcePackages/checkouts/google-ads-on-device-conversion-ios-sdk/GoogleAdsOnDeviceConversionWrapper/include -Xcc -I/Users/mahhhia/Library/Developer/Xcode/DerivedData/SciTechHub-csrdwtxzhiubdrguqvixugviakdk/SourcePackages/checkouts/GoogleAppMeasurement/GoogleAppMeasurementWrapper/include -Xcc -I/Users/mahhhia/Library/Developer/Xcode/DerivedData/SciTechHub-csrdwtxzhiubdrguqvixugviakdk/SourcePackages/checkouts/GoogleUtilities/GoogleUtilities/MethodSwizzler/Public -Xcc -I/Users/mahhhia/Library/Developer/Xcode/DerivedData/SciTechHub-csrdwtxzhiubdrguqvixugviakdk/SourcePackages/checkouts/firebase-ios-sdk/FirebaseAnalyticsWrapper/include -Xcc -I/Users/mahhhia/Library/Developer/Xcode/DerivedData/SciTechHub-csrdwtxzhiubdrguqvixugviakdk/SourcePackages/checkouts/firebase-ios-sdk/FirebaseInstallations/Source/Library/Public -Xcc -I/Users/mahhhia/Library/Developer/Xcode/DerivedData/SciTechHub-csrdwtxzhiubdrguqvixugviakdk/SourcePackages/checkouts/firebase-ios-sdk/SwiftPM-PlatformExclude/FirebaseAnalyticsWrap/include -Xcc -I/Users/mahhhia/Library/Developer/Xcode/DerivedData/SciTechHub-csrdwtxzhiubdrguqvixugviakdk/SourcePackages/checkouts/interop-ios-for-google-sdks/RecaptchaEnterprise/RecaptchaInterop/Public -Xcc -I/Users/mahhhia/Library/Developer/Xcode/DerivedData/SciTechHub-csrdwtxzhiubdrguqvixugviakdk/SourcePackages/checkouts/GoogleUtilities/GoogleUtilities/Network/Public -Xcc -I/Users/mahhhia/Library/Developer/Xcode/DerivedData/SciTechHub-csrdwtxzhiubdrguqvixugviakdk/SourcePackages/checkouts/GoogleUtilities/GoogleUtilities/Reachability/Public -Xcc -I/Users/mahhhia/Library/Developer/Xcode/DerivedData/SciTechHub-csrdwtxzhiubdrguqvixugviakdk/SourcePackages/checkouts/GoogleUtilities/GoogleUtilities/AppDelegateSwizzler/Public -Xcc -I/Users/mahhhia/Library/Developer/Xcode/DerivedData/SciTechHub-csrdwtxzhiubdrguqvixugviakdk/SourcePackages/checkouts/gtm-session-fetcher/Sources/Core/Public -Xcc -I/Users/mahhhia/Library/Developer/Xcode/DerivedData/SciTechHub-csrdwtxzhiubdrguqvixugviakdk/SourcePackages/checkouts/firebase-ios-sdk/FirebaseAuth/Sources/Public -Xcc -I/Users/mahhhia/Library/Developer/Xcode/DerivedData/SciTechHub-csrdwtxzhiubdrguqvixugviakdk/SourcePackages/checkouts/firebase-ios-sdk/FirebaseAuth/Interop/Public -Xcc -I/Users/mahhhia/Library/Developer/Xcode/DerivedData/SciTechHub-csrdwtxzhiubdrguqvixugviakdk/SourcePackages/checkouts/GoogleUtilities/GoogleUtilities/NSData+zlib/Public -Xcc -I/Users/mahhhia/Library/Developer/Xcode/DerivedData/SciTechHub-csrdwtxzhiubdrguqvixugviakdk/SourcePackages/checkouts/GoogleUtilities/GoogleUtilities/Environment/Public -Xcc -I/Users/mahhhia/Library/Developer/Xcode/DerivedData/SciTechHub-csrdwtxzhiubdrguqvixugviakdk/SourcePackages/checkouts/GoogleUtilities/third_party/IsAppEncrypted/Public -Xcc -I/Users/mahhhia/Library/Developer/Xcode/DerivedData/SciTechHub-csrdwtxzhiubdrguqvixugviakdk/SourcePackages/checkouts/GoogleUtilities/GoogleUtilities/Logger/Public -Xcc -I/Users/mahhhia/Library/Developer/Xcode/DerivedData/SciTechHub-csrdwtxzhiubdrguqvixugviakdk/SourcePackages/checkouts/abseil-cpp-binary/absl-Wrapper/include -Xcc -I/Users/mahhhia/Library/Developer/Xcode/DerivedData/SciTechHub-csrdwtxzhiubdrguqvixugviakdk/SourcePackages/checkouts/grpc-binary/openssl-grpc-Wrapper/include -Xcc -I/Users/mahhhia/Library/Developer/Xcode/DerivedData/SciTechHub-csrdwtxzhiubdrguqvixugviakdk/SourcePackages/checkouts/grpc-binary/grpc-Wrapper/include -Xcc -I/Users/mahhhia/Library/Developer/Xcode/DerivedData/SciTechHub-csrdwtxzhiubdrguqvixugviakdk/SourcePackages/checkouts/grpc-binary/grpcpp-Wrapper/include -Xcc -I/Users/mahhhia/Library/Developer/Xcode/DerivedData/SciTechHub-csrdwtxzhiubdrguqvixugviakdk/SourcePackages/checkouts/nanopb/spm_headers -Xcc -I/Users/mahhhia/Library/Developer/Xcode/DerivedData/SciTechHub-csrdwtxzhiubdrguqvixugviakdk/SourcePackages/checkouts/leveldb/include -Xcc -I/Users/mahhhia/Library/Developer/Xcode/DerivedData/SciTechHub-csrdwtxzhiubdrguqvixugviakdk/SourcePackages/checkouts/firebase-ios-sdk/FirebaseCore/Extension -Xcc -I/Users/mahhhia/Library/Developer/Xcode/DerivedData/SciTechHub-csrdwtxzhiubdrguqvixugviakdk/SourcePackages/checkouts/firebase-ios-sdk/FirebaseCore/Sources/Public -Xcc -I/Users/mahhhia/Library/Developer/Xcode/DerivedData/SciTechHub-csrdwtxzhiubdrguqvixugviakdk/SourcePackages/checkouts/firebase-ios-sdk/CoreOnly/Sources -Xcc -I/Users/mahhhia/Library/Developer/Xcode/DerivedData/SciTechHub-csrdwtxzhiubdrguqvixugviakdk/SourcePackages/checkouts/firebase-ios-sdk/FirebaseAppCheck/Interop/Public -Xcc -I/Users/mahhhia/Library/Developer/Xcode/DerivedData/SciTechHub-csrdwtxzhiubdrguqvixugviakdk/SourcePackages/checkouts/firebase-ios-sdk/FirebaseFirestoreInternal -Xcc -I/Users/mahhhia/Library/Developer/Xcode/DerivedData/SciTechHub-csrdwtxzhiubdrguqvixugviakdk/SourcePackages/checkouts/firebase-ios-sdk/SwiftPM-PlatformExclude/FirebaseFirestoreWrap/include -Xcc -I/Users/mahhhia/Library/Developer/Xcode/DerivedData/SciTechHub-csrdwtxzhiubdrguqvixugviakdk/Build/Products/Debug-iphonesimulator/include -Xcc -I/Users/mahhhia/Library/Developer/Xcode/DerivedData/SciTechHub-csrdwtxzhiubdrguqvixugviakdk/Build/Intermediates.noindex/SciTechHub.build/Debug-iphonesimulator/SciTechHub.build/DerivedSources-normal/arm64 -Xcc -I/Users/mahhhia/Library/Developer/Xcode/DerivedData/SciTechHub-csrdwtxzhiubdrguqvixugviakdk/Build/Intermediates.noindex/SciTechHub.build/Debug-iphonesimulator/SciTechHub.build/DerivedSources/arm64 -Xcc -I/Users/mahhhia/Library/Developer/Xcode/DerivedData/SciTechHub-csrdwtxzhiubdrguqvixugviakdk/Build/Intermediates.noindex/SciTechHub.build/Debug-iphonesimulator/SciTechHub.build/DerivedSources -Xcc -DDEBUG\=1 -emit-objc-header -emit-objc-header-path /Users/mahhhia/Library/Developer/Xcode/DerivedData/SciTechHub-csrdwtxzhiubdrguqvixugviakdk/Build/Intermediates.noindex/SciTechHub.build/Debug-iphonesimulator/SciTechHub.build/Objects-normal/arm64/SciTechHub-Swift.h -working-directory /Users/mahhhia/Documents/SciTechHub -experimental-emit-module-separately -disable-cmo

Ld /Users/mahhhia/Library/Developer/Xcode/DerivedData/SciTechHub-csrdwtxzhiubdrguqvixugviakdk/Build/Intermediates.noindex/SciTechHub.build/Debug-iphonesimulator/SciTechHub.build/Objects-normal/arm64/Binary/SciTechHub.debug.dylib normal arm64 (in target 'SciTechHub' from project 'SciTechHub')
    cd /Users/mahhhia/Documents/SciTechHub
    /Applications/Xcode.app/Contents/Developer/Toolchains/XcodeDefault.xctoolchain/usr/bin/clang -Xlinker -reproducible -target arm64-apple-ios16.6-simulator -dynamiclib -isysroot /Applications/Xcode.app/Contents/Developer/Platforms/iPhoneSimulator.platform/Developer/SDKs/iPhoneSimulator26.4.sdk -O0 -L/Users/mahhhia/Library/Developer/Xcode/DerivedData/SciTechHub-csrdwtxzhiubdrguqvixugviakdk/Build/Intermediates.noindex/EagerLinkingTBDs/Debug-iphonesimulator -L/Users/mahhhia/Library/Developer/Xcode/DerivedData/SciTechHub-csrdwtxzhiubdrguqvixugviakdk/Build/Products/Debug-iphonesimulator -F/Users/mahhhia/Library/Developer/Xcode/DerivedData/SciTechHub-csrdwtxzhiubdrguqvixugviakdk/Build/Intermediates.noindex/EagerLinkingTBDs/Debug-iphonesimulator -F/Users/mahhhia/Library/Developer/Xcode/DerivedData/SciTechHub-csrdwtxzhiubdrguqvixugviakdk/Build/Products/Debug-iphonesimulator/PackageFrameworks -F/Users/mahhhia/Library/Developer/Xcode/DerivedData/SciTechHub-csrdwtxzhiubdrguqvixugviakdk/Build/Products/Debug-iphonesimulator/PackageFrameworks -F/Users/mahhhia/Library/Developer/Xcode/DerivedData/SciTechHub-csrdwtxzhiubdrguqvixugviakdk/Build/Products/Debug-iphonesimulator/PackageFrameworks -F/Users/mahhhia/Library/Developer/Xcode/DerivedData/SciTechHub-csrdwtxzhiubdrguqvixugviakdk/Build/Products/Debug-iphonesimulator/PackageFrameworks -F/Users/mahhhia/Library/Developer/Xcode/DerivedData/SciTechHub-csrdwtxzhiubdrguqvixugviakdk/Build/Products/Debug-iphonesimulator/PackageFrameworks -F/Users/mahhhia/Library/Developer/Xcode/DerivedData/SciTechHub-csrdwtxzhiubdrguqvixugviakdk/Build/Products/Debug-iphonesimulator/PackageFrameworks -F/Users/mahhhia/Library/Developer/Xcode/DerivedData/SciTechHub-csrdwtxzhiubdrguqvixugviakdk/Build/Products/Debug-iphonesimulator/PackageFrameworks -F/Users/mahhhia/Library/Developer/Xcode/DerivedData/SciTechHub-csrdwtxzhiubdrguqvixugviakdk/Build/Products/Debug-iphonesimulator/PackageFrameworks -F/Users/mahhhia/Library/Developer/Xcode/DerivedData/SciTechHub-csrdwtxzhiubdrguqvixugviakdk/Build/Products/Debug-iphonesimulator/PackageFrameworks -F/Users/mahhhia/Library/Developer/Xcode/DerivedData/SciTechHub-csrdwtxzhiubdrguqvixugviakdk/Build/Products/Debug-iphonesimulator/PackageFrameworks -F/Users/mahhhia/Library/Developer/Xcode/DerivedData/SciTechHub-csrdwtxzhiubdrguqvixugviakdk/Build/Products/Debug-iphonesimulator/PackageFrameworks -F/Users/mahhhia/Library/Developer/Xcode/DerivedData/SciTechHub-csrdwtxzhiubdrguqvixugviakdk/Build/Products/Debug-iphonesimulator/PackageFrameworks -F/Users/mahhhia/Library/Developer/Xcode/DerivedData/SciTechHub-csrdwtxzhiubdrguqvixugviakdk/Build/Products/Debug-iphonesimulator/PackageFrameworks -F/Users/mahhhia/Library/Developer/Xcode/DerivedData/SciTechHub-csrdwtxzhiubdrguqvixugviakdk/Build/Products/Debug-iphonesimulator/PackageFrameworks -F/Users/mahhhia/Library/Developer/Xcode/DerivedData/SciTechHub-csrdwtxzhiubdrguqvixugviakdk/Build/Products/Debug-iphonesimulator/PackageFrameworks -F/Users/mahhhia/Library/Developer/Xcode/DerivedData/SciTechHub-csrdwtxzhiubdrguqvixugviakdk/Build/Products/Debug-iphonesimulator/PackageFrameworks -F/Users/mahhhia/Library/Developer/Xcode/DerivedData/SciTechHub-csrdwtxzhiubdrguqvixugviakdk/Build/Products/Debug-iphonesimulator/PackageFrameworks -F/Users/mahhhia/Library/Developer/Xcode/DerivedData/SciTechHub-csrdwtxzhiubdrguqvixugviakdk/Build/Products/Debug-iphonesimulator/PackageFrameworks -F/Users/mahhhia/Library/Developer/Xcode/DerivedData/SciTechHub-csrdwtxzhiubdrguqvixugviakdk/Build/Products/Debug-iphonesimulator/PackageFrameworks -F/Users/mahhhia/Library/Developer/Xcode/DerivedData/SciTechHub-csrdwtxzhiubdrguqvixugviakdk/Build/Products/Debug-iphonesimulator/PackageFrameworks -F/Users/mahhhia/Library/Developer/Xcode/DerivedData/SciTechHub-csrdwtxzhiubdrguqvixugviakdk/Build/Products/Debug-iphonesimulator/PackageFrameworks -F/Users/mahhhia/Library/Developer/Xcode/DerivedData/SciTechHub-csrdwtxzhiubdrguqvixugviakdk/Build/Products/Debug-iphonesimulator/PackageFrameworks -F/Users/mahhhia/Library/Developer/Xcode/DerivedData/SciTechHub-csrdwtxzhiubdrguqvixugviakdk/Build/Products/Debug-iphonesimulator/PackageFrameworks -F/Users/mahhhia/Library/Developer/Xcode/DerivedData/SciTechHub-csrdwtxzhiubdrguqvixugviakdk/Build/Products/Debug-iphonesimulator/PackageFrameworks -F/Users/mahhhia/Library/Developer/Xcode/DerivedData/SciTechHub-csrdwtxzhiubdrguqvixugviakdk/Build/Products/Debug-iphonesimulator/PackageFrameworks -F/Users/mahhhia/Library/Developer/Xcode/DerivedData/SciTechHub-csrdwtxzhiubdrguqvixugviakdk/Build/Products/Debug-iphonesimulator/PackageFrameworks -F/Users/mahhhia/Library/Developer/Xcode/DerivedData/SciTechHub-csrdwtxzhiubdrguqvixugviakdk/Build/Products/Debug-iphonesimulator/PackageFrameworks -F/Users/mahhhia/Library/Developer/Xcode/DerivedData/SciTechHub-csrdwtxzhiubdrguqvixugviakdk/Build/Products/Debug-iphonesimulator/PackageFrameworks -F/Users/mahhhia/Library/Developer/Xcode/DerivedData/SciTechHub-csrdwtxzhiubdrguqvixugviakdk/Build/Products/Debug-iphonesimulator/PackageFrameworks -F/Users/mahhhia/Library/Developer/Xcode/DerivedData/SciTechHub-csrdwtxzhiubdrguqvixugviakdk/Build/Products/Debug-iphonesimulator/PackageFrameworks -F/Users/mahhhia/Library/Developer/Xcode/DerivedData/SciTechHub-csrdwtxzhiubdrguqvixugviakdk/Build/Products/Debug-iphonesimulator/PackageFrameworks -F/Users/mahhhia/Library/Developer/Xcode/DerivedData/SciTechHub-csrdwtxzhiubdrguqvixugviakdk/Build/Products/Debug-iphonesimulator/PackageFrameworks -F/Users/mahhhia/Library/Developer/Xcode/DerivedData/SciTechHub-csrdwtxzhiubdrguqvixugviakdk/Build/Products/Debug-iphonesimulator/PackageFrameworks -F/Users/mahhhia/Library/Developer/Xcode/DerivedData/SciTechHub-csrdwtxzhiubdrguqvixugviakdk/Build/Products/Debug-iphonesimulator/PackageFrameworks -F/Users/mahhhia/Library/Developer/Xcode/DerivedData/SciTechHub-csrdwtxzhiubdrguqvixugviakdk/Build/Products/Debug-iphonesimulator/PackageFrameworks -F/Users/mahhhia/Library/Developer/Xcode/DerivedData/SciTechHub-csrdwtxzhiubdrguqvixugviakdk/Build/Products/Debug-iphonesimulator/PackageFrameworks -F/Users/mahhhia/Library/Developer/Xcode/DerivedData/SciTechHub-csrdwtxzhiubdrguqvixugviakdk/Build/Products/Debug-iphonesimulator -filelist /Users/mahhhia/Library/Developer/Xcode/DerivedData/SciTechHub-csrdwtxzhiubdrguqvixugviakdk/Build/Intermediates.noindex/SciTechHub.build/Debug-iphonesimulator/SciTechHub.build/Objects-normal/arm64/SciTechHub.LinkFileList -install_name @rpath/SciTechHub.debug.dylib -Xlinker -rpath -Xlinker /usr/lib/swift -Xlinker -rpath -Xlinker /Users/mahhhia/Library/Developer/Xcode/DerivedData/SciTechHub-csrdwtxzhiubdrguqvixugviakdk/Build/Products/Debug-iphonesimulator/PackageFrameworks -Xlinker -rpath -Xlinker @executable_path/Frameworks -Xlinker -dead_strip -Xlinker -object_path_lto -Xlinker /Users/mahhhia/Library/Developer/Xcode/DerivedData/SciTechHub-csrdwtxzhiubdrguqvixugviakdk/Build/Intermediates.noindex/SciTechHub.build/Debug-iphonesimulator/SciTechHub.build/Objects-normal/arm64/SciTechHub_lto.o -rdynamic -Xlinker -no_deduplicate -Xlinker -objc_abi_version -Xlinker 2 -Xlinker -debug_variant -Xlinker -dependency_info -Xlinker /Users/mahhhia/Library/Developer/Xcode/DerivedData/SciTechHub-csrdwtxzhiubdrguqvixugviakdk/Build/Intermediates.noindex/SciTechHub.build/Debug-iphonesimulator/SciTechHub.build/Objects-normal/arm64/SciTechHub_dependency_info.dat -fobjc-link-runtime -fprofile-instr-generate -L/Applications/Xcode.app/Contents/Developer/Toolchains/XcodeDefault.xctoolchain/usr/lib/swift/iphonesimulator -L/usr/lib/swift -Xlinker -add_ast_path -Xlinker /Users/mahhhia/Library/Developer/Xcode/DerivedData/SciTechHub-csrdwtxzhiubdrguqvixugviakdk/Build/Intermediates.noindex/SciTechHub.build/Debug-iphonesimulator/SciTechHub.build/Objects-normal/arm64/SciTechHub.swiftmodule @/Users/mahhhia/Library/Developer/Xcode/DerivedData/SciTechHub-csrdwtxzhiubdrguqvixugviakdk/Build/Intermediates.noindex/SciTechHub.build/Debug-iphonesimulator/SciTechHub.build/Objects-normal/arm64/SciTechHub-linker-args.resp -Wl,-no_warn_duplicate_libraries -Wl,-no_warn_duplicate_libraries -Wl,-no_warn_duplicate_libraries -Wl,-no_warn_duplicate_libraries -Wl,-no_warn_duplicate_libraries -Wl,-no_warn_duplicate_libraries -Wl,-no_warn_duplicate_libraries -Wl,-no_warn_duplicate_libraries -Wl,-no_warn_duplicate_libraries -Wl,-no_warn_duplicate_libraries -Wl,-no_warn_duplicate_libraries -Wl,-no_warn_duplicate_libraries -Wl,-no_warn_duplicate_libraries -Wl,-no_warn_duplicate_libraries -Wl,-no_warn_duplicate_libraries -Wl,-no_warn_duplicate_libraries -Wl,-no_warn_duplicate_libraries -Wl,-no_warn_duplicate_libraries -Wl,-no_warn_duplicate_libraries -Wl,-no_warn_duplicate_libraries -Wl,-no_warn_duplicate_libraries -Wl,-no_warn_duplicate_libraries -Wl,-no_warn_duplicate_libraries -Wl,-no_warn_duplicate_libraries -Wl,-no_warn_duplicate_libraries -Wl,-no_warn_duplicate_libraries -lc++ -Wl,-no_warn_duplicate_libraries -Wl,-no_warn_duplicate_libraries -Wl,-no_warn_duplicate_libraries -Wl,-no_warn_duplicate_libraries -Wl,-no_warn_duplicate_libraries -Wl,-no_warn_duplicate_libraries -Wl,-no_warn_duplicate_libraries -Wl,-no_warn_duplicate_libraries -Wl,-no_warn_duplicate_libraries -Wl,-no_warn_duplicate_libraries -framework UIKit -lc++ -framework SystemConfiguration -framework UIKit -lz -framework Security -framework SafariServices -framework Security -lsqlite3 -lc++ -lz -framework StoreKit -lsqlite3 -lc++ -lz -framework StoreKit -lc++ -Xlinker -alias -Xlinker _main -Xlinker ___debug_main_executable_dylib_entry_point -framework FirebaseAnalytics -framework GoogleAppMeasurementIdentitySupport -framework GoogleAppMeasurement -framework GoogleAdsOnDeviceConversion -framework FirebaseFirestoreInternal -framework absl -framework grpcpp -framework grpc -framework openssl_grpc -o /Users/mahhhia/Library/Developer/Xcode/DerivedData/SciTechHub-csrdwtxzhiubdrguqvixugviakdk/Build/Intermediates.noindex/SciTechHub.build/Debug-iphonesimulator/SciTechHub.build/Objects-normal/arm64/Binary/SciTechHub.debug.dylib -Xlinker -add_ast_path -Xlinker /Users/mahhhia/Library/Developer/Xcode/DerivedData/SciTechHub-csrdwtxzhiubdrguqvixugviakdk/Build/Intermediates.noindex/Firebase.build/Debug-iphonesimulator/FirebaseCoreInternal.build/Objects-normal/arm64/FirebaseCoreInternal.swiftmodule @/Users/mahhhia/Library/Developer/Xcode/DerivedData/SciTechHub-csrdwtxzhiubdrguqvixugviakdk/Build/Intermediates.noindex/Firebase.build/Debug-iphonesimulator/FirebaseCoreInternal.build/Objects-normal/arm64/FirebaseCoreInternal-linker-args.resp -Xlinker -add_ast_path -Xlinker /Users/mahhhia/Library/Developer/Xcode/DerivedData/SciTechHub-csrdwtxzhiubdrguqvixugviakdk/Build/Intermediates.noindex/Firebase.build/Debug-iphonesimulator/FirebaseStorage.build/Objects-normal/arm64/FirebaseStorage.swiftmodule @/Users/mahhhia/Library/Developer/Xcode/DerivedData/SciTechHub-csrdwtxzhiubdrguqvixugviakdk/Build/Intermediates.noindex/Firebase.build/Debug-iphonesimulator/FirebaseStorage.build/Objects-normal/arm64/FirebaseStorage-linker-args.resp -Xlinker -add_ast_path -Xlinker /Users/mahhhia/Library/Developer/Xcode/DerivedData/SciTechHub-csrdwtxzhiubdrguqvixugviakdk/Build/Intermediates.noindex/Firebase.build/Debug-iphonesimulator/FirebaseAuth.build/Objects-normal/arm64/FirebaseAuth.swiftmodule @/Users/mahhhia/Library/Developer/Xcode/DerivedData/SciTechHub-csrdwtxzhiubdrguqvixugviakdk/Build/Intermediates.noindex/Firebase.build/Debug-iphonesimulator/FirebaseAuth.build/Objects-normal/arm64/FirebaseAuth-linker-args.resp -Xlinker -add_ast_path -Xlinker /Users/mahhhia/Library/Developer/Xcode/DerivedData/SciTechHub-csrdwtxzhiubdrguqvixugviakdk/Build/Intermediates.noindex/Firebase.build/Debug-iphonesimulator/FirebaseSharedSwift.build/Objects-normal/arm64/FirebaseSharedSwift.swiftmodule @/Users/mahhhia/Library/Developer/Xcode/DerivedData/SciTechHub-csrdwtxzhiubdrguqvixugviakdk/Build/Intermediates.noindex/Firebase.build/Debug-iphonesimulator/FirebaseSharedSwift.build/Objects-normal/arm64/FirebaseSharedSwift-linker-args.resp -Xlinker -add_ast_path -Xlinker /Users/mahhhia/Library/Developer/Xcode/DerivedData/SciTechHub-csrdwtxzhiubdrguqvixugviakdk/Build/Intermediates.noindex/Firebase.build/Debug-iphonesimulator/FirebaseFirestore.build/Objects-normal/arm64/FirebaseFirestore.swiftmodule @/Users/mahhhia/Library/Developer/Xcode/DerivedData/SciTechHub-csrdwtxzhiubdrguqvixugviakdk/Build/Intermediates.noindex/Firebase.build/Debug-iphonesimulator/FirebaseFirestore.build/Objects-normal/arm64/FirebaseFirestore-linker-args.resp

ProcessInfoPlistFile /Users/mahhhia/Library/Developer/Xcode/DerivedData/SciTechHub-csrdwtxzhiubdrguqvixugviakdk/Build/Products/Debug-iphonesimulator/SciTechHub.app/Info.plist /Users/mahhhia/Library/Developer/Xcode/DerivedData/SciTechHub-csrdwtxzhiubdrguqvixugviakdk/Build/Intermediates.noindex/SciTechHub.build/Debug-iphonesimulator/SciTechHub.build/empty-SciTechHub.plist (in target 'SciTechHub' from project 'SciTechHub')
    cd /Users/mahhhia/Documents/SciTechHub
    builtin-infoPlistUtility /Users/mahhhia/Library/Developer/Xcode/DerivedData/SciTechHub-csrdwtxzhiubdrguqvixugviakdk/Build/Intermediates.noindex/SciTechHub.build/Debug-iphonesimulator/SciTechHub.build/empty-SciTechHub.plist -producttype com.apple.product-type.application -genpkginfo /Users/mahhhia/Library/Developer/Xcode/DerivedData/SciTechHub-csrdwtxzhiubdrguqvixugviakdk/Build/Products/Debug-iphonesimulator/SciTechHub.app/PkgInfo -expandbuildsettings -format binary -platform iphonesimulator -additionalcontentfile /Users/mahhhia/Library/Developer/Xcode/DerivedData/SciTechHub-csrdwtxzhiubdrguqvixugviakdk/Build/Intermediates.noindex/SciTechHub.build/Debug-iphonesimulator/SciTechHub.build/assetcatalog_generated_info.plist -scanforprivacyfile /Users/mahhhia/Library/Developer/Xcode/DerivedData/SciTechHub-csrdwtxzhiubdrguqvixugviakdk/Build/Products/Debug-iphonesimulator/SciTechHub.app/Firebase_FirebaseAuth.bundle -scanforprivacyfile /Users/mahhhia/Library/Developer/Xcode/DerivedData/SciTechHub-csrdwtxzhiubdrguqvixugviakdk/Build/Products/Debug-iphonesimulator/SciTechHub.app/Firebase_FirebaseCore.bundle -scanforprivacyfile /Users/mahhhia/Library/Developer/Xcode/DerivedData/SciTechHub-csrdwtxzhiubdrguqvixugviakdk/Build/Products/Debug-iphonesimulator/SciTechHub.app/Firebase_FirebaseCoreExtension.bundle -scanforprivacyfile /Users/mahhhia/Library/Developer/Xcode/DerivedData/SciTechHub-csrdwtxzhiubdrguqvixugviakdk/Build/Products/Debug-iphonesimulator/SciTechHub.app/Firebase_FirebaseCoreInternal.bundle -scanforprivacyfile /Users/mahhhia/Library/Developer/Xcode/DerivedData/SciTechHub-csrdwtxzhiubdrguqvixugviakdk/Build/Products/Debug-iphonesimulator/SciTechHub.app/Firebase_FirebaseFirestore.bundle -scanforprivacyfile /Users/mahhhia/Library/Developer/Xcode/DerivedData/SciTechHub-csrdwtxzhiubdrguqvixugviakdk/Build/Products/Debug-iphonesimulator/SciTechHub.app/Firebase_FirebaseInstallations.bundle -scanforprivacyfile /Users/mahhhia/Library/Developer/Xcode/DerivedData/SciTechHub-csrdwtxzhiubdrguqvixugviakdk/Build/Products/Debug-iphonesimulator/SciTechHub.app/Frameworks/FirebaseAnalytics.framework -scanforprivacyfile /Users/mahhhia/Library/Developer/Xcode/DerivedData/SciTechHub-csrdwtxzhiubdrguqvixugviakdk/Build/Products/Debug-iphonesimulator/SciTechHub.app/Frameworks/FirebaseFirestoreInternal.framework -scanforprivacyfile /Users/mahhhia/Library/Developer/Xcode/DerivedData/SciTechHub-csrdwtxzhiubdrguqvixugviakdk/Build/Products/Debug-iphonesimulator/SciTechHub.app/Frameworks/GoogleAdsOnDeviceConversion.framework -scanforprivacyfile /Users/mahhhia/Library/Developer/Xcode/DerivedData/SciTechHub-csrdwtxzhiubdrguqvixugviakdk/Build/Products/Debug-iphonesimulator/SciTechHub.app/Frameworks/GoogleAppMeasurement.framework -scanforprivacyfile /Users/mahhhia/Library/Developer/Xcode/DerivedData/SciTechHub-csrdwtxzhiubdrguqvixugviakdk/Build/Products/Debug-iphonesimulator/SciTechHub.app/Frameworks/GoogleAppMeasurementIdentitySupport.framework -scanforprivacyfile /Users/mahhhia/Library/Developer/Xcode/DerivedData/SciTechHub-csrdwtxzhiubdrguqvixugviakdk/Build/Products/Debug-iphonesimulator/SciTechHub.app/Frameworks/absl.framework -scanforprivacyfile /Users/mahhhia/Library/Developer/Xcode/DerivedData/SciTechHub-csrdwtxzhiubdrguqvixugviakdk/Build/Products/Debug-iphonesimulator/SciTechHub.app/Frameworks/grpc.framework -scanforprivacyfile /Users/mahhhia/Library/Developer/Xcode/DerivedData/SciTechHub-csrdwtxzhiubdrguqvixugviakdk/Build/Products/Debug-iphonesimulator/SciTechHub.app/Frameworks/grpcpp.framework -scanforprivacyfile /Users/mahhhia/Library/Developer/Xcode/DerivedData/SciTechHub-csrdwtxzhiubdrguqvixugviakdk/Build/Products/Debug-iphonesimulator/SciTechHub.app/Frameworks/openssl_grpc.framework -scanforprivacyfile /Users/mahhhia/Library/Developer/Xcode/DerivedData/SciTechHub-csrdwtxzhiubdrguqvixugviakdk/Build/Products/Debug-iphonesimulator/SciTechHub.app/GTMSessionFetcher_GTMSessionFetcherCore.bundle -scanforprivacyfile /Users/mahhhia/Library/Developer/Xcode/DerivedData/SciTechHub-csrdwtxzhiubdrguqvixugviakdk/Build/Products/Debug-iphonesimulator/SciTechHub.app/GoogleUtilities_GoogleUtilities-AppDelegateSwizzler.bundle -scanforprivacyfile /Users/mahhhia/Library/Developer/Xcode/DerivedData/SciTechHub-csrdwtxzhiubdrguqvixugviakdk/Build/Products/Debug-iphonesimulator/SciTechHub.app/GoogleUtilities_GoogleUtilities-Environment.bundle -scanforprivacyfile /Users/mahhhia/Library/Developer/Xcode/DerivedData/SciTechHub-csrdwtxzhiubdrguqvixugviakdk/Build/Products/Debug-iphonesimulator/SciTechHub.app/GoogleUtilities_GoogleUtilities-Logger.bundle -scanforprivacyfile /Users/mahhhia/Library/Developer/Xcode/DerivedData/SciTechHub-csrdwtxzhiubdrguqvixugviakdk/Build/Products/Debug-iphonesimulator/SciTechHub.app/GoogleUtilities_GoogleUtilities-MethodSwizzler.bundle -scanforprivacyfile /Users/mahhhia/Library/Developer/Xcode/DerivedData/SciTechHub-csrdwtxzhiubdrguqvixugviakdk/Build/Products/Debug-iphonesimulator/SciTechHub.app/GoogleUtilities_GoogleUtilities-NSData.bundle -scanforprivacyfile /Users/mahhhia/Library/Developer/Xcode/DerivedData/SciTechHub-csrdwtxzhiubdrguqvixugviakdk/Build/Products/Debug-iphonesimulator/SciTechHub.app/GoogleUtilities_GoogleUtilities-Network.bundle -scanforprivacyfile /Users/mahhhia/Library/Developer/Xcode/DerivedData/SciTechHub-csrdwtxzhiubdrguqvixugviakdk/Build/Products/Debug-iphonesimulator/SciTechHub.app/GoogleUtilities_GoogleUtilities-Reachability.bundle -scanforprivacyfile /Users/mahhhia/Library/Developer/Xcode/DerivedData/SciTechHub-csrdwtxzhiubdrguqvixugviakdk/Build/Products/Debug-iphonesimulator/SciTechHub.app/GoogleUtilities_GoogleUtilities-UserDefaults.bundle -scanforprivacyfile /Users/mahhhia/Library/Developer/Xcode/DerivedData/SciTechHub-csrdwtxzhiubdrguqvixugviakdk/Build/Products/Debug-iphonesimulator/SciTechHub.app/Promises_FBLPromises.bundle -scanforprivacyfile /Users/mahhhia/Library/Developer/Xcode/DerivedData/SciTechHub-csrdwtxzhiubdrguqvixugviakdk/Build/Products/Debug-iphonesimulator/SciTechHub.app/abseil_abslWrapper.bundle -scanforprivacyfile /Users/mahhhia/Library/Developer/Xcode/DerivedData/SciTechHub-csrdwtxzhiubdrguqvixugviakdk/Build/Products/Debug-iphonesimulator/SciTechHub.app/gRPC_grpcWrapper.bundle -scanforprivacyfile /Users/mahhhia/Library/Developer/Xcode/DerivedData/SciTechHub-csrdwtxzhiubdrguqvixugviakdk/Build/Products/Debug-iphonesimulator/SciTechHub.app/gRPC_grpcppWrapper.bundle -scanforprivacyfile /Users/mahhhia/Library/Developer/Xcode/DerivedData/SciTechHub-csrdwtxzhiubdrguqvixugviakdk/Build/Products/Debug-iphonesimulator/SciTechHub.app/gRPC_opensslWrapper.bundle -scanforprivacyfile /Users/mahhhia/Library/Developer/Xcode/DerivedData/SciTechHub-csrdwtxzhiubdrguqvixugviakdk/Build/Products/Debug-iphonesimulator/SciTechHub.app/leveldb_leveldb.bundle -scanforprivacyfile /Users/mahhhia/Library/Developer/Xcode/DerivedData/SciTechHub-csrdwtxzhiubdrguqvixugviakdk/Build/Products/Debug-iphonesimulator/SciTechHub.app/nanopb_nanopb.bundle -o /Users/mahhhia/Library/Developer/Xcode/DerivedData/SciTechHub-csrdwtxzhiubdrguqvixugviakdk/Build/Products/Debug-iphonesimulator/SciTechHub.app/Info.plist

CreateUniversalBinary /Users/mahhhia/Library/Developer/Xcode/DerivedData/SciTechHub-csrdwtxzhiubdrguqvixugviakdk/Build/Products/Debug-iphonesimulator/SciTechHub.app/SciTechHub.debug.dylib normal arm64\ x86_64 (in target 'SciTechHub' from project 'SciTechHub')
    cd /Users/mahhhia/Documents/SciTechHub
    /Applications/Xcode.app/Contents/Developer/Toolchains/XcodeDefault.xctoolchain/usr/bin/lipo -create /Users/mahhhia/Library/Developer/Xcode/DerivedData/SciTechHub-csrdwtxzhiubdrguqvixugviakdk/Build/Intermediates.noindex/SciTechHub.build/Debug-iphonesimulator/SciTechHub.build/Objects-normal/arm64/Binary/SciTechHub.debug.dylib /Users/mahhhia/Library/Developer/Xcode/DerivedData/SciTechHub-csrdwtxzhiubdrguqvixugviakdk/Build/Intermediates.noindex/SciTechHub.build/Debug-iphonesimulator/SciTechHub.build/Objects-normal/x86_64/Binary/SciTechHub.debug.dylib -output /Users/mahhhia/Library/Developer/Xcode/DerivedData/SciTechHub-csrdwtxzhiubdrguqvixugviakdk/Build/Products/Debug-iphonesimulator/SciTechHub.app/SciTechHub.debug.dylib

ConstructStubExecutorLinkFileList /Users/mahhhia/Library/Developer/Xcode/DerivedData/SciTechHub-csrdwtxzhiubdrguqvixugviakdk/Build/Intermediates.noindex/SciTechHub.build/Debug-iphonesimulator/SciTechHub.build/SciTechHub-ExecutorLinkFileList-normal-arm64.txt (in target 'SciTechHub' from project 'SciTechHub')
    cd /Users/mahhhia/Documents/SciTechHub
    construct-stub-executor-link-file-list /Users/mahhhia/Library/Developer/Xcode/DerivedData/SciTechHub-csrdwtxzhiubdrguqvixugviakdk/Build/Intermediates.noindex/SciTechHub.build/Debug-iphonesimulator/SciTechHub.build/Objects-normal/arm64/Binary/SciTechHub.debug.dylib /Applications/Xcode.app/Contents/Developer/Platforms/iPhoneSimulator.platform/Developer/usr/lib/libPreviewsJITStubExecutor_no_swift_entry_point.a /Applications/Xcode.app/Contents/Developer/Platforms/iPhoneSimulator.platform/Developer/usr/lib/libPreviewsJITStubExecutor.a --output /Users/mahhhia/Library/Developer/Xcode/DerivedData/SciTechHub-csrdwtxzhiubdrguqvixugviakdk/Build/Intermediates.noindex/SciTechHub.build/Debug-iphonesimulator/SciTechHub.build/SciTechHub-ExecutorLinkFileList-normal-arm64.txt
note: Using stub executor library with Swift entry point. (in target 'SciTechHub' from project 'SciTechHub')

ConstructStubExecutorLinkFileList /Users/mahhhia/Library/Developer/Xcode/DerivedData/SciTechHub-csrdwtxzhiubdrguqvixugviakdk/Build/Intermediates.noindex/SciTechHub.build/Debug-iphonesimulator/SciTechHub.build/SciTechHub-ExecutorLinkFileList-normal-x86_64.txt (in target 'SciTechHub' from project 'SciTechHub')
    cd /Users/mahhhia/Documents/SciTechHub
    construct-stub-executor-link-file-list /Users/mahhhia/Library/Developer/Xcode/DerivedData/SciTechHub-csrdwtxzhiubdrguqvixugviakdk/Build/Intermediates.noindex/SciTechHub.build/Debug-iphonesimulator/SciTechHub.build/Objects-normal/x86_64/Binary/SciTechHub.debug.dylib /Applications/Xcode.app/Contents/Developer/Platforms/iPhoneSimulator.platform/Developer/usr/lib/libPreviewsJITStubExecutor_no_swift_entry_point.a /Applications/Xcode.app/Contents/Developer/Platforms/iPhoneSimulator.platform/Developer/usr/lib/libPreviewsJITStubExecutor.a --output /Users/mahhhia/Library/Developer/Xcode/DerivedData/SciTechHub-csrdwtxzhiubdrguqvixugviakdk/Build/Intermediates.noindex/SciTechHub.build/Debug-iphonesimulator/SciTechHub.build/SciTechHub-ExecutorLinkFileList-normal-x86_64.txt
note: Using stub executor library with Swift entry point. (in target 'SciTechHub' from project 'SciTechHub')

Ld /Users/mahhhia/Library/Developer/Xcode/DerivedData/SciTechHub-csrdwtxzhiubdrguqvixugviakdk/Build/Intermediates.noindex/SciTechHub.build/Debug-iphonesimulator/SciTechHub.build/Objects-normal/x86_64/Binary/SciTechHub normal x86_64 (in target 'SciTechHub' from project 'SciTechHub')
    cd /Users/mahhhia/Documents/SciTechHub
    /Applications/Xcode.app/Contents/Developer/Toolchains/XcodeDefault.xctoolchain/usr/bin/clang -Xlinker -reproducible -target x86_64-apple-ios16.6-simulator -isysroot /Applications/Xcode.app/Contents/Developer/Platforms/iPhoneSimulator.platform/Developer/SDKs/iPhoneSimulator26.4.sdk -O0 -L/Users/mahhhia/Library/Developer/Xcode/DerivedData/SciTechHub-csrdwtxzhiubdrguqvixugviakdk/Build/Products/Debug-iphonesimulator -F/Users/mahhhia/Library/Developer/Xcode/DerivedData/SciTechHub-csrdwtxzhiubdrguqvixugviakdk/Build/Products/Debug-iphonesimulator/PackageFrameworks -F/Users/mahhhia/Library/Developer/Xcode/DerivedData/SciTechHub-csrdwtxzhiubdrguqvixugviakdk/Build/Products/Debug-iphonesimulator/PackageFrameworks -F/Users/mahhhia/Library/Developer/Xcode/DerivedData/SciTechHub-csrdwtxzhiubdrguqvixugviakdk/Build/Products/Debug-iphonesimulator/PackageFrameworks -F/Users/mahhhia/Library/Developer/Xcode/DerivedData/SciTechHub-csrdwtxzhiubdrguqvixugviakdk/Build/Products/Debug-iphonesimulator/PackageFrameworks -F/Users/mahhhia/Library/Developer/Xcode/DerivedData/SciTechHub-csrdwtxzhiubdrguqvixugviakdk/Build/Products/Debug-iphonesimulator/PackageFrameworks -F/Users/mahhhia/Library/Developer/Xcode/DerivedData/SciTechHub-csrdwtxzhiubdrguqvixugviakdk/Build/Products/Debug-iphonesimulator/PackageFrameworks -F/Users/mahhhia/Library/Developer/Xcode/DerivedData/SciTechHub-csrdwtxzhiubdrguqvixugviakdk/Build/Products/Debug-iphonesimulator/PackageFrameworks -F/Users/mahhhia/Library/Developer/Xcode/DerivedData/SciTechHub-csrdwtxzhiubdrguqvixugviakdk/Build/Products/Debug-iphonesimulator/PackageFrameworks -F/Users/mahhhia/Library/Developer/Xcode/DerivedData/SciTechHub-csrdwtxzhiubdrguqvixugviakdk/Build/Products/Debug-iphonesimulator/PackageFrameworks -F/Users/mahhhia/Library/Developer/Xcode/DerivedData/SciTechHub-csrdwtxzhiubdrguqvixugviakdk/Build/Products/Debug-iphonesimulator/PackageFrameworks -F/Users/mahhhia/Library/Developer/Xcode/DerivedData/SciTechHub-csrdwtxzhiubdrguqvixugviakdk/Build/Products/Debug-iphonesimulator/PackageFrameworks -F/Users/mahhhia/Library/Developer/Xcode/DerivedData/SciTechHub-csrdwtxzhiubdrguqvixugviakdk/Build/Products/Debug-iphonesimulator/PackageFrameworks -F/Users/mahhhia/Library/Developer/Xcode/DerivedData/SciTechHub-csrdwtxzhiubdrguqvixugviakdk/Build/Products/Debug-iphonesimulator/PackageFrameworks -F/Users/mahhhia/Library/Developer/Xcode/DerivedData/SciTechHub-csrdwtxzhiubdrguqvixugviakdk/Build/Products/Debug-iphonesimulator/PackageFrameworks -F/Users/mahhhia/Library/Developer/Xcode/DerivedData/SciTechHub-csrdwtxzhiubdrguqvixugviakdk/Build/Products/Debug-iphonesimulator/PackageFrameworks -F/Users/mahhhia/Library/Developer/Xcode/DerivedData/SciTechHub-csrdwtxzhiubdrguqvixugviakdk/Build/Products/Debug-iphonesimulator/PackageFrameworks -F/Users/mahhhia/Library/Developer/Xcode/DerivedData/SciTechHub-csrdwtxzhiubdrguqvixugviakdk/Build/Products/Debug-iphonesimulator/PackageFrameworks -F/Users/mahhhia/Library/Developer/Xcode/DerivedData/SciTechHub-csrdwtxzhiubdrguqvixugviakdk/Build/Products/Debug-iphonesimulator/PackageFrameworks -F/Users/mahhhia/Library/Developer/Xcode/DerivedData/SciTechHub-csrdwtxzhiubdrguqvixugviakdk/Build/Products/Debug-iphonesimulator/PackageFrameworks -F/Users/mahhhia/Library/Developer/Xcode/DerivedData/SciTechHub-csrdwtxzhiubdrguqvixugviakdk/Build/Products/Debug-iphonesimulator/PackageFrameworks -F/Users/mahhhia/Library/Developer/Xcode/DerivedData/SciTechHub-csrdwtxzhiubdrguqvixugviakdk/Build/Products/Debug-iphonesimulator/PackageFrameworks -F/Users/mahhhia/Library/Developer/Xcode/DerivedData/SciTechHub-csrdwtxzhiubdrguqvixugviakdk/Build/Products/Debug-iphonesimulator/PackageFrameworks -F/Users/mahhhia/Library/Developer/Xcode/DerivedData/SciTechHub-csrdwtxzhiubdrguqvixugviakdk/Build/Products/Debug-iphonesimulator/PackageFrameworks -F/Users/mahhhia/Library/Developer/Xcode/DerivedData/SciTechHub-csrdwtxzhiubdrguqvixugviakdk/Build/Products/Debug-iphonesimulator/PackageFrameworks -F/Users/mahhhia/Library/Developer/Xcode/DerivedData/SciTechHub-csrdwtxzhiubdrguqvixugviakdk/Build/Products/Debug-iphonesimulator/PackageFrameworks -F/Users/mahhhia/Library/Developer/Xcode/DerivedData/SciTechHub-csrdwtxzhiubdrguqvixugviakdk/Build/Products/Debug-iphonesimulator/PackageFrameworks -F/Users/mahhhia/Library/Developer/Xcode/DerivedData/SciTechHub-csrdwtxzhiubdrguqvixugviakdk/Build/Products/Debug-iphonesimulator/PackageFrameworks -F/Users/mahhhia/Library/Developer/Xcode/DerivedData/SciTechHub-csrdwtxzhiubdrguqvixugviakdk/Build/Products/Debug-iphonesimulator/PackageFrameworks -F/Users/mahhhia/Library/Developer/Xcode/DerivedData/SciTechHub-csrdwtxzhiubdrguqvixugviakdk/Build/Products/Debug-iphonesimulator/PackageFrameworks -F/Users/mahhhia/Library/Developer/Xcode/DerivedData/SciTechHub-csrdwtxzhiubdrguqvixugviakdk/Build/Products/Debug-iphonesimulator/PackageFrameworks -F/Users/mahhhia/Library/Developer/Xcode/DerivedData/SciTechHub-csrdwtxzhiubdrguqvixugviakdk/Build/Products/Debug-iphonesimulator/PackageFrameworks -F/Users/mahhhia/Library/Developer/Xcode/DerivedData/SciTechHub-csrdwtxzhiubdrguqvixugviakdk/Build/Products/Debug-iphonesimulator/PackageFrameworks -F/Users/mahhhia/Library/Developer/Xcode/DerivedData/SciTechHub-csrdwtxzhiubdrguqvixugviakdk/Build/Products/Debug-iphonesimulator/PackageFrameworks -F/Users/mahhhia/Library/Developer/Xcode/DerivedData/SciTechHub-csrdwtxzhiubdrguqvixugviakdk/Build/Products/Debug-iphonesimulator/PackageFrameworks -F/Users/mahhhia/Library/Developer/Xcode/DerivedData/SciTechHub-csrdwtxzhiubdrguqvixugviakdk/Build/Products/Debug-iphonesimulator/PackageFrameworks -F/Users/mahhhia/Library/Developer/Xcode/DerivedData/SciTechHub-csrdwtxzhiubdrguqvixugviakdk/Build/Products/Debug-iphonesimulator/PackageFrameworks -F/Users/mahhhia/Library/Developer/Xcode/DerivedData/SciTechHub-csrdwtxzhiubdrguqvixugviakdk/Build/Products/Debug-iphonesimulator -Xlinker -rpath -Xlinker @executable_path -Xlinker -rpath -Xlinker /Users/mahhhia/Library/Developer/Xcode/DerivedData/SciTechHub-csrdwtxzhiubdrguqvixugviakdk/Build/Products/Debug-iphonesimulator/PackageFrameworks -Xlinker -rpath -Xlinker @executable_path/Frameworks -rdynamic -Xlinker -no_deduplicate -Xlinker -objc_abi_version -Xlinker 2 -Xlinker -debug_variant -e ___debug_blank_executor_main -Xlinker -sectcreate -Xlinker __TEXT -Xlinker __debug_dylib -Xlinker /Users/mahhhia/Library/Developer/Xcode/DerivedData/SciTechHub-csrdwtxzhiubdrguqvixugviakdk/Build/Intermediates.noindex/SciTechHub.build/Debug-iphonesimulator/SciTechHub.build/SciTechHub-DebugDylibPath-normal-x86_64.txt -Xlinker -sectcreate -Xlinker __TEXT -Xlinker __debug_instlnm -Xlinker /Users/mahhhia/Library/Developer/Xcode/DerivedData/SciTechHub-csrdwtxzhiubdrguqvixugviakdk/Build/Intermediates.noindex/SciTechHub.build/Debug-iphonesimulator/SciTechHub.build/SciTechHub-DebugDylibInstallName-normal-x86_64.txt -Xlinker -filelist -Xlinker /Users/mahhhia/Library/Developer/Xcode/DerivedData/SciTechHub-csrdwtxzhiubdrguqvixugviakdk/Build/Intermediates.noindex/SciTechHub.build/Debug-iphonesimulator/SciTechHub.build/SciTechHub-ExecutorLinkFileList-normal-x86_64.txt /Users/mahhhia/Library/Developer/Xcode/DerivedData/SciTechHub-csrdwtxzhiubdrguqvixugviakdk/Build/Intermediates.noindex/SciTechHub.build/Debug-iphonesimulator/SciTechHub.build/Objects-normal/x86_64/Binary/SciTechHub.debug.dylib -o /Users/mahhhia/Library/Developer/Xcode/DerivedData/SciTechHub-csrdwtxzhiubdrguqvixugviakdk/Build/Intermediates.noindex/SciTechHub.build/Debug-iphonesimulator/SciTechHub.build/Objects-normal/x86_64/Binary/SciTechHub

Ld /Users/mahhhia/Library/Developer/Xcode/DerivedData/SciTechHub-csrdwtxzhiubdrguqvixugviakdk/Build/Intermediates.noindex/SciTechHub.build/Debug-iphonesimulator/SciTechHub.build/Objects-normal/arm64/Binary/SciTechHub normal arm64 (in target 'SciTechHub' from project 'SciTechHub')
    cd /Users/mahhhia/Documents/SciTechHub
    /Applications/Xcode.app/Contents/Developer/Toolchains/XcodeDefault.xctoolchain/usr/bin/clang -Xlinker -reproducible -target arm64-apple-ios16.6-simulator -isysroot /Applications/Xcode.app/Contents/Developer/Platforms/iPhoneSimulator.platform/Developer/SDKs/iPhoneSimulator26.4.sdk -O0 -L/Users/mahhhia/Library/Developer/Xcode/DerivedData/SciTechHub-csrdwtxzhiubdrguqvixugviakdk/Build/Products/Debug-iphonesimulator -F/Users/mahhhia/Library/Developer/Xcode/DerivedData/SciTechHub-csrdwtxzhiubdrguqvixugviakdk/Build/Products/Debug-iphonesimulator/PackageFrameworks -F/Users/mahhhia/Library/Developer/Xcode/DerivedData/SciTechHub-csrdwtxzhiubdrguqvixugviakdk/Build/Products/Debug-iphonesimulator/PackageFrameworks -F/Users/mahhhia/Library/Developer/Xcode/DerivedData/SciTechHub-csrdwtxzhiubdrguqvixugviakdk/Build/Products/Debug-iphonesimulator/PackageFrameworks -F/Users/mahhhia/Library/Developer/Xcode/DerivedData/SciTechHub-csrdwtxzhiubdrguqvixugviakdk/Build/Products/Debug-iphonesimulator/PackageFrameworks -F/Users/mahhhia/Library/Developer/Xcode/DerivedData/SciTechHub-csrdwtxzhiubdrguqvixugviakdk/Build/Products/Debug-iphonesimulator/PackageFrameworks -F/Users/mahhhia/Library/Developer/Xcode/DerivedData/SciTechHub-csrdwtxzhiubdrguqvixugviakdk/Build/Products/Debug-iphonesimulator/PackageFrameworks -F/Users/mahhhia/Library/Developer/Xcode/DerivedData/SciTechHub-csrdwtxzhiubdrguqvixugviakdk/Build/Products/Debug-iphonesimulator/PackageFrameworks -F/Users/mahhhia/Library/Developer/Xcode/DerivedData/SciTechHub-csrdwtxzhiubdrguqvixugviakdk/Build/Products/Debug-iphonesimulator/PackageFrameworks -F/Users/mahhhia/Library/Developer/Xcode/DerivedData/SciTechHub-csrdwtxzhiubdrguqvixugviakdk/Build/Products/Debug-iphonesimulator/PackageFrameworks -F/Users/mahhhia/Library/Developer/Xcode/DerivedData/SciTechHub-csrdwtxzhiubdrguqvixugviakdk/Build/Products/Debug-iphonesimulator/PackageFrameworks -F/Users/mahhhia/Library/Developer/Xcode/DerivedData/SciTechHub-csrdwtxzhiubdrguqvixugviakdk/Build/Products/Debug-iphonesimulator/PackageFrameworks -F/Users/mahhhia/Library/Developer/Xcode/DerivedData/SciTechHub-csrdwtxzhiubdrguqvixugviakdk/Build/Products/Debug-iphonesimulator/PackageFrameworks -F/Users/mahhhia/Library/Developer/Xcode/DerivedData/SciTechHub-csrdwtxzhiubdrguqvixugviakdk/Build/Products/Debug-iphonesimulator/PackageFrameworks -F/Users/mahhhia/Library/Developer/Xcode/DerivedData/SciTechHub-csrdwtxzhiubdrguqvixugviakdk/Build/Products/Debug-iphonesimulator/PackageFrameworks -F/Users/mahhhia/Library/Developer/Xcode/DerivedData/SciTechHub-csrdwtxzhiubdrguqvixugviakdk/Build/Products/Debug-iphonesimulator/PackageFrameworks -F/Users/mahhhia/Library/Developer/Xcode/DerivedData/SciTechHub-csrdwtxzhiubdrguqvixugviakdk/Build/Products/Debug-iphonesimulator/PackageFrameworks -F/Users/mahhhia/Library/Developer/Xcode/DerivedData/SciTechHub-csrdwtxzhiubdrguqvixugviakdk/Build/Products/Debug-iphonesimulator/PackageFrameworks -F/Users/mahhhia/Library/Developer/Xcode/DerivedData/SciTechHub-csrdwtxzhiubdrguqvixugviakdk/Build/Products/Debug-iphonesimulator/PackageFrameworks -F/Users/mahhhia/Library/Developer/Xcode/DerivedData/SciTechHub-csrdwtxzhiubdrguqvixugviakdk/Build/Products/Debug-iphonesimulator/PackageFrameworks -F/Users/mahhhia/Library/Developer/Xcode/DerivedData/SciTechHub-csrdwtxzhiubdrguqvixugviakdk/Build/Products/Debug-iphonesimulator/PackageFrameworks -F/Users/mahhhia/Library/Developer/Xcode/DerivedData/SciTechHub-csrdwtxzhiubdrguqvixugviakdk/Build/Products/Debug-iphonesimulator/PackageFrameworks -F/Users/mahhhia/Library/Developer/Xcode/DerivedData/SciTechHub-csrdwtxzhiubdrguqvixugviakdk/Build/Products/Debug-iphonesimulator/PackageFrameworks -F/Users/mahhhia/Library/Developer/Xcode/DerivedData/SciTechHub-csrdwtxzhiubdrguqvixugviakdk/Build/Products/Debug-iphonesimulator/PackageFrameworks -F/Users/mahhhia/Library/Developer/Xcode/DerivedData/SciTechHub-csrdwtxzhiubdrguqvixugviakdk/Build/Products/Debug-iphonesimulator/PackageFrameworks -F/Users/mahhhia/Library/Developer/Xcode/DerivedData/SciTechHub-csrdwtxzhiubdrguqvixugviakdk/Build/Products/Debug-iphonesimulator/PackageFrameworks -F/Users/mahhhia/Library/Developer/Xcode/DerivedData/SciTechHub-csrdwtxzhiubdrguqvixugviakdk/Build/Products/Debug-iphonesimulator/PackageFrameworks -F/Users/mahhhia/Library/Developer/Xcode/DerivedData/SciTechHub-csrdwtxzhiubdrguqvixugviakdk/Build/Products/Debug-iphonesimulator/PackageFrameworks -F/Users/mahhhia/Library/Developer/Xcode/DerivedData/SciTechHub-csrdwtxzhiubdrguqvixugviakdk/Build/Products/Debug-iphonesimulator/PackageFrameworks -F/Users/mahhhia/Library/Developer/Xcode/DerivedData/SciTechHub-csrdwtxzhiubdrguqvixugviakdk/Build/Products/Debug-iphonesimulator/PackageFrameworks -F/Users/mahhhia/Library/Developer/Xcode/DerivedData/SciTechHub-csrdwtxzhiubdrguqvixugviakdk/Build/Products/Debug-iphonesimulator/PackageFrameworks -F/Users/mahhhia/Library/Developer/Xcode/DerivedData/SciTechHub-csrdwtxzhiubdrguqvixugviakdk/Build/Products/Debug-iphonesimulator/PackageFrameworks -F/Users/mahhhia/Library/Developer/Xcode/DerivedData/SciTechHub-csrdwtxzhiubdrguqvixugviakdk/Build/Products/Debug-iphonesimulator/PackageFrameworks -F/Users/mahhhia/Library/Developer/Xcode/DerivedData/SciTechHub-csrdwtxzhiubdrguqvixugviakdk/Build/Products/Debug-iphonesimulator/PackageFrameworks -F/Users/mahhhia/Library/Developer/Xcode/DerivedData/SciTechHub-csrdwtxzhiubdrguqvixugviakdk/Build/Products/Debug-iphonesimulator/PackageFrameworks -F/Users/mahhhia/Library/Developer/Xcode/DerivedData/SciTechHub-csrdwtxzhiubdrguqvixugviakdk/Build/Products/Debug-iphonesimulator/PackageFrameworks -F/Users/mahhhia/Library/Developer/Xcode/DerivedData/SciTechHub-csrdwtxzhiubdrguqvixugviakdk/Build/Products/Debug-iphonesimulator/PackageFrameworks -F/Users/mahhhia/Library/Developer/Xcode/DerivedData/SciTechHub-csrdwtxzhiubdrguqvixugviakdk/Build/Products/Debug-iphonesimulator -Xlinker -rpath -Xlinker @executable_path -Xlinker -rpath -Xlinker /Users/mahhhia/Library/Developer/Xcode/DerivedData/SciTechHub-csrdwtxzhiubdrguqvixugviakdk/Build/Products/Debug-iphonesimulator/PackageFrameworks -Xlinker -rpath -Xlinker @executable_path/Frameworks -rdynamic -Xlinker -no_deduplicate -Xlinker -objc_abi_version -Xlinker 2 -Xlinker -debug_variant -e ___debug_blank_executor_main -Xlinker -sectcreate -Xlinker __TEXT -Xlinker __debug_dylib -Xlinker /Users/mahhhia/Library/Developer/Xcode/DerivedData/SciTechHub-csrdwtxzhiubdrguqvixugviakdk/Build/Intermediates.noindex/SciTechHub.build/Debug-iphonesimulator/SciTechHub.build/SciTechHub-DebugDylibPath-normal-arm64.txt -Xlinker -sectcreate -Xlinker __TEXT -Xlinker __debug_instlnm -Xlinker /Users/mahhhia/Library/Developer/Xcode/DerivedData/SciTechHub-csrdwtxzhiubdrguqvixugviakdk/Build/Intermediates.noindex/SciTechHub.build/Debug-iphonesimulator/SciTechHub.build/SciTechHub-DebugDylibInstallName-normal-arm64.txt -Xlinker -filelist -Xlinker /Users/mahhhia/Library/Developer/Xcode/DerivedData/SciTechHub-csrdwtxzhiubdrguqvixugviakdk/Build/Intermediates.noindex/SciTechHub.build/Debug-iphonesimulator/SciTechHub.build/SciTechHub-ExecutorLinkFileList-normal-arm64.txt /Users/mahhhia/Library/Developer/Xcode/DerivedData/SciTechHub-csrdwtxzhiubdrguqvixugviakdk/Build/Intermediates.noindex/SciTechHub.build/Debug-iphonesimulator/SciTechHub.build/Objects-normal/arm64/Binary/SciTechHub.debug.dylib -o /Users/mahhhia/Library/Developer/Xcode/DerivedData/SciTechHub-csrdwtxzhiubdrguqvixugviakdk/Build/Intermediates.noindex/SciTechHub.build/Debug-iphonesimulator/SciTechHub.build/Objects-normal/arm64/Binary/SciTechHub

CreateUniversalBinary /Users/mahhhia/Library/Developer/Xcode/DerivedData/SciTechHub-csrdwtxzhiubdrguqvixugviakdk/Build/Products/Debug-iphonesimulator/SciTechHub.app/SciTechHub normal arm64\ x86_64 (in target 'SciTechHub' from project 'SciTechHub')
    cd /Users/mahhhia/Documents/SciTechHub
    /Applications/Xcode.app/Contents/Developer/Toolchains/XcodeDefault.xctoolchain/usr/bin/lipo -create /Users/mahhhia/Library/Developer/Xcode/DerivedData/SciTechHub-csrdwtxzhiubdrguqvixugviakdk/Build/Intermediates.noindex/SciTechHub.build/Debug-iphonesimulator/SciTechHub.build/Objects-normal/arm64/Binary/SciTechHub /Users/mahhhia/Library/Developer/Xcode/DerivedData/SciTechHub-csrdwtxzhiubdrguqvixugviakdk/Build/Intermediates.noindex/SciTechHub.build/Debug-iphonesimulator/SciTechHub.build/Objects-normal/x86_64/Binary/SciTechHub -output /Users/mahhhia/Library/Developer/Xcode/DerivedData/SciTechHub-csrdwtxzhiubdrguqvixugviakdk/Build/Products/Debug-iphonesimulator/SciTechHub.app/SciTechHub

CopySwiftLibs /Users/mahhhia/Library/Developer/Xcode/DerivedData/SciTechHub-csrdwtxzhiubdrguqvixugviakdk/Build/Products/Debug-iphonesimulator/SciTechHub.app (in target 'SciTechHub' from project 'SciTechHub')
    cd /Users/mahhhia/Documents/SciTechHub
    builtin-swiftStdLibTool --copy --verbose --scan-executable /Users/mahhhia/Library/Developer/Xcode/DerivedData/SciTechHub-csrdwtxzhiubdrguqvixugviakdk/Build/Products/Debug-iphonesimulator/SciTechHub.app/SciTechHub.debug.dylib --scan-folder /Users/mahhhia/Library/Developer/Xcode/DerivedData/SciTechHub-csrdwtxzhiubdrguqvixugviakdk/Build/Products/Debug-iphonesimulator/SciTechHub.app/Frameworks --scan-folder /Users/mahhhia/Library/Developer/Xcode/DerivedData/SciTechHub-csrdwtxzhiubdrguqvixugviakdk/Build/Products/Debug-iphonesimulator/SciTechHub.app/PlugIns --scan-folder /Users/mahhhia/Library/Developer/Xcode/DerivedData/SciTechHub-csrdwtxzhiubdrguqvixugviakdk/Build/Products/Debug-iphonesimulator/SciTechHub.app/SystemExtensions --scan-folder /Users/mahhhia/Library/Developer/Xcode/DerivedData/SciTechHub-csrdwtxzhiubdrguqvixugviakdk/Build/Products/Debug-iphonesimulator/SciTechHub.app/Extensions --platform iphonesimulator --toolchain /Applications/Xcode.app/Contents/Developer/Toolchains/XcodeDefault.xctoolchain --destination /Users/mahhhia/Library/Developer/Xcode/DerivedData/SciTechHub-csrdwtxzhiubdrguqvixugviakdk/Build/Products/Debug-iphonesimulator/SciTechHub.app/Frameworks --strip-bitcode --strip-bitcode-tool /Applications/Xcode.app/Contents/Developer/Toolchains/XcodeDefault.xctoolchain/usr/bin/bitcode_strip --emit-dependency-info /Users/mahhhia/Library/Developer/Xcode/DerivedData/SciTechHub-csrdwtxzhiubdrguqvixugviakdk/Build/Intermediates.noindex/SciTechHub.build/Debug-iphonesimulator/SciTechHub.build/SwiftStdLibToolInputDependencies.dep --filter-for-swift-os --back-deploy-swift-span
Ignoring --strip-bitcode because --sign was not passed

ExtractAppIntentsMetadata (in target 'SciTechHub' from project 'SciTechHub')
    cd /Users/mahhhia/Documents/SciTechHub
    /Applications/Xcode.app/Contents/Developer/Toolchains/XcodeDefault.xctoolchain/usr/bin/appintentsmetadataprocessor --toolchain-dir /Applications/Xcode.app/Contents/Developer/Toolchains/XcodeDefault.xctoolchain --module-name SciTechHub --sdk-root /Applications/Xcode.app/Contents/Developer/Platforms/iPhoneSimulator.platform/Developer/SDKs/iPhoneSimulator26.4.sdk --xcode-version 17E202 --platform-family iOS --deployment-target 16.6 --bundle-identifier com.iosproject.SciTechHub --output /Users/mahhhia/Library/Developer/Xcode/DerivedData/SciTechHub-csrdwtxzhiubdrguqvixugviakdk/Build/Products/Debug-iphonesimulator/SciTechHub.app --target-triple arm64-apple-ios16.6-simulator --target-triple x86_64-apple-ios16.6-simulator --binary-file /Users/mahhhia/Library/Developer/Xcode/DerivedData/SciTechHub-csrdwtxzhiubdrguqvixugviakdk/Build/Products/Debug-iphonesimulator/SciTechHub.app/SciTechHub --dependency-file /Users/mahhhia/Library/Developer/Xcode/DerivedData/SciTechHub-csrdwtxzhiubdrguqvixugviakdk/Build/Intermediates.noindex/SciTechHub.build/Debug-iphonesimulator/SciTechHub.build/Objects-normal/arm64/SciTechHub_dependency_info.dat --dependency-file /Users/mahhhia/Library/Developer/Xcode/DerivedData/SciTechHub-csrdwtxzhiubdrguqvixugviakdk/Build/Intermediates.noindex/SciTechHub.build/Debug-iphonesimulator/SciTechHub.build/Objects-normal/x86_64/SciTechHub_dependency_info.dat --stringsdata-file /Users/mahhhia/Library/Developer/Xcode/DerivedData/SciTechHub-csrdwtxzhiubdrguqvixugviakdk/Build/Intermediates.noindex/SciTechHub.build/Debug-iphonesimulator/SciTechHub.build/Objects-normal/arm64/ExtractedAppShortcutsMetadata.stringsdata --stringsdata-file /Users/mahhhia/Library/Developer/Xcode/DerivedData/SciTechHub-csrdwtxzhiubdrguqvixugviakdk/Build/Intermediates.noindex/SciTechHub.build/Debug-iphonesimulator/SciTechHub.build/Objects-normal/x86_64/ExtractedAppShortcutsMetadata.stringsdata --source-file-list /Users/mahhhia/Library/Developer/Xcode/DerivedData/SciTechHub-csrdwtxzhiubdrguqvixugviakdk/Build/Intermediates.noindex/SciTechHub.build/Debug-iphonesimulator/SciTechHub.build/Objects-normal/arm64/SciTechHub.SwiftFileList --source-file-list /Users/mahhhia/Library/Developer/Xcode/DerivedData/SciTechHub-csrdwtxzhiubdrguqvixugviakdk/Build/Intermediates.noindex/SciTechHub.build/Debug-iphonesimulator/SciTechHub.build/Objects-normal/x86_64/SciTechHub.SwiftFileList --metadata-file-list /Users/mahhhia/Library/Developer/Xcode/DerivedData/SciTechHub-csrdwtxzhiubdrguqvixugviakdk/Build/Intermediates.noindex/SciTechHub.build/Debug-iphonesimulator/SciTechHub.build/SciTechHub.DependencyMetadataFileList --static-metadata-file-list /Users/mahhhia/Library/Developer/Xcode/DerivedData/SciTechHub-csrdwtxzhiubdrguqvixugviakdk/Build/Intermediates.noindex/SciTechHub.build/Debug-iphonesimulator/SciTechHub.build/SciTechHub.DependencyStaticMetadataFileList --swift-const-vals-list /Users/mahhhia/Library/Developer/Xcode/DerivedData/SciTechHub-csrdwtxzhiubdrguqvixugviakdk/Build/Intermediates.noindex/SciTechHub.build/Debug-iphonesimulator/SciTechHub.build/Objects-normal/arm64/SciTechHub.SwiftConstValuesFileList --swift-const-vals-list /Users/mahhhia/Library/Developer/Xcode/DerivedData/SciTechHub-csrdwtxzhiubdrguqvixugviakdk/Build/Intermediates.noindex/SciTechHub.build/Debug-iphonesimulator/SciTechHub.build/Objects-normal/x86_64/SciTechHub.SwiftConstValuesFileList --compile-time-extraction --deployment-aware-processing --validate-assistant-intents --no-app-shortcuts-localization
2026-04-20 23:45:22.505 appintentsmetadataprocessor[39142:492194] Starting appintentsmetadataprocessor export
2026-04-20 23:45:22.507 appintentsmetadataprocessor[39142:492194] warning: Metadata extraction skipped. No AppIntents.framework dependency found.

** BUILD SUCCEEDED **

